ARM GAS  C:\Users\joabk\AppData\Local\Temp\cc4HsLQ9.s 			page 1


   1              		.cpu cortex-m4
   2              		.arch armv7e-m
   3              		.fpu fpv4-sp-d16
   4              		.eabi_attribute 27, 1
   5              		.eabi_attribute 28, 1
   6              		.eabi_attribute 20, 1
   7              		.eabi_attribute 21, 1
   8              		.eabi_attribute 23, 3
   9              		.eabi_attribute 24, 1
  10              		.eabi_attribute 25, 1
  11              		.eabi_attribute 26, 1
  12              		.eabi_attribute 30, 1
  13              		.eabi_attribute 34, 1
  14              		.eabi_attribute 18, 4
  15              		.file	"stm32f4xx_hal_msp.c"
  16              		.text
  17              	.Ltext0:
  18              		.cfi_sections	.debug_frame
  19              		.file 1 "Core/Src/stm32f4xx_hal_msp.c"
  20              		.section	.text.HAL_MspInit,"ax",%progbits
  21              		.align	1
  22              		.global	HAL_MspInit
  23              		.syntax unified
  24              		.thumb
  25              		.thumb_func
  27              	HAL_MspInit:
  28              	.LFB134:
   1:Core/Src/stm32f4xx_hal_msp.c **** /* USER CODE BEGIN Header */
   2:Core/Src/stm32f4xx_hal_msp.c **** /**
   3:Core/Src/stm32f4xx_hal_msp.c ****   ******************************************************************************
   4:Core/Src/stm32f4xx_hal_msp.c ****   * @file         stm32f4xx_hal_msp.c
   5:Core/Src/stm32f4xx_hal_msp.c ****   * @brief        This file provides code for the MSP Initialization
   6:Core/Src/stm32f4xx_hal_msp.c ****   *               and de-Initialization codes.
   7:Core/Src/stm32f4xx_hal_msp.c ****   ******************************************************************************
   8:Core/Src/stm32f4xx_hal_msp.c ****   * @attention
   9:Core/Src/stm32f4xx_hal_msp.c ****   *
  10:Core/Src/stm32f4xx_hal_msp.c ****   * Copyright (c) 2026 STMicroelectronics.
  11:Core/Src/stm32f4xx_hal_msp.c ****   * All rights reserved.
  12:Core/Src/stm32f4xx_hal_msp.c ****   *
  13:Core/Src/stm32f4xx_hal_msp.c ****   * This software is licensed under terms that can be found in the LICENSE file
  14:Core/Src/stm32f4xx_hal_msp.c ****   * in the root directory of this software component.
  15:Core/Src/stm32f4xx_hal_msp.c ****   * If no LICENSE file comes with this software, it is provided AS-IS.
  16:Core/Src/stm32f4xx_hal_msp.c ****   *
  17:Core/Src/stm32f4xx_hal_msp.c ****   ******************************************************************************
  18:Core/Src/stm32f4xx_hal_msp.c ****   */
  19:Core/Src/stm32f4xx_hal_msp.c **** /* USER CODE END Header */
  20:Core/Src/stm32f4xx_hal_msp.c **** /* Includes ------------------------------------------------------------------*/
  21:Core/Src/stm32f4xx_hal_msp.c **** #include "main.h"
  22:Core/Src/stm32f4xx_hal_msp.c **** /* USER CODE BEGIN Includes */
  23:Core/Src/stm32f4xx_hal_msp.c **** 
  24:Core/Src/stm32f4xx_hal_msp.c **** /* USER CODE END Includes */
  25:Core/Src/stm32f4xx_hal_msp.c **** extern DMA_HandleTypeDef hdma_spi1_rx;
  26:Core/Src/stm32f4xx_hal_msp.c **** 
  27:Core/Src/stm32f4xx_hal_msp.c **** /* Private typedef -----------------------------------------------------------*/
  28:Core/Src/stm32f4xx_hal_msp.c **** /* USER CODE BEGIN TD */
  29:Core/Src/stm32f4xx_hal_msp.c **** 
  30:Core/Src/stm32f4xx_hal_msp.c **** /* USER CODE END TD */
ARM GAS  C:\Users\joabk\AppData\Local\Temp\cc4HsLQ9.s 			page 2


  31:Core/Src/stm32f4xx_hal_msp.c **** 
  32:Core/Src/stm32f4xx_hal_msp.c **** /* Private define ------------------------------------------------------------*/
  33:Core/Src/stm32f4xx_hal_msp.c **** /* USER CODE BEGIN Define */
  34:Core/Src/stm32f4xx_hal_msp.c **** 
  35:Core/Src/stm32f4xx_hal_msp.c **** /* USER CODE END Define */
  36:Core/Src/stm32f4xx_hal_msp.c **** 
  37:Core/Src/stm32f4xx_hal_msp.c **** /* Private macro -------------------------------------------------------------*/
  38:Core/Src/stm32f4xx_hal_msp.c **** /* USER CODE BEGIN Macro */
  39:Core/Src/stm32f4xx_hal_msp.c **** 
  40:Core/Src/stm32f4xx_hal_msp.c **** /* USER CODE END Macro */
  41:Core/Src/stm32f4xx_hal_msp.c **** 
  42:Core/Src/stm32f4xx_hal_msp.c **** /* Private variables ---------------------------------------------------------*/
  43:Core/Src/stm32f4xx_hal_msp.c **** /* USER CODE BEGIN PV */
  44:Core/Src/stm32f4xx_hal_msp.c **** 
  45:Core/Src/stm32f4xx_hal_msp.c **** /* USER CODE END PV */
  46:Core/Src/stm32f4xx_hal_msp.c **** 
  47:Core/Src/stm32f4xx_hal_msp.c **** /* Private function prototypes -----------------------------------------------*/
  48:Core/Src/stm32f4xx_hal_msp.c **** /* USER CODE BEGIN PFP */
  49:Core/Src/stm32f4xx_hal_msp.c **** 
  50:Core/Src/stm32f4xx_hal_msp.c **** /* USER CODE END PFP */
  51:Core/Src/stm32f4xx_hal_msp.c **** 
  52:Core/Src/stm32f4xx_hal_msp.c **** /* External functions --------------------------------------------------------*/
  53:Core/Src/stm32f4xx_hal_msp.c **** /* USER CODE BEGIN ExternalFunctions */
  54:Core/Src/stm32f4xx_hal_msp.c **** 
  55:Core/Src/stm32f4xx_hal_msp.c **** /* USER CODE END ExternalFunctions */
  56:Core/Src/stm32f4xx_hal_msp.c **** 
  57:Core/Src/stm32f4xx_hal_msp.c **** /* USER CODE BEGIN 0 */
  58:Core/Src/stm32f4xx_hal_msp.c **** 
  59:Core/Src/stm32f4xx_hal_msp.c **** /* USER CODE END 0 */
  60:Core/Src/stm32f4xx_hal_msp.c **** /**
  61:Core/Src/stm32f4xx_hal_msp.c ****   * Initializes the Global MSP.
  62:Core/Src/stm32f4xx_hal_msp.c ****   */
  63:Core/Src/stm32f4xx_hal_msp.c **** void HAL_MspInit(void)
  64:Core/Src/stm32f4xx_hal_msp.c **** {
  29              		.loc 1 64 1 view -0
  30              		.cfi_startproc
  31              		@ args = 0, pretend = 0, frame = 8
  32              		@ frame_needed = 0, uses_anonymous_args = 0
  33              		@ link register save eliminated.
  34 0000 82B0     		sub	sp, sp, #8
  35              		.cfi_def_cfa_offset 8
  65:Core/Src/stm32f4xx_hal_msp.c **** 
  66:Core/Src/stm32f4xx_hal_msp.c ****   /* USER CODE BEGIN MspInit 0 */
  67:Core/Src/stm32f4xx_hal_msp.c **** 
  68:Core/Src/stm32f4xx_hal_msp.c ****   /* USER CODE END MspInit 0 */
  69:Core/Src/stm32f4xx_hal_msp.c **** 
  70:Core/Src/stm32f4xx_hal_msp.c ****   __HAL_RCC_SYSCFG_CLK_ENABLE();
  36              		.loc 1 70 3 view .LVU1
  37              	.LBB2:
  38              		.loc 1 70 3 view .LVU2
  39 0002 0021     		movs	r1, #0
  40 0004 0091     		str	r1, [sp]
  41              		.loc 1 70 3 view .LVU3
  42 0006 0B4B     		ldr	r3, .L3
  43 0008 5A6C     		ldr	r2, [r3, #68]
  44 000a 42F48042 		orr	r2, r2, #16384
  45 000e 5A64     		str	r2, [r3, #68]
ARM GAS  C:\Users\joabk\AppData\Local\Temp\cc4HsLQ9.s 			page 3


  46              		.loc 1 70 3 view .LVU4
  47 0010 5A6C     		ldr	r2, [r3, #68]
  48 0012 02F48042 		and	r2, r2, #16384
  49 0016 0092     		str	r2, [sp]
  50              		.loc 1 70 3 view .LVU5
  51 0018 009A     		ldr	r2, [sp]
  52              	.LBE2:
  53              		.loc 1 70 3 view .LVU6
  71:Core/Src/stm32f4xx_hal_msp.c ****   __HAL_RCC_PWR_CLK_ENABLE();
  54              		.loc 1 71 3 view .LVU7
  55              	.LBB3:
  56              		.loc 1 71 3 view .LVU8
  57 001a 0191     		str	r1, [sp, #4]
  58              		.loc 1 71 3 view .LVU9
  59 001c 1A6C     		ldr	r2, [r3, #64]
  60 001e 42F08052 		orr	r2, r2, #268435456
  61 0022 1A64     		str	r2, [r3, #64]
  62              		.loc 1 71 3 view .LVU10
  63 0024 1B6C     		ldr	r3, [r3, #64]
  64 0026 03F08053 		and	r3, r3, #268435456
  65 002a 0193     		str	r3, [sp, #4]
  66              		.loc 1 71 3 view .LVU11
  67 002c 019B     		ldr	r3, [sp, #4]
  68              	.LBE3:
  69              		.loc 1 71 3 view .LVU12
  72:Core/Src/stm32f4xx_hal_msp.c **** 
  73:Core/Src/stm32f4xx_hal_msp.c ****   /* System interrupt init*/
  74:Core/Src/stm32f4xx_hal_msp.c **** 
  75:Core/Src/stm32f4xx_hal_msp.c ****   /* USER CODE BEGIN MspInit 1 */
  76:Core/Src/stm32f4xx_hal_msp.c **** 
  77:Core/Src/stm32f4xx_hal_msp.c ****   /* USER CODE END MspInit 1 */
  78:Core/Src/stm32f4xx_hal_msp.c **** }
  70              		.loc 1 78 1 is_stmt 0 view .LVU13
  71 002e 02B0     		add	sp, sp, #8
  72              		.cfi_def_cfa_offset 0
  73              		@ sp needed
  74 0030 7047     		bx	lr
  75              	.L4:
  76 0032 00BF     		.align	2
  77              	.L3:
  78 0034 00380240 		.word	1073887232
  79              		.cfi_endproc
  80              	.LFE134:
  82              		.section	.text.HAL_I2C_MspInit,"ax",%progbits
  83              		.align	1
  84              		.global	HAL_I2C_MspInit
  85              		.syntax unified
  86              		.thumb
  87              		.thumb_func
  89              	HAL_I2C_MspInit:
  90              	.LVL0:
  91              	.LFB135:
  79:Core/Src/stm32f4xx_hal_msp.c **** 
  80:Core/Src/stm32f4xx_hal_msp.c **** /**
  81:Core/Src/stm32f4xx_hal_msp.c ****   * @brief I2C MSP Initialization
  82:Core/Src/stm32f4xx_hal_msp.c ****   * This function configures the hardware resources used in this example
  83:Core/Src/stm32f4xx_hal_msp.c ****   * @param hi2c: I2C handle pointer
ARM GAS  C:\Users\joabk\AppData\Local\Temp\cc4HsLQ9.s 			page 4


  84:Core/Src/stm32f4xx_hal_msp.c ****   * @retval None
  85:Core/Src/stm32f4xx_hal_msp.c ****   */
  86:Core/Src/stm32f4xx_hal_msp.c **** void HAL_I2C_MspInit(I2C_HandleTypeDef* hi2c)
  87:Core/Src/stm32f4xx_hal_msp.c **** {
  92              		.loc 1 87 1 is_stmt 1 view -0
  93              		.cfi_startproc
  94              		@ args = 0, pretend = 0, frame = 48
  95              		@ frame_needed = 0, uses_anonymous_args = 0
  96              		.loc 1 87 1 is_stmt 0 view .LVU15
  97 0000 2DE9F041 		push	{r4, r5, r6, r7, r8, lr}
  98              		.cfi_def_cfa_offset 24
  99              		.cfi_offset 4, -24
 100              		.cfi_offset 5, -20
 101              		.cfi_offset 6, -16
 102              		.cfi_offset 7, -12
 103              		.cfi_offset 8, -8
 104              		.cfi_offset 14, -4
 105 0004 8CB0     		sub	sp, sp, #48
 106              		.cfi_def_cfa_offset 72
  88:Core/Src/stm32f4xx_hal_msp.c ****   GPIO_InitTypeDef GPIO_InitStruct = {0};
 107              		.loc 1 88 3 is_stmt 1 view .LVU16
 108              		.loc 1 88 20 is_stmt 0 view .LVU17
 109 0006 0023     		movs	r3, #0
 110 0008 0793     		str	r3, [sp, #28]
 111 000a 0893     		str	r3, [sp, #32]
 112 000c 0993     		str	r3, [sp, #36]
 113 000e 0A93     		str	r3, [sp, #40]
 114 0010 0B93     		str	r3, [sp, #44]
  89:Core/Src/stm32f4xx_hal_msp.c ****   if(hi2c->Instance==I2C1)
 115              		.loc 1 89 3 is_stmt 1 view .LVU18
 116              		.loc 1 89 10 is_stmt 0 view .LVU19
 117 0012 0368     		ldr	r3, [r0]
 118              		.loc 1 89 5 view .LVU20
 119 0014 4D4A     		ldr	r2, .L13
 120 0016 9342     		cmp	r3, r2
 121 0018 08D0     		beq	.L10
  90:Core/Src/stm32f4xx_hal_msp.c ****   {
  91:Core/Src/stm32f4xx_hal_msp.c ****     /* USER CODE BEGIN I2C1_MspInit 0 */
  92:Core/Src/stm32f4xx_hal_msp.c **** 
  93:Core/Src/stm32f4xx_hal_msp.c ****     /* USER CODE END I2C1_MspInit 0 */
  94:Core/Src/stm32f4xx_hal_msp.c **** 
  95:Core/Src/stm32f4xx_hal_msp.c ****     __HAL_RCC_GPIOB_CLK_ENABLE();
  96:Core/Src/stm32f4xx_hal_msp.c ****     /**I2C1 GPIO Configuration
  97:Core/Src/stm32f4xx_hal_msp.c ****     PB6     ------> I2C1_SCL
  98:Core/Src/stm32f4xx_hal_msp.c ****     PB7     ------> I2C1_SDA
  99:Core/Src/stm32f4xx_hal_msp.c ****     */
 100:Core/Src/stm32f4xx_hal_msp.c ****     GPIO_InitStruct.Pin = GPIO_PIN_6|GPIO_PIN_7;
 101:Core/Src/stm32f4xx_hal_msp.c ****     GPIO_InitStruct.Mode = GPIO_MODE_AF_OD;
 102:Core/Src/stm32f4xx_hal_msp.c ****     GPIO_InitStruct.Pull = GPIO_NOPULL;
 103:Core/Src/stm32f4xx_hal_msp.c ****     GPIO_InitStruct.Speed = GPIO_SPEED_FREQ_VERY_HIGH;
 104:Core/Src/stm32f4xx_hal_msp.c ****     GPIO_InitStruct.Alternate = GPIO_AF4_I2C1;
 105:Core/Src/stm32f4xx_hal_msp.c ****     HAL_GPIO_Init(GPIOB, &GPIO_InitStruct);
 106:Core/Src/stm32f4xx_hal_msp.c **** 
 107:Core/Src/stm32f4xx_hal_msp.c ****     /* Peripheral clock enable */
 108:Core/Src/stm32f4xx_hal_msp.c ****     __HAL_RCC_I2C1_CLK_ENABLE();
 109:Core/Src/stm32f4xx_hal_msp.c ****     /* USER CODE BEGIN I2C1_MspInit 1 */
 110:Core/Src/stm32f4xx_hal_msp.c **** 
ARM GAS  C:\Users\joabk\AppData\Local\Temp\cc4HsLQ9.s 			page 5


 111:Core/Src/stm32f4xx_hal_msp.c ****     /* USER CODE END I2C1_MspInit 1 */
 112:Core/Src/stm32f4xx_hal_msp.c ****   }
 113:Core/Src/stm32f4xx_hal_msp.c ****   else if(hi2c->Instance==I2C2)
 122              		.loc 1 113 8 is_stmt 1 view .LVU21
 123              		.loc 1 113 10 is_stmt 0 view .LVU22
 124 001a 4D4A     		ldr	r2, .L13+4
 125 001c 9342     		cmp	r3, r2
 126 001e 28D0     		beq	.L11
 114:Core/Src/stm32f4xx_hal_msp.c ****   {
 115:Core/Src/stm32f4xx_hal_msp.c ****     /* USER CODE BEGIN I2C2_MspInit 0 */
 116:Core/Src/stm32f4xx_hal_msp.c **** 
 117:Core/Src/stm32f4xx_hal_msp.c ****     /* USER CODE END I2C2_MspInit 0 */
 118:Core/Src/stm32f4xx_hal_msp.c **** 
 119:Core/Src/stm32f4xx_hal_msp.c ****     __HAL_RCC_GPIOB_CLK_ENABLE();
 120:Core/Src/stm32f4xx_hal_msp.c ****     /**I2C2 GPIO Configuration
 121:Core/Src/stm32f4xx_hal_msp.c ****     PB10     ------> I2C2_SCL
 122:Core/Src/stm32f4xx_hal_msp.c ****     PB3     ------> I2C2_SDA
 123:Core/Src/stm32f4xx_hal_msp.c ****     */
 124:Core/Src/stm32f4xx_hal_msp.c ****     GPIO_InitStruct.Pin = GPIO_PIN_10;
 125:Core/Src/stm32f4xx_hal_msp.c ****     GPIO_InitStruct.Mode = GPIO_MODE_AF_OD;
 126:Core/Src/stm32f4xx_hal_msp.c ****     GPIO_InitStruct.Pull = GPIO_NOPULL;
 127:Core/Src/stm32f4xx_hal_msp.c ****     GPIO_InitStruct.Speed = GPIO_SPEED_FREQ_VERY_HIGH;
 128:Core/Src/stm32f4xx_hal_msp.c ****     GPIO_InitStruct.Alternate = GPIO_AF4_I2C2;
 129:Core/Src/stm32f4xx_hal_msp.c ****     HAL_GPIO_Init(GPIOB, &GPIO_InitStruct);
 130:Core/Src/stm32f4xx_hal_msp.c **** 
 131:Core/Src/stm32f4xx_hal_msp.c ****     GPIO_InitStruct.Pin = GPIO_PIN_3;
 132:Core/Src/stm32f4xx_hal_msp.c ****     GPIO_InitStruct.Mode = GPIO_MODE_AF_OD;
 133:Core/Src/stm32f4xx_hal_msp.c ****     GPIO_InitStruct.Pull = GPIO_NOPULL;
 134:Core/Src/stm32f4xx_hal_msp.c ****     GPIO_InitStruct.Speed = GPIO_SPEED_FREQ_VERY_HIGH;
 135:Core/Src/stm32f4xx_hal_msp.c ****     GPIO_InitStruct.Alternate = GPIO_AF9_I2C2;
 136:Core/Src/stm32f4xx_hal_msp.c ****     HAL_GPIO_Init(GPIOB, &GPIO_InitStruct);
 137:Core/Src/stm32f4xx_hal_msp.c **** 
 138:Core/Src/stm32f4xx_hal_msp.c ****     /* Peripheral clock enable */
 139:Core/Src/stm32f4xx_hal_msp.c ****     __HAL_RCC_I2C2_CLK_ENABLE();
 140:Core/Src/stm32f4xx_hal_msp.c ****     /* USER CODE BEGIN I2C2_MspInit 1 */
 141:Core/Src/stm32f4xx_hal_msp.c **** 
 142:Core/Src/stm32f4xx_hal_msp.c ****     /* USER CODE END I2C2_MspInit 1 */
 143:Core/Src/stm32f4xx_hal_msp.c ****   }
 144:Core/Src/stm32f4xx_hal_msp.c ****   else if(hi2c->Instance==I2C3)
 127              		.loc 1 144 8 is_stmt 1 view .LVU23
 128              		.loc 1 144 10 is_stmt 0 view .LVU24
 129 0020 4C4A     		ldr	r2, .L13+8
 130 0022 9342     		cmp	r3, r2
 131 0024 58D0     		beq	.L12
 132              	.LVL1:
 133              	.L5:
 145:Core/Src/stm32f4xx_hal_msp.c ****   {
 146:Core/Src/stm32f4xx_hal_msp.c ****     /* USER CODE BEGIN I2C3_MspInit 0 */
 147:Core/Src/stm32f4xx_hal_msp.c **** 
 148:Core/Src/stm32f4xx_hal_msp.c ****     /* USER CODE END I2C3_MspInit 0 */
 149:Core/Src/stm32f4xx_hal_msp.c **** 
 150:Core/Src/stm32f4xx_hal_msp.c ****     __HAL_RCC_GPIOA_CLK_ENABLE();
 151:Core/Src/stm32f4xx_hal_msp.c ****     __HAL_RCC_GPIOB_CLK_ENABLE();
 152:Core/Src/stm32f4xx_hal_msp.c ****     /**I2C3 GPIO Configuration
 153:Core/Src/stm32f4xx_hal_msp.c ****     PA8     ------> I2C3_SCL
 154:Core/Src/stm32f4xx_hal_msp.c ****     PB4     ------> I2C3_SDA
 155:Core/Src/stm32f4xx_hal_msp.c ****     */
ARM GAS  C:\Users\joabk\AppData\Local\Temp\cc4HsLQ9.s 			page 6


 156:Core/Src/stm32f4xx_hal_msp.c ****     GPIO_InitStruct.Pin = GPIO_PIN_8;
 157:Core/Src/stm32f4xx_hal_msp.c ****     GPIO_InitStruct.Mode = GPIO_MODE_AF_OD;
 158:Core/Src/stm32f4xx_hal_msp.c ****     GPIO_InitStruct.Pull = GPIO_NOPULL;
 159:Core/Src/stm32f4xx_hal_msp.c ****     GPIO_InitStruct.Speed = GPIO_SPEED_FREQ_VERY_HIGH;
 160:Core/Src/stm32f4xx_hal_msp.c ****     GPIO_InitStruct.Alternate = GPIO_AF4_I2C3;
 161:Core/Src/stm32f4xx_hal_msp.c ****     HAL_GPIO_Init(GPIOA, &GPIO_InitStruct);
 162:Core/Src/stm32f4xx_hal_msp.c **** 
 163:Core/Src/stm32f4xx_hal_msp.c ****     GPIO_InitStruct.Pin = GPIO_PIN_4;
 164:Core/Src/stm32f4xx_hal_msp.c ****     GPIO_InitStruct.Mode = GPIO_MODE_AF_OD;
 165:Core/Src/stm32f4xx_hal_msp.c ****     GPIO_InitStruct.Pull = GPIO_NOPULL;
 166:Core/Src/stm32f4xx_hal_msp.c ****     GPIO_InitStruct.Speed = GPIO_SPEED_FREQ_VERY_HIGH;
 167:Core/Src/stm32f4xx_hal_msp.c ****     GPIO_InitStruct.Alternate = GPIO_AF9_I2C3;
 168:Core/Src/stm32f4xx_hal_msp.c ****     HAL_GPIO_Init(GPIOB, &GPIO_InitStruct);
 169:Core/Src/stm32f4xx_hal_msp.c **** 
 170:Core/Src/stm32f4xx_hal_msp.c ****     /* Peripheral clock enable */
 171:Core/Src/stm32f4xx_hal_msp.c ****     __HAL_RCC_I2C3_CLK_ENABLE();
 172:Core/Src/stm32f4xx_hal_msp.c ****     /* USER CODE BEGIN I2C3_MspInit 1 */
 173:Core/Src/stm32f4xx_hal_msp.c **** 
 174:Core/Src/stm32f4xx_hal_msp.c ****     /* USER CODE END I2C3_MspInit 1 */
 175:Core/Src/stm32f4xx_hal_msp.c ****   }
 176:Core/Src/stm32f4xx_hal_msp.c **** 
 177:Core/Src/stm32f4xx_hal_msp.c **** }
 134              		.loc 1 177 1 view .LVU25
 135 0026 0CB0     		add	sp, sp, #48
 136              		.cfi_remember_state
 137              		.cfi_def_cfa_offset 24
 138              		@ sp needed
 139 0028 BDE8F081 		pop	{r4, r5, r6, r7, r8, pc}
 140              	.LVL2:
 141              	.L10:
 142              		.cfi_restore_state
  95:Core/Src/stm32f4xx_hal_msp.c ****     /**I2C1 GPIO Configuration
 143              		.loc 1 95 5 is_stmt 1 view .LVU26
 144              	.LBB4:
  95:Core/Src/stm32f4xx_hal_msp.c ****     /**I2C1 GPIO Configuration
 145              		.loc 1 95 5 view .LVU27
 146 002c 0025     		movs	r5, #0
 147 002e 0095     		str	r5, [sp]
  95:Core/Src/stm32f4xx_hal_msp.c ****     /**I2C1 GPIO Configuration
 148              		.loc 1 95 5 view .LVU28
 149 0030 494C     		ldr	r4, .L13+12
 150 0032 236B     		ldr	r3, [r4, #48]
 151 0034 43F00203 		orr	r3, r3, #2
 152 0038 2363     		str	r3, [r4, #48]
  95:Core/Src/stm32f4xx_hal_msp.c ****     /**I2C1 GPIO Configuration
 153              		.loc 1 95 5 view .LVU29
 154 003a 236B     		ldr	r3, [r4, #48]
 155 003c 03F00203 		and	r3, r3, #2
 156 0040 0093     		str	r3, [sp]
  95:Core/Src/stm32f4xx_hal_msp.c ****     /**I2C1 GPIO Configuration
 157              		.loc 1 95 5 view .LVU30
 158 0042 009B     		ldr	r3, [sp]
 159              	.LBE4:
  95:Core/Src/stm32f4xx_hal_msp.c ****     /**I2C1 GPIO Configuration
 160              		.loc 1 95 5 view .LVU31
 100:Core/Src/stm32f4xx_hal_msp.c ****     GPIO_InitStruct.Mode = GPIO_MODE_AF_OD;
 161              		.loc 1 100 5 view .LVU32
ARM GAS  C:\Users\joabk\AppData\Local\Temp\cc4HsLQ9.s 			page 7


 100:Core/Src/stm32f4xx_hal_msp.c ****     GPIO_InitStruct.Mode = GPIO_MODE_AF_OD;
 162              		.loc 1 100 25 is_stmt 0 view .LVU33
 163 0044 C023     		movs	r3, #192
 164 0046 0793     		str	r3, [sp, #28]
 101:Core/Src/stm32f4xx_hal_msp.c ****     GPIO_InitStruct.Pull = GPIO_NOPULL;
 165              		.loc 1 101 5 is_stmt 1 view .LVU34
 101:Core/Src/stm32f4xx_hal_msp.c ****     GPIO_InitStruct.Pull = GPIO_NOPULL;
 166              		.loc 1 101 26 is_stmt 0 view .LVU35
 167 0048 1223     		movs	r3, #18
 168 004a 0893     		str	r3, [sp, #32]
 102:Core/Src/stm32f4xx_hal_msp.c ****     GPIO_InitStruct.Speed = GPIO_SPEED_FREQ_VERY_HIGH;
 169              		.loc 1 102 5 is_stmt 1 view .LVU36
 103:Core/Src/stm32f4xx_hal_msp.c ****     GPIO_InitStruct.Alternate = GPIO_AF4_I2C1;
 170              		.loc 1 103 5 view .LVU37
 103:Core/Src/stm32f4xx_hal_msp.c ****     GPIO_InitStruct.Alternate = GPIO_AF4_I2C1;
 171              		.loc 1 103 27 is_stmt 0 view .LVU38
 172 004c 0323     		movs	r3, #3
 173 004e 0A93     		str	r3, [sp, #40]
 104:Core/Src/stm32f4xx_hal_msp.c ****     HAL_GPIO_Init(GPIOB, &GPIO_InitStruct);
 174              		.loc 1 104 5 is_stmt 1 view .LVU39
 104:Core/Src/stm32f4xx_hal_msp.c ****     HAL_GPIO_Init(GPIOB, &GPIO_InitStruct);
 175              		.loc 1 104 31 is_stmt 0 view .LVU40
 176 0050 0423     		movs	r3, #4
 177 0052 0B93     		str	r3, [sp, #44]
 105:Core/Src/stm32f4xx_hal_msp.c **** 
 178              		.loc 1 105 5 is_stmt 1 view .LVU41
 179 0054 07A9     		add	r1, sp, #28
 180 0056 4148     		ldr	r0, .L13+16
 181              	.LVL3:
 105:Core/Src/stm32f4xx_hal_msp.c **** 
 182              		.loc 1 105 5 is_stmt 0 view .LVU42
 183 0058 FFF7FEFF 		bl	HAL_GPIO_Init
 184              	.LVL4:
 108:Core/Src/stm32f4xx_hal_msp.c ****     /* USER CODE BEGIN I2C1_MspInit 1 */
 185              		.loc 1 108 5 is_stmt 1 view .LVU43
 186              	.LBB5:
 108:Core/Src/stm32f4xx_hal_msp.c ****     /* USER CODE BEGIN I2C1_MspInit 1 */
 187              		.loc 1 108 5 view .LVU44
 188 005c 0195     		str	r5, [sp, #4]
 108:Core/Src/stm32f4xx_hal_msp.c ****     /* USER CODE BEGIN I2C1_MspInit 1 */
 189              		.loc 1 108 5 view .LVU45
 190 005e 236C     		ldr	r3, [r4, #64]
 191 0060 43F40013 		orr	r3, r3, #2097152
 192 0064 2364     		str	r3, [r4, #64]
 108:Core/Src/stm32f4xx_hal_msp.c ****     /* USER CODE BEGIN I2C1_MspInit 1 */
 193              		.loc 1 108 5 view .LVU46
 194 0066 236C     		ldr	r3, [r4, #64]
 195 0068 03F40013 		and	r3, r3, #2097152
 196 006c 0193     		str	r3, [sp, #4]
 108:Core/Src/stm32f4xx_hal_msp.c ****     /* USER CODE BEGIN I2C1_MspInit 1 */
 197              		.loc 1 108 5 view .LVU47
 198 006e 019B     		ldr	r3, [sp, #4]
 199              	.LBE5:
 108:Core/Src/stm32f4xx_hal_msp.c ****     /* USER CODE BEGIN I2C1_MspInit 1 */
 200              		.loc 1 108 5 view .LVU48
 201 0070 D9E7     		b	.L5
 202              	.LVL5:
ARM GAS  C:\Users\joabk\AppData\Local\Temp\cc4HsLQ9.s 			page 8


 203              	.L11:
 119:Core/Src/stm32f4xx_hal_msp.c ****     /**I2C2 GPIO Configuration
 204              		.loc 1 119 5 view .LVU49
 205              	.LBB6:
 119:Core/Src/stm32f4xx_hal_msp.c ****     /**I2C2 GPIO Configuration
 206              		.loc 1 119 5 view .LVU50
 207 0072 0025     		movs	r5, #0
 208 0074 0295     		str	r5, [sp, #8]
 119:Core/Src/stm32f4xx_hal_msp.c ****     /**I2C2 GPIO Configuration
 209              		.loc 1 119 5 view .LVU51
 210 0076 384C     		ldr	r4, .L13+12
 211 0078 236B     		ldr	r3, [r4, #48]
 212 007a 43F00203 		orr	r3, r3, #2
 213 007e 2363     		str	r3, [r4, #48]
 119:Core/Src/stm32f4xx_hal_msp.c ****     /**I2C2 GPIO Configuration
 214              		.loc 1 119 5 view .LVU52
 215 0080 236B     		ldr	r3, [r4, #48]
 216 0082 03F00203 		and	r3, r3, #2
 217 0086 0293     		str	r3, [sp, #8]
 119:Core/Src/stm32f4xx_hal_msp.c ****     /**I2C2 GPIO Configuration
 218              		.loc 1 119 5 view .LVU53
 219 0088 029B     		ldr	r3, [sp, #8]
 220              	.LBE6:
 119:Core/Src/stm32f4xx_hal_msp.c ****     /**I2C2 GPIO Configuration
 221              		.loc 1 119 5 view .LVU54
 124:Core/Src/stm32f4xx_hal_msp.c ****     GPIO_InitStruct.Mode = GPIO_MODE_AF_OD;
 222              		.loc 1 124 5 view .LVU55
 124:Core/Src/stm32f4xx_hal_msp.c ****     GPIO_InitStruct.Mode = GPIO_MODE_AF_OD;
 223              		.loc 1 124 25 is_stmt 0 view .LVU56
 224 008a 4FF48063 		mov	r3, #1024
 225 008e 0793     		str	r3, [sp, #28]
 125:Core/Src/stm32f4xx_hal_msp.c ****     GPIO_InitStruct.Pull = GPIO_NOPULL;
 226              		.loc 1 125 5 is_stmt 1 view .LVU57
 125:Core/Src/stm32f4xx_hal_msp.c ****     GPIO_InitStruct.Pull = GPIO_NOPULL;
 227              		.loc 1 125 26 is_stmt 0 view .LVU58
 228 0090 4FF01208 		mov	r8, #18
 229 0094 CDF82080 		str	r8, [sp, #32]
 126:Core/Src/stm32f4xx_hal_msp.c ****     GPIO_InitStruct.Speed = GPIO_SPEED_FREQ_VERY_HIGH;
 230              		.loc 1 126 5 is_stmt 1 view .LVU59
 127:Core/Src/stm32f4xx_hal_msp.c ****     GPIO_InitStruct.Alternate = GPIO_AF4_I2C2;
 231              		.loc 1 127 5 view .LVU60
 127:Core/Src/stm32f4xx_hal_msp.c ****     GPIO_InitStruct.Alternate = GPIO_AF4_I2C2;
 232              		.loc 1 127 27 is_stmt 0 view .LVU61
 233 0098 0327     		movs	r7, #3
 234 009a 0A97     		str	r7, [sp, #40]
 128:Core/Src/stm32f4xx_hal_msp.c ****     HAL_GPIO_Init(GPIOB, &GPIO_InitStruct);
 235              		.loc 1 128 5 is_stmt 1 view .LVU62
 128:Core/Src/stm32f4xx_hal_msp.c ****     HAL_GPIO_Init(GPIOB, &GPIO_InitStruct);
 236              		.loc 1 128 31 is_stmt 0 view .LVU63
 237 009c 0423     		movs	r3, #4
 238 009e 0B93     		str	r3, [sp, #44]
 129:Core/Src/stm32f4xx_hal_msp.c **** 
 239              		.loc 1 129 5 is_stmt 1 view .LVU64
 240 00a0 2E4E     		ldr	r6, .L13+16
 241 00a2 07A9     		add	r1, sp, #28
 242 00a4 3046     		mov	r0, r6
 243              	.LVL6:
ARM GAS  C:\Users\joabk\AppData\Local\Temp\cc4HsLQ9.s 			page 9


 129:Core/Src/stm32f4xx_hal_msp.c **** 
 244              		.loc 1 129 5 is_stmt 0 view .LVU65
 245 00a6 FFF7FEFF 		bl	HAL_GPIO_Init
 246              	.LVL7:
 131:Core/Src/stm32f4xx_hal_msp.c ****     GPIO_InitStruct.Mode = GPIO_MODE_AF_OD;
 247              		.loc 1 131 5 is_stmt 1 view .LVU66
 131:Core/Src/stm32f4xx_hal_msp.c ****     GPIO_InitStruct.Mode = GPIO_MODE_AF_OD;
 248              		.loc 1 131 25 is_stmt 0 view .LVU67
 249 00aa 0823     		movs	r3, #8
 250 00ac 0793     		str	r3, [sp, #28]
 132:Core/Src/stm32f4xx_hal_msp.c ****     GPIO_InitStruct.Pull = GPIO_NOPULL;
 251              		.loc 1 132 5 is_stmt 1 view .LVU68
 132:Core/Src/stm32f4xx_hal_msp.c ****     GPIO_InitStruct.Pull = GPIO_NOPULL;
 252              		.loc 1 132 26 is_stmt 0 view .LVU69
 253 00ae CDF82080 		str	r8, [sp, #32]
 133:Core/Src/stm32f4xx_hal_msp.c ****     GPIO_InitStruct.Speed = GPIO_SPEED_FREQ_VERY_HIGH;
 254              		.loc 1 133 5 is_stmt 1 view .LVU70
 133:Core/Src/stm32f4xx_hal_msp.c ****     GPIO_InitStruct.Speed = GPIO_SPEED_FREQ_VERY_HIGH;
 255              		.loc 1 133 26 is_stmt 0 view .LVU71
 256 00b2 0995     		str	r5, [sp, #36]
 134:Core/Src/stm32f4xx_hal_msp.c ****     GPIO_InitStruct.Alternate = GPIO_AF9_I2C2;
 257              		.loc 1 134 5 is_stmt 1 view .LVU72
 134:Core/Src/stm32f4xx_hal_msp.c ****     GPIO_InitStruct.Alternate = GPIO_AF9_I2C2;
 258              		.loc 1 134 27 is_stmt 0 view .LVU73
 259 00b4 0A97     		str	r7, [sp, #40]
 135:Core/Src/stm32f4xx_hal_msp.c ****     HAL_GPIO_Init(GPIOB, &GPIO_InitStruct);
 260              		.loc 1 135 5 is_stmt 1 view .LVU74
 135:Core/Src/stm32f4xx_hal_msp.c ****     HAL_GPIO_Init(GPIOB, &GPIO_InitStruct);
 261              		.loc 1 135 31 is_stmt 0 view .LVU75
 262 00b6 0923     		movs	r3, #9
 263 00b8 0B93     		str	r3, [sp, #44]
 136:Core/Src/stm32f4xx_hal_msp.c **** 
 264              		.loc 1 136 5 is_stmt 1 view .LVU76
 265 00ba 07A9     		add	r1, sp, #28
 266 00bc 3046     		mov	r0, r6
 267 00be FFF7FEFF 		bl	HAL_GPIO_Init
 268              	.LVL8:
 139:Core/Src/stm32f4xx_hal_msp.c ****     /* USER CODE BEGIN I2C2_MspInit 1 */
 269              		.loc 1 139 5 view .LVU77
 270              	.LBB7:
 139:Core/Src/stm32f4xx_hal_msp.c ****     /* USER CODE BEGIN I2C2_MspInit 1 */
 271              		.loc 1 139 5 view .LVU78
 272 00c2 0395     		str	r5, [sp, #12]
 139:Core/Src/stm32f4xx_hal_msp.c ****     /* USER CODE BEGIN I2C2_MspInit 1 */
 273              		.loc 1 139 5 view .LVU79
 274 00c4 236C     		ldr	r3, [r4, #64]
 275 00c6 43F48003 		orr	r3, r3, #4194304
 276 00ca 2364     		str	r3, [r4, #64]
 139:Core/Src/stm32f4xx_hal_msp.c ****     /* USER CODE BEGIN I2C2_MspInit 1 */
 277              		.loc 1 139 5 view .LVU80
 278 00cc 236C     		ldr	r3, [r4, #64]
 279 00ce 03F48003 		and	r3, r3, #4194304
 280 00d2 0393     		str	r3, [sp, #12]
 139:Core/Src/stm32f4xx_hal_msp.c ****     /* USER CODE BEGIN I2C2_MspInit 1 */
 281              		.loc 1 139 5 view .LVU81
 282 00d4 039B     		ldr	r3, [sp, #12]
 283              	.LBE7:
ARM GAS  C:\Users\joabk\AppData\Local\Temp\cc4HsLQ9.s 			page 10


 139:Core/Src/stm32f4xx_hal_msp.c ****     /* USER CODE BEGIN I2C2_MspInit 1 */
 284              		.loc 1 139 5 view .LVU82
 285 00d6 A6E7     		b	.L5
 286              	.LVL9:
 287              	.L12:
 150:Core/Src/stm32f4xx_hal_msp.c ****     __HAL_RCC_GPIOB_CLK_ENABLE();
 288              		.loc 1 150 5 view .LVU83
 289              	.LBB8:
 150:Core/Src/stm32f4xx_hal_msp.c ****     __HAL_RCC_GPIOB_CLK_ENABLE();
 290              		.loc 1 150 5 view .LVU84
 291 00d8 0025     		movs	r5, #0
 292 00da 0495     		str	r5, [sp, #16]
 150:Core/Src/stm32f4xx_hal_msp.c ****     __HAL_RCC_GPIOB_CLK_ENABLE();
 293              		.loc 1 150 5 view .LVU85
 294 00dc 1E4C     		ldr	r4, .L13+12
 295 00de 236B     		ldr	r3, [r4, #48]
 296 00e0 43F00103 		orr	r3, r3, #1
 297 00e4 2363     		str	r3, [r4, #48]
 150:Core/Src/stm32f4xx_hal_msp.c ****     __HAL_RCC_GPIOB_CLK_ENABLE();
 298              		.loc 1 150 5 view .LVU86
 299 00e6 236B     		ldr	r3, [r4, #48]
 300 00e8 03F00103 		and	r3, r3, #1
 301 00ec 0493     		str	r3, [sp, #16]
 150:Core/Src/stm32f4xx_hal_msp.c ****     __HAL_RCC_GPIOB_CLK_ENABLE();
 302              		.loc 1 150 5 view .LVU87
 303 00ee 049B     		ldr	r3, [sp, #16]
 304              	.LBE8:
 150:Core/Src/stm32f4xx_hal_msp.c ****     __HAL_RCC_GPIOB_CLK_ENABLE();
 305              		.loc 1 150 5 view .LVU88
 151:Core/Src/stm32f4xx_hal_msp.c ****     /**I2C3 GPIO Configuration
 306              		.loc 1 151 5 view .LVU89
 307              	.LBB9:
 151:Core/Src/stm32f4xx_hal_msp.c ****     /**I2C3 GPIO Configuration
 308              		.loc 1 151 5 view .LVU90
 309 00f0 0595     		str	r5, [sp, #20]
 151:Core/Src/stm32f4xx_hal_msp.c ****     /**I2C3 GPIO Configuration
 310              		.loc 1 151 5 view .LVU91
 311 00f2 236B     		ldr	r3, [r4, #48]
 312 00f4 43F00203 		orr	r3, r3, #2
 313 00f8 2363     		str	r3, [r4, #48]
 151:Core/Src/stm32f4xx_hal_msp.c ****     /**I2C3 GPIO Configuration
 314              		.loc 1 151 5 view .LVU92
 315 00fa 236B     		ldr	r3, [r4, #48]
 316 00fc 03F00203 		and	r3, r3, #2
 317 0100 0593     		str	r3, [sp, #20]
 151:Core/Src/stm32f4xx_hal_msp.c ****     /**I2C3 GPIO Configuration
 318              		.loc 1 151 5 view .LVU93
 319 0102 059B     		ldr	r3, [sp, #20]
 320              	.LBE9:
 151:Core/Src/stm32f4xx_hal_msp.c ****     /**I2C3 GPIO Configuration
 321              		.loc 1 151 5 view .LVU94
 156:Core/Src/stm32f4xx_hal_msp.c ****     GPIO_InitStruct.Mode = GPIO_MODE_AF_OD;
 322              		.loc 1 156 5 view .LVU95
 156:Core/Src/stm32f4xx_hal_msp.c ****     GPIO_InitStruct.Mode = GPIO_MODE_AF_OD;
 323              		.loc 1 156 25 is_stmt 0 view .LVU96
 324 0104 4FF48073 		mov	r3, #256
 325 0108 0793     		str	r3, [sp, #28]
ARM GAS  C:\Users\joabk\AppData\Local\Temp\cc4HsLQ9.s 			page 11


 157:Core/Src/stm32f4xx_hal_msp.c ****     GPIO_InitStruct.Pull = GPIO_NOPULL;
 326              		.loc 1 157 5 is_stmt 1 view .LVU97
 157:Core/Src/stm32f4xx_hal_msp.c ****     GPIO_InitStruct.Pull = GPIO_NOPULL;
 327              		.loc 1 157 26 is_stmt 0 view .LVU98
 328 010a 1227     		movs	r7, #18
 329 010c 0897     		str	r7, [sp, #32]
 158:Core/Src/stm32f4xx_hal_msp.c ****     GPIO_InitStruct.Speed = GPIO_SPEED_FREQ_VERY_HIGH;
 330              		.loc 1 158 5 is_stmt 1 view .LVU99
 159:Core/Src/stm32f4xx_hal_msp.c ****     GPIO_InitStruct.Alternate = GPIO_AF4_I2C3;
 331              		.loc 1 159 5 view .LVU100
 159:Core/Src/stm32f4xx_hal_msp.c ****     GPIO_InitStruct.Alternate = GPIO_AF4_I2C3;
 332              		.loc 1 159 27 is_stmt 0 view .LVU101
 333 010e 0326     		movs	r6, #3
 334 0110 0A96     		str	r6, [sp, #40]
 160:Core/Src/stm32f4xx_hal_msp.c ****     HAL_GPIO_Init(GPIOA, &GPIO_InitStruct);
 335              		.loc 1 160 5 is_stmt 1 view .LVU102
 160:Core/Src/stm32f4xx_hal_msp.c ****     HAL_GPIO_Init(GPIOA, &GPIO_InitStruct);
 336              		.loc 1 160 31 is_stmt 0 view .LVU103
 337 0112 0423     		movs	r3, #4
 338 0114 0B93     		str	r3, [sp, #44]
 161:Core/Src/stm32f4xx_hal_msp.c **** 
 339              		.loc 1 161 5 is_stmt 1 view .LVU104
 340 0116 07A9     		add	r1, sp, #28
 341 0118 1148     		ldr	r0, .L13+20
 342              	.LVL10:
 161:Core/Src/stm32f4xx_hal_msp.c **** 
 343              		.loc 1 161 5 is_stmt 0 view .LVU105
 344 011a FFF7FEFF 		bl	HAL_GPIO_Init
 345              	.LVL11:
 163:Core/Src/stm32f4xx_hal_msp.c ****     GPIO_InitStruct.Mode = GPIO_MODE_AF_OD;
 346              		.loc 1 163 5 is_stmt 1 view .LVU106
 163:Core/Src/stm32f4xx_hal_msp.c ****     GPIO_InitStruct.Mode = GPIO_MODE_AF_OD;
 347              		.loc 1 163 25 is_stmt 0 view .LVU107
 348 011e 1023     		movs	r3, #16
 349 0120 0793     		str	r3, [sp, #28]
 164:Core/Src/stm32f4xx_hal_msp.c ****     GPIO_InitStruct.Pull = GPIO_NOPULL;
 350              		.loc 1 164 5 is_stmt 1 view .LVU108
 164:Core/Src/stm32f4xx_hal_msp.c ****     GPIO_InitStruct.Pull = GPIO_NOPULL;
 351              		.loc 1 164 26 is_stmt 0 view .LVU109
 352 0122 0897     		str	r7, [sp, #32]
 165:Core/Src/stm32f4xx_hal_msp.c ****     GPIO_InitStruct.Speed = GPIO_SPEED_FREQ_VERY_HIGH;
 353              		.loc 1 165 5 is_stmt 1 view .LVU110
 165:Core/Src/stm32f4xx_hal_msp.c ****     GPIO_InitStruct.Speed = GPIO_SPEED_FREQ_VERY_HIGH;
 354              		.loc 1 165 26 is_stmt 0 view .LVU111
 355 0124 0995     		str	r5, [sp, #36]
 166:Core/Src/stm32f4xx_hal_msp.c ****     GPIO_InitStruct.Alternate = GPIO_AF9_I2C3;
 356              		.loc 1 166 5 is_stmt 1 view .LVU112
 166:Core/Src/stm32f4xx_hal_msp.c ****     GPIO_InitStruct.Alternate = GPIO_AF9_I2C3;
 357              		.loc 1 166 27 is_stmt 0 view .LVU113
 358 0126 0A96     		str	r6, [sp, #40]
 167:Core/Src/stm32f4xx_hal_msp.c ****     HAL_GPIO_Init(GPIOB, &GPIO_InitStruct);
 359              		.loc 1 167 5 is_stmt 1 view .LVU114
 167:Core/Src/stm32f4xx_hal_msp.c ****     HAL_GPIO_Init(GPIOB, &GPIO_InitStruct);
 360              		.loc 1 167 31 is_stmt 0 view .LVU115
 361 0128 0923     		movs	r3, #9
 362 012a 0B93     		str	r3, [sp, #44]
 168:Core/Src/stm32f4xx_hal_msp.c **** 
ARM GAS  C:\Users\joabk\AppData\Local\Temp\cc4HsLQ9.s 			page 12


 363              		.loc 1 168 5 is_stmt 1 view .LVU116
 364 012c 07A9     		add	r1, sp, #28
 365 012e 0B48     		ldr	r0, .L13+16
 366 0130 FFF7FEFF 		bl	HAL_GPIO_Init
 367              	.LVL12:
 171:Core/Src/stm32f4xx_hal_msp.c ****     /* USER CODE BEGIN I2C3_MspInit 1 */
 368              		.loc 1 171 5 view .LVU117
 369              	.LBB10:
 171:Core/Src/stm32f4xx_hal_msp.c ****     /* USER CODE BEGIN I2C3_MspInit 1 */
 370              		.loc 1 171 5 view .LVU118
 371 0134 0695     		str	r5, [sp, #24]
 171:Core/Src/stm32f4xx_hal_msp.c ****     /* USER CODE BEGIN I2C3_MspInit 1 */
 372              		.loc 1 171 5 view .LVU119
 373 0136 236C     		ldr	r3, [r4, #64]
 374 0138 43F40003 		orr	r3, r3, #8388608
 375 013c 2364     		str	r3, [r4, #64]
 171:Core/Src/stm32f4xx_hal_msp.c ****     /* USER CODE BEGIN I2C3_MspInit 1 */
 376              		.loc 1 171 5 view .LVU120
 377 013e 236C     		ldr	r3, [r4, #64]
 378 0140 03F40003 		and	r3, r3, #8388608
 379 0144 0693     		str	r3, [sp, #24]
 171:Core/Src/stm32f4xx_hal_msp.c ****     /* USER CODE BEGIN I2C3_MspInit 1 */
 380              		.loc 1 171 5 view .LVU121
 381 0146 069B     		ldr	r3, [sp, #24]
 382              	.LBE10:
 171:Core/Src/stm32f4xx_hal_msp.c ****     /* USER CODE BEGIN I2C3_MspInit 1 */
 383              		.loc 1 171 5 discriminator 1 view .LVU122
 384              		.loc 1 177 1 is_stmt 0 view .LVU123
 385 0148 6DE7     		b	.L5
 386              	.L14:
 387 014a 00BF     		.align	2
 388              	.L13:
 389 014c 00540040 		.word	1073763328
 390 0150 00580040 		.word	1073764352
 391 0154 005C0040 		.word	1073765376
 392 0158 00380240 		.word	1073887232
 393 015c 00040240 		.word	1073873920
 394 0160 00000240 		.word	1073872896
 395              		.cfi_endproc
 396              	.LFE135:
 398              		.section	.text.HAL_I2C_MspDeInit,"ax",%progbits
 399              		.align	1
 400              		.global	HAL_I2C_MspDeInit
 401              		.syntax unified
 402              		.thumb
 403              		.thumb_func
 405              	HAL_I2C_MspDeInit:
 406              	.LVL13:
 407              	.LFB136:
 178:Core/Src/stm32f4xx_hal_msp.c **** 
 179:Core/Src/stm32f4xx_hal_msp.c **** /**
 180:Core/Src/stm32f4xx_hal_msp.c ****   * @brief I2C MSP De-Initialization
 181:Core/Src/stm32f4xx_hal_msp.c ****   * This function freeze the hardware resources used in this example
 182:Core/Src/stm32f4xx_hal_msp.c ****   * @param hi2c: I2C handle pointer
 183:Core/Src/stm32f4xx_hal_msp.c ****   * @retval None
 184:Core/Src/stm32f4xx_hal_msp.c ****   */
 185:Core/Src/stm32f4xx_hal_msp.c **** void HAL_I2C_MspDeInit(I2C_HandleTypeDef* hi2c)
ARM GAS  C:\Users\joabk\AppData\Local\Temp\cc4HsLQ9.s 			page 13


 186:Core/Src/stm32f4xx_hal_msp.c **** {
 408              		.loc 1 186 1 is_stmt 1 view -0
 409              		.cfi_startproc
 410              		@ args = 0, pretend = 0, frame = 0
 411              		@ frame_needed = 0, uses_anonymous_args = 0
 412              		.loc 1 186 1 is_stmt 0 view .LVU125
 413 0000 10B5     		push	{r4, lr}
 414              		.cfi_def_cfa_offset 8
 415              		.cfi_offset 4, -8
 416              		.cfi_offset 14, -4
 187:Core/Src/stm32f4xx_hal_msp.c ****   if(hi2c->Instance==I2C1)
 417              		.loc 1 187 3 is_stmt 1 view .LVU126
 418              		.loc 1 187 10 is_stmt 0 view .LVU127
 419 0002 0368     		ldr	r3, [r0]
 420              		.loc 1 187 5 view .LVU128
 421 0004 1D4A     		ldr	r2, .L23
 422 0006 9342     		cmp	r3, r2
 423 0008 06D0     		beq	.L20
 188:Core/Src/stm32f4xx_hal_msp.c ****   {
 189:Core/Src/stm32f4xx_hal_msp.c ****     /* USER CODE BEGIN I2C1_MspDeInit 0 */
 190:Core/Src/stm32f4xx_hal_msp.c **** 
 191:Core/Src/stm32f4xx_hal_msp.c ****     /* USER CODE END I2C1_MspDeInit 0 */
 192:Core/Src/stm32f4xx_hal_msp.c ****     /* Peripheral clock disable */
 193:Core/Src/stm32f4xx_hal_msp.c ****     __HAL_RCC_I2C1_CLK_DISABLE();
 194:Core/Src/stm32f4xx_hal_msp.c **** 
 195:Core/Src/stm32f4xx_hal_msp.c ****     /**I2C1 GPIO Configuration
 196:Core/Src/stm32f4xx_hal_msp.c ****     PB6     ------> I2C1_SCL
 197:Core/Src/stm32f4xx_hal_msp.c ****     PB7     ------> I2C1_SDA
 198:Core/Src/stm32f4xx_hal_msp.c ****     */
 199:Core/Src/stm32f4xx_hal_msp.c ****     HAL_GPIO_DeInit(GPIOB, GPIO_PIN_6);
 200:Core/Src/stm32f4xx_hal_msp.c **** 
 201:Core/Src/stm32f4xx_hal_msp.c ****     HAL_GPIO_DeInit(GPIOB, GPIO_PIN_7);
 202:Core/Src/stm32f4xx_hal_msp.c **** 
 203:Core/Src/stm32f4xx_hal_msp.c ****     /* USER CODE BEGIN I2C1_MspDeInit 1 */
 204:Core/Src/stm32f4xx_hal_msp.c **** 
 205:Core/Src/stm32f4xx_hal_msp.c ****     /* USER CODE END I2C1_MspDeInit 1 */
 206:Core/Src/stm32f4xx_hal_msp.c ****   }
 207:Core/Src/stm32f4xx_hal_msp.c ****   else if(hi2c->Instance==I2C2)
 424              		.loc 1 207 8 is_stmt 1 view .LVU129
 425              		.loc 1 207 10 is_stmt 0 view .LVU130
 426 000a 1D4A     		ldr	r2, .L23+4
 427 000c 9342     		cmp	r3, r2
 428 000e 13D0     		beq	.L21
 208:Core/Src/stm32f4xx_hal_msp.c ****   {
 209:Core/Src/stm32f4xx_hal_msp.c ****     /* USER CODE BEGIN I2C2_MspDeInit 0 */
 210:Core/Src/stm32f4xx_hal_msp.c **** 
 211:Core/Src/stm32f4xx_hal_msp.c ****     /* USER CODE END I2C2_MspDeInit 0 */
 212:Core/Src/stm32f4xx_hal_msp.c ****     /* Peripheral clock disable */
 213:Core/Src/stm32f4xx_hal_msp.c ****     __HAL_RCC_I2C2_CLK_DISABLE();
 214:Core/Src/stm32f4xx_hal_msp.c **** 
 215:Core/Src/stm32f4xx_hal_msp.c ****     /**I2C2 GPIO Configuration
 216:Core/Src/stm32f4xx_hal_msp.c ****     PB10     ------> I2C2_SCL
 217:Core/Src/stm32f4xx_hal_msp.c ****     PB3     ------> I2C2_SDA
 218:Core/Src/stm32f4xx_hal_msp.c ****     */
 219:Core/Src/stm32f4xx_hal_msp.c ****     HAL_GPIO_DeInit(GPIOB, GPIO_PIN_10);
 220:Core/Src/stm32f4xx_hal_msp.c **** 
 221:Core/Src/stm32f4xx_hal_msp.c ****     HAL_GPIO_DeInit(GPIOB, GPIO_PIN_3);
ARM GAS  C:\Users\joabk\AppData\Local\Temp\cc4HsLQ9.s 			page 14


 222:Core/Src/stm32f4xx_hal_msp.c **** 
 223:Core/Src/stm32f4xx_hal_msp.c ****     /* USER CODE BEGIN I2C2_MspDeInit 1 */
 224:Core/Src/stm32f4xx_hal_msp.c **** 
 225:Core/Src/stm32f4xx_hal_msp.c ****     /* USER CODE END I2C2_MspDeInit 1 */
 226:Core/Src/stm32f4xx_hal_msp.c ****   }
 227:Core/Src/stm32f4xx_hal_msp.c ****   else if(hi2c->Instance==I2C3)
 429              		.loc 1 227 8 is_stmt 1 view .LVU131
 430              		.loc 1 227 10 is_stmt 0 view .LVU132
 431 0010 1C4A     		ldr	r2, .L23+8
 432 0012 9342     		cmp	r3, r2
 433 0014 21D0     		beq	.L22
 434              	.LVL14:
 435              	.L15:
 228:Core/Src/stm32f4xx_hal_msp.c ****   {
 229:Core/Src/stm32f4xx_hal_msp.c ****     /* USER CODE BEGIN I2C3_MspDeInit 0 */
 230:Core/Src/stm32f4xx_hal_msp.c **** 
 231:Core/Src/stm32f4xx_hal_msp.c ****     /* USER CODE END I2C3_MspDeInit 0 */
 232:Core/Src/stm32f4xx_hal_msp.c ****     /* Peripheral clock disable */
 233:Core/Src/stm32f4xx_hal_msp.c ****     __HAL_RCC_I2C3_CLK_DISABLE();
 234:Core/Src/stm32f4xx_hal_msp.c **** 
 235:Core/Src/stm32f4xx_hal_msp.c ****     /**I2C3 GPIO Configuration
 236:Core/Src/stm32f4xx_hal_msp.c ****     PA8     ------> I2C3_SCL
 237:Core/Src/stm32f4xx_hal_msp.c ****     PB4     ------> I2C3_SDA
 238:Core/Src/stm32f4xx_hal_msp.c ****     */
 239:Core/Src/stm32f4xx_hal_msp.c ****     HAL_GPIO_DeInit(GPIOA, GPIO_PIN_8);
 240:Core/Src/stm32f4xx_hal_msp.c **** 
 241:Core/Src/stm32f4xx_hal_msp.c ****     HAL_GPIO_DeInit(GPIOB, GPIO_PIN_4);
 242:Core/Src/stm32f4xx_hal_msp.c **** 
 243:Core/Src/stm32f4xx_hal_msp.c ****     /* USER CODE BEGIN I2C3_MspDeInit 1 */
 244:Core/Src/stm32f4xx_hal_msp.c **** 
 245:Core/Src/stm32f4xx_hal_msp.c ****     /* USER CODE END I2C3_MspDeInit 1 */
 246:Core/Src/stm32f4xx_hal_msp.c ****   }
 247:Core/Src/stm32f4xx_hal_msp.c **** 
 248:Core/Src/stm32f4xx_hal_msp.c **** }
 436              		.loc 1 248 1 view .LVU133
 437 0016 10BD     		pop	{r4, pc}
 438              	.LVL15:
 439              	.L20:
 193:Core/Src/stm32f4xx_hal_msp.c **** 
 440              		.loc 1 193 5 is_stmt 1 view .LVU134
 441 0018 02F5F232 		add	r2, r2, #123904
 442 001c 136C     		ldr	r3, [r2, #64]
 443 001e 23F40013 		bic	r3, r3, #2097152
 444 0022 1364     		str	r3, [r2, #64]
 199:Core/Src/stm32f4xx_hal_msp.c **** 
 445              		.loc 1 199 5 view .LVU135
 446 0024 184C     		ldr	r4, .L23+12
 447 0026 4021     		movs	r1, #64
 448 0028 2046     		mov	r0, r4
 449              	.LVL16:
 199:Core/Src/stm32f4xx_hal_msp.c **** 
 450              		.loc 1 199 5 is_stmt 0 view .LVU136
 451 002a FFF7FEFF 		bl	HAL_GPIO_DeInit
 452              	.LVL17:
 201:Core/Src/stm32f4xx_hal_msp.c **** 
 453              		.loc 1 201 5 is_stmt 1 view .LVU137
 454 002e 8021     		movs	r1, #128
ARM GAS  C:\Users\joabk\AppData\Local\Temp\cc4HsLQ9.s 			page 15


 455 0030 2046     		mov	r0, r4
 456 0032 FFF7FEFF 		bl	HAL_GPIO_DeInit
 457              	.LVL18:
 458 0036 EEE7     		b	.L15
 459              	.LVL19:
 460              	.L21:
 213:Core/Src/stm32f4xx_hal_msp.c **** 
 461              		.loc 1 213 5 view .LVU138
 462 0038 02F5F032 		add	r2, r2, #122880
 463 003c 136C     		ldr	r3, [r2, #64]
 464 003e 23F48003 		bic	r3, r3, #4194304
 465 0042 1364     		str	r3, [r2, #64]
 219:Core/Src/stm32f4xx_hal_msp.c **** 
 466              		.loc 1 219 5 view .LVU139
 467 0044 104C     		ldr	r4, .L23+12
 468 0046 4FF48061 		mov	r1, #1024
 469 004a 2046     		mov	r0, r4
 470              	.LVL20:
 219:Core/Src/stm32f4xx_hal_msp.c **** 
 471              		.loc 1 219 5 is_stmt 0 view .LVU140
 472 004c FFF7FEFF 		bl	HAL_GPIO_DeInit
 473              	.LVL21:
 221:Core/Src/stm32f4xx_hal_msp.c **** 
 474              		.loc 1 221 5 is_stmt 1 view .LVU141
 475 0050 0821     		movs	r1, #8
 476 0052 2046     		mov	r0, r4
 477 0054 FFF7FEFF 		bl	HAL_GPIO_DeInit
 478              	.LVL22:
 479 0058 DDE7     		b	.L15
 480              	.LVL23:
 481              	.L22:
 233:Core/Src/stm32f4xx_hal_msp.c **** 
 482              		.loc 1 233 5 view .LVU142
 483 005a 02F5EE32 		add	r2, r2, #121856
 484 005e 136C     		ldr	r3, [r2, #64]
 485 0060 23F40003 		bic	r3, r3, #8388608
 486 0064 1364     		str	r3, [r2, #64]
 239:Core/Src/stm32f4xx_hal_msp.c **** 
 487              		.loc 1 239 5 view .LVU143
 488 0066 4FF48071 		mov	r1, #256
 489 006a 0848     		ldr	r0, .L23+16
 490              	.LVL24:
 239:Core/Src/stm32f4xx_hal_msp.c **** 
 491              		.loc 1 239 5 is_stmt 0 view .LVU144
 492 006c FFF7FEFF 		bl	HAL_GPIO_DeInit
 493              	.LVL25:
 241:Core/Src/stm32f4xx_hal_msp.c **** 
 494              		.loc 1 241 5 is_stmt 1 view .LVU145
 495 0070 1021     		movs	r1, #16
 496 0072 0548     		ldr	r0, .L23+12
 497 0074 FFF7FEFF 		bl	HAL_GPIO_DeInit
 498              	.LVL26:
 499              		.loc 1 248 1 is_stmt 0 view .LVU146
 500 0078 CDE7     		b	.L15
 501              	.L24:
 502 007a 00BF     		.align	2
 503              	.L23:
ARM GAS  C:\Users\joabk\AppData\Local\Temp\cc4HsLQ9.s 			page 16


 504 007c 00540040 		.word	1073763328
 505 0080 00580040 		.word	1073764352
 506 0084 005C0040 		.word	1073765376
 507 0088 00040240 		.word	1073873920
 508 008c 00000240 		.word	1073872896
 509              		.cfi_endproc
 510              	.LFE136:
 512              		.section	.text.HAL_SPI_MspInit,"ax",%progbits
 513              		.align	1
 514              		.global	HAL_SPI_MspInit
 515              		.syntax unified
 516              		.thumb
 517              		.thumb_func
 519              	HAL_SPI_MspInit:
 520              	.LVL27:
 521              	.LFB137:
 249:Core/Src/stm32f4xx_hal_msp.c **** 
 250:Core/Src/stm32f4xx_hal_msp.c **** /**
 251:Core/Src/stm32f4xx_hal_msp.c ****   * @brief SPI MSP Initialization
 252:Core/Src/stm32f4xx_hal_msp.c ****   * This function configures the hardware resources used in this example
 253:Core/Src/stm32f4xx_hal_msp.c ****   * @param hspi: SPI handle pointer
 254:Core/Src/stm32f4xx_hal_msp.c ****   * @retval None
 255:Core/Src/stm32f4xx_hal_msp.c ****   */
 256:Core/Src/stm32f4xx_hal_msp.c **** void HAL_SPI_MspInit(SPI_HandleTypeDef* hspi)
 257:Core/Src/stm32f4xx_hal_msp.c **** {
 522              		.loc 1 257 1 is_stmt 1 view -0
 523              		.cfi_startproc
 524              		@ args = 0, pretend = 0, frame = 32
 525              		@ frame_needed = 0, uses_anonymous_args = 0
 526              		.loc 1 257 1 is_stmt 0 view .LVU148
 527 0000 30B5     		push	{r4, r5, lr}
 528              		.cfi_def_cfa_offset 12
 529              		.cfi_offset 4, -12
 530              		.cfi_offset 5, -8
 531              		.cfi_offset 14, -4
 532 0002 89B0     		sub	sp, sp, #36
 533              		.cfi_def_cfa_offset 48
 258:Core/Src/stm32f4xx_hal_msp.c ****   GPIO_InitTypeDef GPIO_InitStruct = {0};
 534              		.loc 1 258 3 is_stmt 1 view .LVU149
 535              		.loc 1 258 20 is_stmt 0 view .LVU150
 536 0004 0023     		movs	r3, #0
 537 0006 0393     		str	r3, [sp, #12]
 538 0008 0493     		str	r3, [sp, #16]
 539 000a 0593     		str	r3, [sp, #20]
 540 000c 0693     		str	r3, [sp, #24]
 541 000e 0793     		str	r3, [sp, #28]
 259:Core/Src/stm32f4xx_hal_msp.c ****   if(hspi->Instance==SPI1)
 542              		.loc 1 259 3 is_stmt 1 view .LVU151
 543              		.loc 1 259 10 is_stmt 0 view .LVU152
 544 0010 0268     		ldr	r2, [r0]
 545              		.loc 1 259 5 view .LVU153
 546 0012 214B     		ldr	r3, .L31
 547 0014 9A42     		cmp	r2, r3
 548 0016 01D0     		beq	.L29
 549              	.LVL28:
 550              	.L25:
 260:Core/Src/stm32f4xx_hal_msp.c ****   {
ARM GAS  C:\Users\joabk\AppData\Local\Temp\cc4HsLQ9.s 			page 17


 261:Core/Src/stm32f4xx_hal_msp.c ****     /* USER CODE BEGIN SPI1_MspInit 0 */
 262:Core/Src/stm32f4xx_hal_msp.c **** 
 263:Core/Src/stm32f4xx_hal_msp.c ****     /* USER CODE END SPI1_MspInit 0 */
 264:Core/Src/stm32f4xx_hal_msp.c ****     /* Peripheral clock enable */
 265:Core/Src/stm32f4xx_hal_msp.c ****     __HAL_RCC_SPI1_CLK_ENABLE();
 266:Core/Src/stm32f4xx_hal_msp.c **** 
 267:Core/Src/stm32f4xx_hal_msp.c ****     __HAL_RCC_GPIOA_CLK_ENABLE();
 268:Core/Src/stm32f4xx_hal_msp.c ****     /**SPI1 GPIO Configuration
 269:Core/Src/stm32f4xx_hal_msp.c ****     PA5     ------> SPI1_SCK
 270:Core/Src/stm32f4xx_hal_msp.c ****     PA6     ------> SPI1_MISO
 271:Core/Src/stm32f4xx_hal_msp.c ****     PA7     ------> SPI1_MOSI
 272:Core/Src/stm32f4xx_hal_msp.c ****     */
 273:Core/Src/stm32f4xx_hal_msp.c ****     GPIO_InitStruct.Pin = GPIO_PIN_5|GPIO_PIN_6|GPIO_PIN_7;
 274:Core/Src/stm32f4xx_hal_msp.c ****     GPIO_InitStruct.Mode = GPIO_MODE_AF_PP;
 275:Core/Src/stm32f4xx_hal_msp.c ****     GPIO_InitStruct.Pull = GPIO_NOPULL;
 276:Core/Src/stm32f4xx_hal_msp.c ****     GPIO_InitStruct.Speed = GPIO_SPEED_FREQ_VERY_HIGH;
 277:Core/Src/stm32f4xx_hal_msp.c ****     GPIO_InitStruct.Alternate = GPIO_AF5_SPI1;
 278:Core/Src/stm32f4xx_hal_msp.c ****     HAL_GPIO_Init(GPIOA, &GPIO_InitStruct);
 279:Core/Src/stm32f4xx_hal_msp.c **** 
 280:Core/Src/stm32f4xx_hal_msp.c ****     /* SPI1 DMA Init */
 281:Core/Src/stm32f4xx_hal_msp.c ****     /* SPI1_RX Init */
 282:Core/Src/stm32f4xx_hal_msp.c ****     hdma_spi1_rx.Instance = DMA2_Stream0;
 283:Core/Src/stm32f4xx_hal_msp.c ****     hdma_spi1_rx.Init.Channel = DMA_CHANNEL_3;
 284:Core/Src/stm32f4xx_hal_msp.c ****     hdma_spi1_rx.Init.Direction = DMA_PERIPH_TO_MEMORY;
 285:Core/Src/stm32f4xx_hal_msp.c ****     hdma_spi1_rx.Init.PeriphInc = DMA_PINC_DISABLE;
 286:Core/Src/stm32f4xx_hal_msp.c ****     hdma_spi1_rx.Init.MemInc = DMA_MINC_ENABLE;
 287:Core/Src/stm32f4xx_hal_msp.c ****     hdma_spi1_rx.Init.PeriphDataAlignment = DMA_PDATAALIGN_BYTE;
 288:Core/Src/stm32f4xx_hal_msp.c ****     hdma_spi1_rx.Init.MemDataAlignment = DMA_MDATAALIGN_BYTE;
 289:Core/Src/stm32f4xx_hal_msp.c ****     hdma_spi1_rx.Init.Mode = DMA_NORMAL;
 290:Core/Src/stm32f4xx_hal_msp.c ****     hdma_spi1_rx.Init.Priority = DMA_PRIORITY_LOW;
 291:Core/Src/stm32f4xx_hal_msp.c ****     hdma_spi1_rx.Init.FIFOMode = DMA_FIFOMODE_DISABLE;
 292:Core/Src/stm32f4xx_hal_msp.c ****     if (HAL_DMA_Init(&hdma_spi1_rx) != HAL_OK)
 293:Core/Src/stm32f4xx_hal_msp.c ****     {
 294:Core/Src/stm32f4xx_hal_msp.c ****       Error_Handler();
 295:Core/Src/stm32f4xx_hal_msp.c ****     }
 296:Core/Src/stm32f4xx_hal_msp.c **** 
 297:Core/Src/stm32f4xx_hal_msp.c ****     __HAL_LINKDMA(hspi,hdmarx,hdma_spi1_rx);
 298:Core/Src/stm32f4xx_hal_msp.c **** 
 299:Core/Src/stm32f4xx_hal_msp.c ****     /* USER CODE BEGIN SPI1_MspInit 1 */
 300:Core/Src/stm32f4xx_hal_msp.c **** 
 301:Core/Src/stm32f4xx_hal_msp.c ****     /* USER CODE END SPI1_MspInit 1 */
 302:Core/Src/stm32f4xx_hal_msp.c **** 
 303:Core/Src/stm32f4xx_hal_msp.c ****   }
 304:Core/Src/stm32f4xx_hal_msp.c **** 
 305:Core/Src/stm32f4xx_hal_msp.c **** }
 551              		.loc 1 305 1 view .LVU154
 552 0018 09B0     		add	sp, sp, #36
 553              		.cfi_remember_state
 554              		.cfi_def_cfa_offset 12
 555              		@ sp needed
 556 001a 30BD     		pop	{r4, r5, pc}
 557              	.LVL29:
 558              	.L29:
 559              		.cfi_restore_state
 560              		.loc 1 305 1 view .LVU155
 561 001c 0446     		mov	r4, r0
 265:Core/Src/stm32f4xx_hal_msp.c **** 
ARM GAS  C:\Users\joabk\AppData\Local\Temp\cc4HsLQ9.s 			page 18


 562              		.loc 1 265 5 is_stmt 1 view .LVU156
 563              	.LBB11:
 265:Core/Src/stm32f4xx_hal_msp.c **** 
 564              		.loc 1 265 5 view .LVU157
 565 001e 0025     		movs	r5, #0
 566 0020 0195     		str	r5, [sp, #4]
 265:Core/Src/stm32f4xx_hal_msp.c **** 
 567              		.loc 1 265 5 view .LVU158
 568 0022 03F58433 		add	r3, r3, #67584
 569 0026 5A6C     		ldr	r2, [r3, #68]
 570 0028 42F48052 		orr	r2, r2, #4096
 571 002c 5A64     		str	r2, [r3, #68]
 265:Core/Src/stm32f4xx_hal_msp.c **** 
 572              		.loc 1 265 5 view .LVU159
 573 002e 5A6C     		ldr	r2, [r3, #68]
 574 0030 02F48052 		and	r2, r2, #4096
 575 0034 0192     		str	r2, [sp, #4]
 265:Core/Src/stm32f4xx_hal_msp.c **** 
 576              		.loc 1 265 5 view .LVU160
 577 0036 019A     		ldr	r2, [sp, #4]
 578              	.LBE11:
 265:Core/Src/stm32f4xx_hal_msp.c **** 
 579              		.loc 1 265 5 view .LVU161
 267:Core/Src/stm32f4xx_hal_msp.c ****     /**SPI1 GPIO Configuration
 580              		.loc 1 267 5 view .LVU162
 581              	.LBB12:
 267:Core/Src/stm32f4xx_hal_msp.c ****     /**SPI1 GPIO Configuration
 582              		.loc 1 267 5 view .LVU163
 583 0038 0295     		str	r5, [sp, #8]
 267:Core/Src/stm32f4xx_hal_msp.c ****     /**SPI1 GPIO Configuration
 584              		.loc 1 267 5 view .LVU164
 585 003a 1A6B     		ldr	r2, [r3, #48]
 586 003c 42F00102 		orr	r2, r2, #1
 587 0040 1A63     		str	r2, [r3, #48]
 267:Core/Src/stm32f4xx_hal_msp.c ****     /**SPI1 GPIO Configuration
 588              		.loc 1 267 5 view .LVU165
 589 0042 1B6B     		ldr	r3, [r3, #48]
 590 0044 03F00103 		and	r3, r3, #1
 591 0048 0293     		str	r3, [sp, #8]
 267:Core/Src/stm32f4xx_hal_msp.c ****     /**SPI1 GPIO Configuration
 592              		.loc 1 267 5 view .LVU166
 593 004a 029B     		ldr	r3, [sp, #8]
 594              	.LBE12:
 267:Core/Src/stm32f4xx_hal_msp.c ****     /**SPI1 GPIO Configuration
 595              		.loc 1 267 5 view .LVU167
 273:Core/Src/stm32f4xx_hal_msp.c ****     GPIO_InitStruct.Mode = GPIO_MODE_AF_PP;
 596              		.loc 1 273 5 view .LVU168
 273:Core/Src/stm32f4xx_hal_msp.c ****     GPIO_InitStruct.Mode = GPIO_MODE_AF_PP;
 597              		.loc 1 273 25 is_stmt 0 view .LVU169
 598 004c E023     		movs	r3, #224
 599 004e 0393     		str	r3, [sp, #12]
 274:Core/Src/stm32f4xx_hal_msp.c ****     GPIO_InitStruct.Pull = GPIO_NOPULL;
 600              		.loc 1 274 5 is_stmt 1 view .LVU170
 274:Core/Src/stm32f4xx_hal_msp.c ****     GPIO_InitStruct.Pull = GPIO_NOPULL;
 601              		.loc 1 274 26 is_stmt 0 view .LVU171
 602 0050 0223     		movs	r3, #2
 603 0052 0493     		str	r3, [sp, #16]
ARM GAS  C:\Users\joabk\AppData\Local\Temp\cc4HsLQ9.s 			page 19


 275:Core/Src/stm32f4xx_hal_msp.c ****     GPIO_InitStruct.Speed = GPIO_SPEED_FREQ_VERY_HIGH;
 604              		.loc 1 275 5 is_stmt 1 view .LVU172
 276:Core/Src/stm32f4xx_hal_msp.c ****     GPIO_InitStruct.Alternate = GPIO_AF5_SPI1;
 605              		.loc 1 276 5 view .LVU173
 276:Core/Src/stm32f4xx_hal_msp.c ****     GPIO_InitStruct.Alternate = GPIO_AF5_SPI1;
 606              		.loc 1 276 27 is_stmt 0 view .LVU174
 607 0054 0323     		movs	r3, #3
 608 0056 0693     		str	r3, [sp, #24]
 277:Core/Src/stm32f4xx_hal_msp.c ****     HAL_GPIO_Init(GPIOA, &GPIO_InitStruct);
 609              		.loc 1 277 5 is_stmt 1 view .LVU175
 277:Core/Src/stm32f4xx_hal_msp.c ****     HAL_GPIO_Init(GPIOA, &GPIO_InitStruct);
 610              		.loc 1 277 31 is_stmt 0 view .LVU176
 611 0058 0523     		movs	r3, #5
 612 005a 0793     		str	r3, [sp, #28]
 278:Core/Src/stm32f4xx_hal_msp.c **** 
 613              		.loc 1 278 5 is_stmt 1 view .LVU177
 614 005c 03A9     		add	r1, sp, #12
 615 005e 0F48     		ldr	r0, .L31+4
 616              	.LVL30:
 278:Core/Src/stm32f4xx_hal_msp.c **** 
 617              		.loc 1 278 5 is_stmt 0 view .LVU178
 618 0060 FFF7FEFF 		bl	HAL_GPIO_Init
 619              	.LVL31:
 282:Core/Src/stm32f4xx_hal_msp.c ****     hdma_spi1_rx.Init.Channel = DMA_CHANNEL_3;
 620              		.loc 1 282 5 is_stmt 1 view .LVU179
 282:Core/Src/stm32f4xx_hal_msp.c ****     hdma_spi1_rx.Init.Channel = DMA_CHANNEL_3;
 621              		.loc 1 282 27 is_stmt 0 view .LVU180
 622 0064 0E48     		ldr	r0, .L31+8
 623 0066 0F4B     		ldr	r3, .L31+12
 624 0068 0360     		str	r3, [r0]
 283:Core/Src/stm32f4xx_hal_msp.c ****     hdma_spi1_rx.Init.Direction = DMA_PERIPH_TO_MEMORY;
 625              		.loc 1 283 5 is_stmt 1 view .LVU181
 283:Core/Src/stm32f4xx_hal_msp.c ****     hdma_spi1_rx.Init.Direction = DMA_PERIPH_TO_MEMORY;
 626              		.loc 1 283 31 is_stmt 0 view .LVU182
 627 006a 4FF0C063 		mov	r3, #100663296
 628 006e 4360     		str	r3, [r0, #4]
 284:Core/Src/stm32f4xx_hal_msp.c ****     hdma_spi1_rx.Init.PeriphInc = DMA_PINC_DISABLE;
 629              		.loc 1 284 5 is_stmt 1 view .LVU183
 284:Core/Src/stm32f4xx_hal_msp.c ****     hdma_spi1_rx.Init.PeriphInc = DMA_PINC_DISABLE;
 630              		.loc 1 284 33 is_stmt 0 view .LVU184
 631 0070 8560     		str	r5, [r0, #8]
 285:Core/Src/stm32f4xx_hal_msp.c ****     hdma_spi1_rx.Init.MemInc = DMA_MINC_ENABLE;
 632              		.loc 1 285 5 is_stmt 1 view .LVU185
 285:Core/Src/stm32f4xx_hal_msp.c ****     hdma_spi1_rx.Init.MemInc = DMA_MINC_ENABLE;
 633              		.loc 1 285 33 is_stmt 0 view .LVU186
 634 0072 C560     		str	r5, [r0, #12]
 286:Core/Src/stm32f4xx_hal_msp.c ****     hdma_spi1_rx.Init.PeriphDataAlignment = DMA_PDATAALIGN_BYTE;
 635              		.loc 1 286 5 is_stmt 1 view .LVU187
 286:Core/Src/stm32f4xx_hal_msp.c ****     hdma_spi1_rx.Init.PeriphDataAlignment = DMA_PDATAALIGN_BYTE;
 636              		.loc 1 286 30 is_stmt 0 view .LVU188
 637 0074 4FF48063 		mov	r3, #1024
 638 0078 0361     		str	r3, [r0, #16]
 287:Core/Src/stm32f4xx_hal_msp.c ****     hdma_spi1_rx.Init.MemDataAlignment = DMA_MDATAALIGN_BYTE;
 639              		.loc 1 287 5 is_stmt 1 view .LVU189
 287:Core/Src/stm32f4xx_hal_msp.c ****     hdma_spi1_rx.Init.MemDataAlignment = DMA_MDATAALIGN_BYTE;
 640              		.loc 1 287 43 is_stmt 0 view .LVU190
 641 007a 4561     		str	r5, [r0, #20]
ARM GAS  C:\Users\joabk\AppData\Local\Temp\cc4HsLQ9.s 			page 20


 288:Core/Src/stm32f4xx_hal_msp.c ****     hdma_spi1_rx.Init.Mode = DMA_NORMAL;
 642              		.loc 1 288 5 is_stmt 1 view .LVU191
 288:Core/Src/stm32f4xx_hal_msp.c ****     hdma_spi1_rx.Init.Mode = DMA_NORMAL;
 643              		.loc 1 288 40 is_stmt 0 view .LVU192
 644 007c 8561     		str	r5, [r0, #24]
 289:Core/Src/stm32f4xx_hal_msp.c ****     hdma_spi1_rx.Init.Priority = DMA_PRIORITY_LOW;
 645              		.loc 1 289 5 is_stmt 1 view .LVU193
 289:Core/Src/stm32f4xx_hal_msp.c ****     hdma_spi1_rx.Init.Priority = DMA_PRIORITY_LOW;
 646              		.loc 1 289 28 is_stmt 0 view .LVU194
 647 007e C561     		str	r5, [r0, #28]
 290:Core/Src/stm32f4xx_hal_msp.c ****     hdma_spi1_rx.Init.FIFOMode = DMA_FIFOMODE_DISABLE;
 648              		.loc 1 290 5 is_stmt 1 view .LVU195
 290:Core/Src/stm32f4xx_hal_msp.c ****     hdma_spi1_rx.Init.FIFOMode = DMA_FIFOMODE_DISABLE;
 649              		.loc 1 290 32 is_stmt 0 view .LVU196
 650 0080 0562     		str	r5, [r0, #32]
 291:Core/Src/stm32f4xx_hal_msp.c ****     if (HAL_DMA_Init(&hdma_spi1_rx) != HAL_OK)
 651              		.loc 1 291 5 is_stmt 1 view .LVU197
 291:Core/Src/stm32f4xx_hal_msp.c ****     if (HAL_DMA_Init(&hdma_spi1_rx) != HAL_OK)
 652              		.loc 1 291 32 is_stmt 0 view .LVU198
 653 0082 4562     		str	r5, [r0, #36]
 292:Core/Src/stm32f4xx_hal_msp.c ****     {
 654              		.loc 1 292 5 is_stmt 1 view .LVU199
 292:Core/Src/stm32f4xx_hal_msp.c ****     {
 655              		.loc 1 292 9 is_stmt 0 view .LVU200
 656 0084 FFF7FEFF 		bl	HAL_DMA_Init
 657              	.LVL32:
 292:Core/Src/stm32f4xx_hal_msp.c ****     {
 658              		.loc 1 292 8 discriminator 1 view .LVU201
 659 0088 18B9     		cbnz	r0, .L30
 660              	.L27:
 297:Core/Src/stm32f4xx_hal_msp.c **** 
 661              		.loc 1 297 5 is_stmt 1 view .LVU202
 297:Core/Src/stm32f4xx_hal_msp.c **** 
 662              		.loc 1 297 5 view .LVU203
 663 008a 054B     		ldr	r3, .L31+8
 664 008c E364     		str	r3, [r4, #76]
 297:Core/Src/stm32f4xx_hal_msp.c **** 
 665              		.loc 1 297 5 view .LVU204
 666 008e 9C63     		str	r4, [r3, #56]
 297:Core/Src/stm32f4xx_hal_msp.c **** 
 667              		.loc 1 297 5 discriminator 1 view .LVU205
 668              		.loc 1 305 1 is_stmt 0 view .LVU206
 669 0090 C2E7     		b	.L25
 670              	.L30:
 294:Core/Src/stm32f4xx_hal_msp.c ****     }
 671              		.loc 1 294 7 is_stmt 1 view .LVU207
 672 0092 FFF7FEFF 		bl	Error_Handler
 673              	.LVL33:
 674 0096 F8E7     		b	.L27
 675              	.L32:
 676              		.align	2
 677              	.L31:
 678 0098 00300140 		.word	1073819648
 679 009c 00000240 		.word	1073872896
 680 00a0 00000000 		.word	hdma_spi1_rx
 681 00a4 10640240 		.word	1073898512
 682              		.cfi_endproc
ARM GAS  C:\Users\joabk\AppData\Local\Temp\cc4HsLQ9.s 			page 21


 683              	.LFE137:
 685              		.section	.text.HAL_SPI_MspDeInit,"ax",%progbits
 686              		.align	1
 687              		.global	HAL_SPI_MspDeInit
 688              		.syntax unified
 689              		.thumb
 690              		.thumb_func
 692              	HAL_SPI_MspDeInit:
 693              	.LVL34:
 694              	.LFB138:
 306:Core/Src/stm32f4xx_hal_msp.c **** 
 307:Core/Src/stm32f4xx_hal_msp.c **** /**
 308:Core/Src/stm32f4xx_hal_msp.c ****   * @brief SPI MSP De-Initialization
 309:Core/Src/stm32f4xx_hal_msp.c ****   * This function freeze the hardware resources used in this example
 310:Core/Src/stm32f4xx_hal_msp.c ****   * @param hspi: SPI handle pointer
 311:Core/Src/stm32f4xx_hal_msp.c ****   * @retval None
 312:Core/Src/stm32f4xx_hal_msp.c ****   */
 313:Core/Src/stm32f4xx_hal_msp.c **** void HAL_SPI_MspDeInit(SPI_HandleTypeDef* hspi)
 314:Core/Src/stm32f4xx_hal_msp.c **** {
 695              		.loc 1 314 1 view -0
 696              		.cfi_startproc
 697              		@ args = 0, pretend = 0, frame = 0
 698              		@ frame_needed = 0, uses_anonymous_args = 0
 315:Core/Src/stm32f4xx_hal_msp.c ****   if(hspi->Instance==SPI1)
 699              		.loc 1 315 3 view .LVU209
 700              		.loc 1 315 10 is_stmt 0 view .LVU210
 701 0000 0268     		ldr	r2, [r0]
 702              		.loc 1 315 5 view .LVU211
 703 0002 094B     		ldr	r3, .L40
 704 0004 9A42     		cmp	r2, r3
 705 0006 00D0     		beq	.L39
 706 0008 7047     		bx	lr
 707              	.L39:
 314:Core/Src/stm32f4xx_hal_msp.c ****   if(hspi->Instance==SPI1)
 708              		.loc 1 314 1 view .LVU212
 709 000a 10B5     		push	{r4, lr}
 710              		.cfi_def_cfa_offset 8
 711              		.cfi_offset 4, -8
 712              		.cfi_offset 14, -4
 713 000c 0446     		mov	r4, r0
 316:Core/Src/stm32f4xx_hal_msp.c ****   {
 317:Core/Src/stm32f4xx_hal_msp.c ****     /* USER CODE BEGIN SPI1_MspDeInit 0 */
 318:Core/Src/stm32f4xx_hal_msp.c **** 
 319:Core/Src/stm32f4xx_hal_msp.c ****     /* USER CODE END SPI1_MspDeInit 0 */
 320:Core/Src/stm32f4xx_hal_msp.c ****     /* Peripheral clock disable */
 321:Core/Src/stm32f4xx_hal_msp.c ****     __HAL_RCC_SPI1_CLK_DISABLE();
 714              		.loc 1 321 5 is_stmt 1 view .LVU213
 715 000e 074A     		ldr	r2, .L40+4
 716 0010 536C     		ldr	r3, [r2, #68]
 717 0012 23F48053 		bic	r3, r3, #4096
 718 0016 5364     		str	r3, [r2, #68]
 322:Core/Src/stm32f4xx_hal_msp.c **** 
 323:Core/Src/stm32f4xx_hal_msp.c ****     /**SPI1 GPIO Configuration
 324:Core/Src/stm32f4xx_hal_msp.c ****     PA5     ------> SPI1_SCK
 325:Core/Src/stm32f4xx_hal_msp.c ****     PA6     ------> SPI1_MISO
 326:Core/Src/stm32f4xx_hal_msp.c ****     PA7     ------> SPI1_MOSI
 327:Core/Src/stm32f4xx_hal_msp.c ****     */
ARM GAS  C:\Users\joabk\AppData\Local\Temp\cc4HsLQ9.s 			page 22


 328:Core/Src/stm32f4xx_hal_msp.c ****     HAL_GPIO_DeInit(GPIOA, GPIO_PIN_5|GPIO_PIN_6|GPIO_PIN_7);
 719              		.loc 1 328 5 view .LVU214
 720 0018 E021     		movs	r1, #224
 721 001a 0548     		ldr	r0, .L40+8
 722              	.LVL35:
 723              		.loc 1 328 5 is_stmt 0 view .LVU215
 724 001c FFF7FEFF 		bl	HAL_GPIO_DeInit
 725              	.LVL36:
 329:Core/Src/stm32f4xx_hal_msp.c **** 
 330:Core/Src/stm32f4xx_hal_msp.c ****     /* SPI1 DMA DeInit */
 331:Core/Src/stm32f4xx_hal_msp.c ****     HAL_DMA_DeInit(hspi->hdmarx);
 726              		.loc 1 331 5 is_stmt 1 view .LVU216
 727 0020 E06C     		ldr	r0, [r4, #76]
 728 0022 FFF7FEFF 		bl	HAL_DMA_DeInit
 729              	.LVL37:
 332:Core/Src/stm32f4xx_hal_msp.c ****     /* USER CODE BEGIN SPI1_MspDeInit 1 */
 333:Core/Src/stm32f4xx_hal_msp.c **** 
 334:Core/Src/stm32f4xx_hal_msp.c ****     /* USER CODE END SPI1_MspDeInit 1 */
 335:Core/Src/stm32f4xx_hal_msp.c ****   }
 336:Core/Src/stm32f4xx_hal_msp.c **** 
 337:Core/Src/stm32f4xx_hal_msp.c **** }
 730              		.loc 1 337 1 is_stmt 0 view .LVU217
 731 0026 10BD     		pop	{r4, pc}
 732              	.LVL38:
 733              	.L41:
 734              		.loc 1 337 1 view .LVU218
 735              		.align	2
 736              	.L40:
 737 0028 00300140 		.word	1073819648
 738 002c 00380240 		.word	1073887232
 739 0030 00000240 		.word	1073872896
 740              		.cfi_endproc
 741              	.LFE138:
 743              		.section	.text.HAL_TIM_Base_MspInit,"ax",%progbits
 744              		.align	1
 745              		.global	HAL_TIM_Base_MspInit
 746              		.syntax unified
 747              		.thumb
 748              		.thumb_func
 750              	HAL_TIM_Base_MspInit:
 751              	.LVL39:
 752              	.LFB139:
 338:Core/Src/stm32f4xx_hal_msp.c **** 
 339:Core/Src/stm32f4xx_hal_msp.c **** /**
 340:Core/Src/stm32f4xx_hal_msp.c ****   * @brief TIM_Base MSP Initialization
 341:Core/Src/stm32f4xx_hal_msp.c ****   * This function configures the hardware resources used in this example
 342:Core/Src/stm32f4xx_hal_msp.c ****   * @param htim_base: TIM_Base handle pointer
 343:Core/Src/stm32f4xx_hal_msp.c ****   * @retval None
 344:Core/Src/stm32f4xx_hal_msp.c ****   */
 345:Core/Src/stm32f4xx_hal_msp.c **** void HAL_TIM_Base_MspInit(TIM_HandleTypeDef* htim_base)
 346:Core/Src/stm32f4xx_hal_msp.c **** {
 753              		.loc 1 346 1 is_stmt 1 view -0
 754              		.cfi_startproc
 755              		@ args = 0, pretend = 0, frame = 8
 756              		@ frame_needed = 0, uses_anonymous_args = 0
 347:Core/Src/stm32f4xx_hal_msp.c ****   if(htim_base->Instance==TIM11)
 757              		.loc 1 347 3 view .LVU220
ARM GAS  C:\Users\joabk\AppData\Local\Temp\cc4HsLQ9.s 			page 23


 758              		.loc 1 347 15 is_stmt 0 view .LVU221
 759 0000 0268     		ldr	r2, [r0]
 760              		.loc 1 347 5 view .LVU222
 761 0002 0E4B     		ldr	r3, .L49
 762 0004 9A42     		cmp	r2, r3
 763 0006 00D0     		beq	.L48
 764 0008 7047     		bx	lr
 765              	.L48:
 346:Core/Src/stm32f4xx_hal_msp.c ****   if(htim_base->Instance==TIM11)
 766              		.loc 1 346 1 view .LVU223
 767 000a 00B5     		push	{lr}
 768              		.cfi_def_cfa_offset 4
 769              		.cfi_offset 14, -4
 770 000c 83B0     		sub	sp, sp, #12
 771              		.cfi_def_cfa_offset 16
 348:Core/Src/stm32f4xx_hal_msp.c ****   {
 349:Core/Src/stm32f4xx_hal_msp.c ****     /* USER CODE BEGIN TIM11_MspInit 0 */
 350:Core/Src/stm32f4xx_hal_msp.c **** 
 351:Core/Src/stm32f4xx_hal_msp.c ****     /* USER CODE END TIM11_MspInit 0 */
 352:Core/Src/stm32f4xx_hal_msp.c ****     /* Peripheral clock enable */
 353:Core/Src/stm32f4xx_hal_msp.c ****     __HAL_RCC_TIM11_CLK_ENABLE();
 772              		.loc 1 353 5 is_stmt 1 view .LVU224
 773              	.LBB13:
 774              		.loc 1 353 5 view .LVU225
 775 000e 0021     		movs	r1, #0
 776 0010 0191     		str	r1, [sp, #4]
 777              		.loc 1 353 5 view .LVU226
 778 0012 03F57043 		add	r3, r3, #61440
 779 0016 5A6C     		ldr	r2, [r3, #68]
 780 0018 42F48022 		orr	r2, r2, #262144
 781 001c 5A64     		str	r2, [r3, #68]
 782              		.loc 1 353 5 view .LVU227
 783 001e 5B6C     		ldr	r3, [r3, #68]
 784 0020 03F48023 		and	r3, r3, #262144
 785 0024 0193     		str	r3, [sp, #4]
 786              		.loc 1 353 5 view .LVU228
 787 0026 019B     		ldr	r3, [sp, #4]
 788              	.LBE13:
 789              		.loc 1 353 5 view .LVU229
 354:Core/Src/stm32f4xx_hal_msp.c ****     /* TIM11 interrupt Init */
 355:Core/Src/stm32f4xx_hal_msp.c ****     HAL_NVIC_SetPriority(TIM1_TRG_COM_TIM11_IRQn, 0, 0);
 790              		.loc 1 355 5 view .LVU230
 791 0028 0A46     		mov	r2, r1
 792 002a 1A20     		movs	r0, #26
 793              	.LVL40:
 794              		.loc 1 355 5 is_stmt 0 view .LVU231
 795 002c FFF7FEFF 		bl	HAL_NVIC_SetPriority
 796              	.LVL41:
 356:Core/Src/stm32f4xx_hal_msp.c ****     HAL_NVIC_EnableIRQ(TIM1_TRG_COM_TIM11_IRQn);
 797              		.loc 1 356 5 is_stmt 1 view .LVU232
 798 0030 1A20     		movs	r0, #26
 799 0032 FFF7FEFF 		bl	HAL_NVIC_EnableIRQ
 800              	.LVL42:
 357:Core/Src/stm32f4xx_hal_msp.c ****     /* USER CODE BEGIN TIM11_MspInit 1 */
 358:Core/Src/stm32f4xx_hal_msp.c **** 
 359:Core/Src/stm32f4xx_hal_msp.c ****     /* USER CODE END TIM11_MspInit 1 */
 360:Core/Src/stm32f4xx_hal_msp.c **** 
ARM GAS  C:\Users\joabk\AppData\Local\Temp\cc4HsLQ9.s 			page 24


 361:Core/Src/stm32f4xx_hal_msp.c ****   }
 362:Core/Src/stm32f4xx_hal_msp.c **** 
 363:Core/Src/stm32f4xx_hal_msp.c **** }
 801              		.loc 1 363 1 is_stmt 0 view .LVU233
 802 0036 03B0     		add	sp, sp, #12
 803              		.cfi_def_cfa_offset 4
 804              		@ sp needed
 805 0038 5DF804FB 		ldr	pc, [sp], #4
 806              	.L50:
 807              		.align	2
 808              	.L49:
 809 003c 00480140 		.word	1073825792
 810              		.cfi_endproc
 811              	.LFE139:
 813              		.section	.text.HAL_TIM_Base_MspDeInit,"ax",%progbits
 814              		.align	1
 815              		.global	HAL_TIM_Base_MspDeInit
 816              		.syntax unified
 817              		.thumb
 818              		.thumb_func
 820              	HAL_TIM_Base_MspDeInit:
 821              	.LVL43:
 822              	.LFB140:
 364:Core/Src/stm32f4xx_hal_msp.c **** 
 365:Core/Src/stm32f4xx_hal_msp.c **** /**
 366:Core/Src/stm32f4xx_hal_msp.c ****   * @brief TIM_Base MSP De-Initialization
 367:Core/Src/stm32f4xx_hal_msp.c ****   * This function freeze the hardware resources used in this example
 368:Core/Src/stm32f4xx_hal_msp.c ****   * @param htim_base: TIM_Base handle pointer
 369:Core/Src/stm32f4xx_hal_msp.c ****   * @retval None
 370:Core/Src/stm32f4xx_hal_msp.c ****   */
 371:Core/Src/stm32f4xx_hal_msp.c **** void HAL_TIM_Base_MspDeInit(TIM_HandleTypeDef* htim_base)
 372:Core/Src/stm32f4xx_hal_msp.c **** {
 823              		.loc 1 372 1 is_stmt 1 view -0
 824              		.cfi_startproc
 825              		@ args = 0, pretend = 0, frame = 0
 826              		@ frame_needed = 0, uses_anonymous_args = 0
 827              		.loc 1 372 1 is_stmt 0 view .LVU235
 828 0000 08B5     		push	{r3, lr}
 829              		.cfi_def_cfa_offset 8
 830              		.cfi_offset 3, -8
 831              		.cfi_offset 14, -4
 373:Core/Src/stm32f4xx_hal_msp.c ****   if(htim_base->Instance==TIM11)
 832              		.loc 1 373 3 is_stmt 1 view .LVU236
 833              		.loc 1 373 15 is_stmt 0 view .LVU237
 834 0002 0268     		ldr	r2, [r0]
 835              		.loc 1 373 5 view .LVU238
 836 0004 064B     		ldr	r3, .L55
 837 0006 9A42     		cmp	r2, r3
 838 0008 00D0     		beq	.L54
 839              	.LVL44:
 840              	.L51:
 374:Core/Src/stm32f4xx_hal_msp.c ****   {
 375:Core/Src/stm32f4xx_hal_msp.c ****     /* USER CODE BEGIN TIM11_MspDeInit 0 */
 376:Core/Src/stm32f4xx_hal_msp.c **** 
 377:Core/Src/stm32f4xx_hal_msp.c ****     /* USER CODE END TIM11_MspDeInit 0 */
 378:Core/Src/stm32f4xx_hal_msp.c ****     /* Peripheral clock disable */
 379:Core/Src/stm32f4xx_hal_msp.c ****     __HAL_RCC_TIM11_CLK_DISABLE();
ARM GAS  C:\Users\joabk\AppData\Local\Temp\cc4HsLQ9.s 			page 25


 380:Core/Src/stm32f4xx_hal_msp.c **** 
 381:Core/Src/stm32f4xx_hal_msp.c ****     /* TIM11 interrupt DeInit */
 382:Core/Src/stm32f4xx_hal_msp.c ****     HAL_NVIC_DisableIRQ(TIM1_TRG_COM_TIM11_IRQn);
 383:Core/Src/stm32f4xx_hal_msp.c ****     /* USER CODE BEGIN TIM11_MspDeInit 1 */
 384:Core/Src/stm32f4xx_hal_msp.c **** 
 385:Core/Src/stm32f4xx_hal_msp.c ****     /* USER CODE END TIM11_MspDeInit 1 */
 386:Core/Src/stm32f4xx_hal_msp.c ****   }
 387:Core/Src/stm32f4xx_hal_msp.c **** 
 388:Core/Src/stm32f4xx_hal_msp.c **** }
 841              		.loc 1 388 1 view .LVU239
 842 000a 08BD     		pop	{r3, pc}
 843              	.LVL45:
 844              	.L54:
 379:Core/Src/stm32f4xx_hal_msp.c **** 
 845              		.loc 1 379 5 is_stmt 1 view .LVU240
 846 000c 054A     		ldr	r2, .L55+4
 847 000e 536C     		ldr	r3, [r2, #68]
 848 0010 23F48023 		bic	r3, r3, #262144
 849 0014 5364     		str	r3, [r2, #68]
 382:Core/Src/stm32f4xx_hal_msp.c ****     /* USER CODE BEGIN TIM11_MspDeInit 1 */
 850              		.loc 1 382 5 view .LVU241
 851 0016 1A20     		movs	r0, #26
 852              	.LVL46:
 382:Core/Src/stm32f4xx_hal_msp.c ****     /* USER CODE BEGIN TIM11_MspDeInit 1 */
 853              		.loc 1 382 5 is_stmt 0 view .LVU242
 854 0018 FFF7FEFF 		bl	HAL_NVIC_DisableIRQ
 855              	.LVL47:
 856              		.loc 1 388 1 view .LVU243
 857 001c F5E7     		b	.L51
 858              	.L56:
 859 001e 00BF     		.align	2
 860              	.L55:
 861 0020 00480140 		.word	1073825792
 862 0024 00380240 		.word	1073887232
 863              		.cfi_endproc
 864              	.LFE140:
 866              		.text
 867              	.Letext0:
 868              		.file 2 "Drivers/CMSIS/Device/ST/STM32F4xx/Include/stm32f401xe.h"
 869              		.file 3 "C:/Users/joabk/AppData/Roaming/Code/User/globalStorage/bmd.stm32-for-vscode/@xpack-dev-to
 870              		.file 4 "C:/Users/joabk/AppData/Roaming/Code/User/globalStorage/bmd.stm32-for-vscode/@xpack-dev-to
 871              		.file 5 "Drivers/STM32F4xx_HAL_Driver/Inc/stm32f4xx_hal_def.h"
 872              		.file 6 "Drivers/STM32F4xx_HAL_Driver/Inc/stm32f4xx_hal_gpio.h"
 873              		.file 7 "Drivers/STM32F4xx_HAL_Driver/Inc/stm32f4xx_hal_dma.h"
 874              		.file 8 "Drivers/STM32F4xx_HAL_Driver/Inc/stm32f4xx_hal_i2c.h"
 875              		.file 9 "Drivers/STM32F4xx_HAL_Driver/Inc/stm32f4xx_hal_spi.h"
 876              		.file 10 "Drivers/STM32F4xx_HAL_Driver/Inc/stm32f4xx_hal_tim.h"
 877              		.file 11 "Drivers/STM32F4xx_HAL_Driver/Inc/stm32f4xx_hal_cortex.h"
 878              		.file 12 "Core/Inc/main.h"
ARM GAS  C:\Users\joabk\AppData\Local\Temp\cc4HsLQ9.s 			page 26


DEFINED SYMBOLS
                            *ABS*:00000000 stm32f4xx_hal_msp.c
C:\Users\joabk\AppData\Local\Temp\cc4HsLQ9.s:21     .text.HAL_MspInit:00000000 $t
C:\Users\joabk\AppData\Local\Temp\cc4HsLQ9.s:27     .text.HAL_MspInit:00000000 HAL_MspInit
C:\Users\joabk\AppData\Local\Temp\cc4HsLQ9.s:78     .text.HAL_MspInit:00000034 $d
C:\Users\joabk\AppData\Local\Temp\cc4HsLQ9.s:83     .text.HAL_I2C_MspInit:00000000 $t
C:\Users\joabk\AppData\Local\Temp\cc4HsLQ9.s:89     .text.HAL_I2C_MspInit:00000000 HAL_I2C_MspInit
C:\Users\joabk\AppData\Local\Temp\cc4HsLQ9.s:389    .text.HAL_I2C_MspInit:0000014c $d
C:\Users\joabk\AppData\Local\Temp\cc4HsLQ9.s:399    .text.HAL_I2C_MspDeInit:00000000 $t
C:\Users\joabk\AppData\Local\Temp\cc4HsLQ9.s:405    .text.HAL_I2C_MspDeInit:00000000 HAL_I2C_MspDeInit
C:\Users\joabk\AppData\Local\Temp\cc4HsLQ9.s:504    .text.HAL_I2C_MspDeInit:0000007c $d
C:\Users\joabk\AppData\Local\Temp\cc4HsLQ9.s:513    .text.HAL_SPI_MspInit:00000000 $t
C:\Users\joabk\AppData\Local\Temp\cc4HsLQ9.s:519    .text.HAL_SPI_MspInit:00000000 HAL_SPI_MspInit
C:\Users\joabk\AppData\Local\Temp\cc4HsLQ9.s:678    .text.HAL_SPI_MspInit:00000098 $d
C:\Users\joabk\AppData\Local\Temp\cc4HsLQ9.s:686    .text.HAL_SPI_MspDeInit:00000000 $t
C:\Users\joabk\AppData\Local\Temp\cc4HsLQ9.s:692    .text.HAL_SPI_MspDeInit:00000000 HAL_SPI_MspDeInit
C:\Users\joabk\AppData\Local\Temp\cc4HsLQ9.s:737    .text.HAL_SPI_MspDeInit:00000028 $d
C:\Users\joabk\AppData\Local\Temp\cc4HsLQ9.s:744    .text.HAL_TIM_Base_MspInit:00000000 $t
C:\Users\joabk\AppData\Local\Temp\cc4HsLQ9.s:750    .text.HAL_TIM_Base_MspInit:00000000 HAL_TIM_Base_MspInit
C:\Users\joabk\AppData\Local\Temp\cc4HsLQ9.s:809    .text.HAL_TIM_Base_MspInit:0000003c $d
C:\Users\joabk\AppData\Local\Temp\cc4HsLQ9.s:814    .text.HAL_TIM_Base_MspDeInit:00000000 $t
C:\Users\joabk\AppData\Local\Temp\cc4HsLQ9.s:820    .text.HAL_TIM_Base_MspDeInit:00000000 HAL_TIM_Base_MspDeInit
C:\Users\joabk\AppData\Local\Temp\cc4HsLQ9.s:861    .text.HAL_TIM_Base_MspDeInit:00000020 $d

UNDEFINED SYMBOLS
HAL_GPIO_Init
HAL_GPIO_DeInit
HAL_DMA_Init
Error_Handler
hdma_spi1_rx
HAL_DMA_DeInit
HAL_NVIC_SetPriority
HAL_NVIC_EnableIRQ
HAL_NVIC_DisableIRQ
