ARM GAS  C:\Users\joabk\AppData\Local\Temp\ccsH38yD.s 			page 1


   1              		.cpu cortex-m4
   2              		.arch armv7e-m
   3              		.fpu fpv4-sp-d16
   4              		.eabi_attribute 27, 1
   5              		.eabi_attribute 28, 1
   6              		.eabi_attribute 20, 1
   7              		.eabi_attribute 21, 1
   8              		.eabi_attribute 23, 3
   9              		.eabi_attribute 24, 1
  10              		.eabi_attribute 25, 1
  11              		.eabi_attribute 26, 1
  12              		.eabi_attribute 30, 1
  13              		.eabi_attribute 34, 1
  14              		.eabi_attribute 18, 4
  15              		.file	"ssd1306.c"
  16              		.text
  17              		.section	.text.ssd1306_WriteCommand,"ax",%progbits
  18              		.align	1
  19              		.syntax unified
  20              		.thumb
  21              		.thumb_func
  23              	ssd1306_WriteCommand:
  24              		@ args = 0, pretend = 0, frame = 8
  25              		@ frame_needed = 0, uses_anonymous_args = 0
  26 0000 00B5     		push	{lr}
  27 0002 87B0     		sub	sp, sp, #28
  28 0004 8DF81710 		strb	r1, [sp, #23]
  29 0008 0A23     		movs	r3, #10
  30 000a 0293     		str	r3, [sp, #8]
  31 000c 0123     		movs	r3, #1
  32 000e 0193     		str	r3, [sp, #4]
  33 0010 0DF11702 		add	r2, sp, #23
  34 0014 0092     		str	r2, [sp]
  35 0016 0022     		movs	r2, #0
  36 0018 7821     		movs	r1, #120
  37 001a FFF7FEFF 		bl	HAL_I2C_Mem_Write
  38 001e 07B0     		add	sp, sp, #28
  39              		@ sp needed
  40 0020 5DF804FB 		ldr	pc, [sp], #4
  42              		.section	.text.ssd1306_Fill,"ax",%progbits
  43              		.align	1
  44              		.global	ssd1306_Fill
  45              		.syntax unified
  46              		.thumb
  47              		.thumb_func
  49              	ssd1306_Fill:
  50              		@ args = 0, pretend = 0, frame = 0
  51              		@ frame_needed = 0, uses_anonymous_args = 0
  52              		@ link register save eliminated.
  53 0000 0023     		movs	r3, #0
  54 0002 03E0     		b	.L4
  55              	.L7:
  56 0004 FF21     		movs	r1, #255
  57              	.L5:
  58 0006 054A     		ldr	r2, .L9
  59 0008 D154     		strb	r1, [r2, r3]
  60 000a 0133     		adds	r3, r3, #1
ARM GAS  C:\Users\joabk\AppData\Local\Temp\ccsH38yD.s 			page 2


  61              	.L4:
  62 000c B3F5806F 		cmp	r3, #1024
  63 0010 03D2     		bcs	.L8
  64 0012 0028     		cmp	r0, #0
  65 0014 F6D1     		bne	.L7
  66 0016 0146     		mov	r1, r0
  67 0018 F5E7     		b	.L5
  68              	.L8:
  69 001a 7047     		bx	lr
  70              	.L10:
  71              		.align	2
  72              	.L9:
  73 001c 00000000 		.word	SSD1306_Buffer
  75              		.section	.text.ssd1306_UpdateScreen,"ax",%progbits
  76              		.align	1
  77              		.global	ssd1306_UpdateScreen
  78              		.syntax unified
  79              		.thumb
  80              		.thumb_func
  82              	ssd1306_UpdateScreen:
  83              		@ args = 0, pretend = 0, frame = 0
  84              		@ frame_needed = 0, uses_anonymous_args = 0
  85 0000 30B5     		push	{r4, r5, lr}
  86 0002 85B0     		sub	sp, sp, #20
  87 0004 0546     		mov	r5, r0
  88 0006 0024     		movs	r4, #0
  89 0008 1DE0     		b	.L12
  90              	.L13:
  91 000a A4F15001 		sub	r1, r4, #80
  92 000e C9B2     		uxtb	r1, r1
  93 0010 2846     		mov	r0, r5
  94 0012 FFF7FEFF 		bl	ssd1306_WriteCommand
  95 0016 0021     		movs	r1, #0
  96 0018 2846     		mov	r0, r5
  97 001a FFF7FEFF 		bl	ssd1306_WriteCommand
  98 001e 1021     		movs	r1, #16
  99 0020 2846     		mov	r0, r5
 100 0022 FFF7FEFF 		bl	ssd1306_WriteCommand
 101 0026 6423     		movs	r3, #100
 102 0028 0293     		str	r3, [sp, #8]
 103 002a 8023     		movs	r3, #128
 104 002c 0193     		str	r3, [sp, #4]
 105 002e 084B     		ldr	r3, .L15
 106 0030 03EBC413 		add	r3, r3, r4, lsl #7
 107 0034 0093     		str	r3, [sp]
 108 0036 0123     		movs	r3, #1
 109 0038 4022     		movs	r2, #64
 110 003a 7821     		movs	r1, #120
 111 003c 2846     		mov	r0, r5
 112 003e FFF7FEFF 		bl	HAL_I2C_Mem_Write
 113 0042 0134     		adds	r4, r4, #1
 114 0044 E4B2     		uxtb	r4, r4
 115              	.L12:
 116 0046 072C     		cmp	r4, #7
 117 0048 DFD9     		bls	.L13
 118 004a 05B0     		add	sp, sp, #20
 119              		@ sp needed
ARM GAS  C:\Users\joabk\AppData\Local\Temp\ccsH38yD.s 			page 3


 120 004c 30BD     		pop	{r4, r5, pc}
 121              	.L16:
 122 004e 00BF     		.align	2
 123              	.L15:
 124 0050 00000000 		.word	SSD1306_Buffer
 126              		.section	.text.ssd1306_Init,"ax",%progbits
 127              		.align	1
 128              		.global	ssd1306_Init
 129              		.syntax unified
 130              		.thumb
 131              		.thumb_func
 133              	ssd1306_Init:
 134              		@ args = 0, pretend = 0, frame = 0
 135              		@ frame_needed = 0, uses_anonymous_args = 0
 136 0000 38B5     		push	{r3, r4, r5, lr}
 137 0002 0446     		mov	r4, r0
 138 0004 6420     		movs	r0, #100
 139 0006 FFF7FEFF 		bl	HAL_Delay
 140 000a AE21     		movs	r1, #174
 141 000c 2046     		mov	r0, r4
 142 000e FFF7FEFF 		bl	ssd1306_WriteCommand
 143 0012 0546     		mov	r5, r0
 144 0014 2021     		movs	r1, #32
 145 0016 2046     		mov	r0, r4
 146 0018 FFF7FEFF 		bl	ssd1306_WriteCommand
 147 001c 0544     		add	r5, r5, r0
 148 001e 1021     		movs	r1, #16
 149 0020 2046     		mov	r0, r4
 150 0022 FFF7FEFF 		bl	ssd1306_WriteCommand
 151 0026 0544     		add	r5, r5, r0
 152 0028 B021     		movs	r1, #176
 153 002a 2046     		mov	r0, r4
 154 002c FFF7FEFF 		bl	ssd1306_WriteCommand
 155 0030 0544     		add	r5, r5, r0
 156 0032 C821     		movs	r1, #200
 157 0034 2046     		mov	r0, r4
 158 0036 FFF7FEFF 		bl	ssd1306_WriteCommand
 159 003a 0544     		add	r5, r5, r0
 160 003c 0021     		movs	r1, #0
 161 003e 2046     		mov	r0, r4
 162 0040 FFF7FEFF 		bl	ssd1306_WriteCommand
 163 0044 0544     		add	r5, r5, r0
 164 0046 1021     		movs	r1, #16
 165 0048 2046     		mov	r0, r4
 166 004a FFF7FEFF 		bl	ssd1306_WriteCommand
 167 004e 0544     		add	r5, r5, r0
 168 0050 4021     		movs	r1, #64
 169 0052 2046     		mov	r0, r4
 170 0054 FFF7FEFF 		bl	ssd1306_WriteCommand
 171 0058 0544     		add	r5, r5, r0
 172 005a 8121     		movs	r1, #129
 173 005c 2046     		mov	r0, r4
 174 005e FFF7FEFF 		bl	ssd1306_WriteCommand
 175 0062 0544     		add	r5, r5, r0
 176 0064 FF21     		movs	r1, #255
 177 0066 2046     		mov	r0, r4
 178 0068 FFF7FEFF 		bl	ssd1306_WriteCommand
ARM GAS  C:\Users\joabk\AppData\Local\Temp\ccsH38yD.s 			page 4


 179 006c 0544     		add	r5, r5, r0
 180 006e A121     		movs	r1, #161
 181 0070 2046     		mov	r0, r4
 182 0072 FFF7FEFF 		bl	ssd1306_WriteCommand
 183 0076 0544     		add	r5, r5, r0
 184 0078 A621     		movs	r1, #166
 185 007a 2046     		mov	r0, r4
 186 007c FFF7FEFF 		bl	ssd1306_WriteCommand
 187 0080 0544     		add	r5, r5, r0
 188 0082 A821     		movs	r1, #168
 189 0084 2046     		mov	r0, r4
 190 0086 FFF7FEFF 		bl	ssd1306_WriteCommand
 191 008a 0544     		add	r5, r5, r0
 192 008c 3F21     		movs	r1, #63
 193 008e 2046     		mov	r0, r4
 194 0090 FFF7FEFF 		bl	ssd1306_WriteCommand
 195 0094 0544     		add	r5, r5, r0
 196 0096 A421     		movs	r1, #164
 197 0098 2046     		mov	r0, r4
 198 009a FFF7FEFF 		bl	ssd1306_WriteCommand
 199 009e 0544     		add	r5, r5, r0
 200 00a0 D321     		movs	r1, #211
 201 00a2 2046     		mov	r0, r4
 202 00a4 FFF7FEFF 		bl	ssd1306_WriteCommand
 203 00a8 0544     		add	r5, r5, r0
 204 00aa 0021     		movs	r1, #0
 205 00ac 2046     		mov	r0, r4
 206 00ae FFF7FEFF 		bl	ssd1306_WriteCommand
 207 00b2 0544     		add	r5, r5, r0
 208 00b4 D521     		movs	r1, #213
 209 00b6 2046     		mov	r0, r4
 210 00b8 FFF7FEFF 		bl	ssd1306_WriteCommand
 211 00bc 0544     		add	r5, r5, r0
 212 00be F021     		movs	r1, #240
 213 00c0 2046     		mov	r0, r4
 214 00c2 FFF7FEFF 		bl	ssd1306_WriteCommand
 215 00c6 0544     		add	r5, r5, r0
 216 00c8 D921     		movs	r1, #217
 217 00ca 2046     		mov	r0, r4
 218 00cc FFF7FEFF 		bl	ssd1306_WriteCommand
 219 00d0 0544     		add	r5, r5, r0
 220 00d2 2221     		movs	r1, #34
 221 00d4 2046     		mov	r0, r4
 222 00d6 FFF7FEFF 		bl	ssd1306_WriteCommand
 223 00da 0544     		add	r5, r5, r0
 224 00dc DA21     		movs	r1, #218
 225 00de 2046     		mov	r0, r4
 226 00e0 FFF7FEFF 		bl	ssd1306_WriteCommand
 227 00e4 0544     		add	r5, r5, r0
 228 00e6 1221     		movs	r1, #18
 229 00e8 2046     		mov	r0, r4
 230 00ea FFF7FEFF 		bl	ssd1306_WriteCommand
 231 00ee 0544     		add	r5, r5, r0
 232 00f0 DB21     		movs	r1, #219
 233 00f2 2046     		mov	r0, r4
 234 00f4 FFF7FEFF 		bl	ssd1306_WriteCommand
 235 00f8 0544     		add	r5, r5, r0
ARM GAS  C:\Users\joabk\AppData\Local\Temp\ccsH38yD.s 			page 5


 236 00fa 2021     		movs	r1, #32
 237 00fc 2046     		mov	r0, r4
 238 00fe FFF7FEFF 		bl	ssd1306_WriteCommand
 239 0102 0544     		add	r5, r5, r0
 240 0104 8D21     		movs	r1, #141
 241 0106 2046     		mov	r0, r4
 242 0108 FFF7FEFF 		bl	ssd1306_WriteCommand
 243 010c 0544     		add	r5, r5, r0
 244 010e 1421     		movs	r1, #20
 245 0110 2046     		mov	r0, r4
 246 0112 FFF7FEFF 		bl	ssd1306_WriteCommand
 247 0116 0544     		add	r5, r5, r0
 248 0118 AF21     		movs	r1, #175
 249 011a 2046     		mov	r0, r4
 250 011c FFF7FEFF 		bl	ssd1306_WriteCommand
 251 0120 E842     		cmn	r0, r5
 252 0122 01D0     		beq	.L21
 253 0124 0120     		movs	r0, #1
 254              	.L18:
 255 0126 38BD     		pop	{r3, r4, r5, pc}
 256              	.L21:
 257 0128 0020     		movs	r0, #0
 258 012a FFF7FEFF 		bl	ssd1306_Fill
 259 012e 2046     		mov	r0, r4
 260 0130 FFF7FEFF 		bl	ssd1306_UpdateScreen
 261 0134 034B     		ldr	r3, .L22
 262 0136 0020     		movs	r0, #0
 263 0138 1880     		strh	r0, [r3]	@ movhi
 264 013a 5880     		strh	r0, [r3, #2]	@ movhi
 265 013c 0122     		movs	r2, #1
 266 013e 5A71     		strb	r2, [r3, #5]
 267 0140 F1E7     		b	.L18
 268              	.L23:
 269 0142 00BF     		.align	2
 270              	.L22:
 271 0144 00000000 		.word	SSD1306
 273              		.section	.text.ssd1306_DrawPixel,"ax",%progbits
 274              		.align	1
 275              		.global	ssd1306_DrawPixel
 276              		.syntax unified
 277              		.thumb
 278              		.thumb_func
 280              	ssd1306_DrawPixel:
 281              		@ args = 0, pretend = 0, frame = 0
 282              		@ frame_needed = 0, uses_anonymous_args = 0
 283              		@ link register save eliminated.
 284 0000 10F0800F 		tst	r0, #128
 285 0004 25D1     		bne	.L29
 286 0006 3F29     		cmp	r1, #63
 287 0008 23D8     		bhi	.L29
 288 000a 10B4     		push	{r4}
 289 000c 114B     		ldr	r3, .L33
 290 000e 1B79     		ldrb	r3, [r3, #4]	@ zero_extendqisi2
 291 0010 13B1     		cbz	r3, .L26
 292 0012 B2FA82F2 		clz	r2, r2
 293 0016 5209     		lsrs	r2, r2, #5
 294              	.L26:
ARM GAS  C:\Users\joabk\AppData\Local\Temp\ccsH38yD.s 			page 6


 295 0018 012A     		cmp	r2, #1
 296 001a 0FD0     		beq	.L32
 297 001c CB08     		lsrs	r3, r1, #3
 298 001e 00EBC310 		add	r0, r0, r3, lsl #7
 299 0022 0D4C     		ldr	r4, .L33+4
 300 0024 225C     		ldrb	r2, [r4, r0]	@ zero_extendqisi2
 301 0026 01F00701 		and	r1, r1, #7
 302 002a 0123     		movs	r3, #1
 303 002c 8B40     		lsls	r3, r3, r1
 304 002e DB43     		mvns	r3, r3
 305 0030 5BB2     		sxtb	r3, r3
 306 0032 1340     		ands	r3, r3, r2
 307 0034 2354     		strb	r3, [r4, r0]
 308              	.L24:
 309 0036 5DF8044B 		ldr	r4, [sp], #4
 310 003a 7047     		bx	lr
 311              	.L32:
 312 003c CB08     		lsrs	r3, r1, #3
 313 003e 00EBC310 		add	r0, r0, r3, lsl #7
 314 0042 054C     		ldr	r4, .L33+4
 315 0044 235C     		ldrb	r3, [r4, r0]	@ zero_extendqisi2
 316 0046 01F00701 		and	r1, r1, #7
 317 004a 8A40     		lsls	r2, r2, r1
 318 004c 1343     		orrs	r3, r3, r2
 319 004e 2354     		strb	r3, [r4, r0]
 320 0050 F1E7     		b	.L24
 321              	.L29:
 322 0052 7047     		bx	lr
 323              	.L34:
 324              		.align	2
 325              	.L33:
 326 0054 00000000 		.word	SSD1306
 327 0058 00000000 		.word	SSD1306_Buffer
 329              		.section	.text.ssd1306_WriteChar,"ax",%progbits
 330              		.align	1
 331              		.global	ssd1306_WriteChar
 332              		.syntax unified
 333              		.thumb
 334              		.thumb_func
 336              	ssd1306_WriteChar:
 337              		@ args = 0, pretend = 0, frame = 8
 338              		@ frame_needed = 0, uses_anonymous_args = 0
 339 0000 2DE9F047 		push	{r4, r5, r6, r7, r8, r9, r10, lr}
 340 0004 82B0     		sub	sp, sp, #8
 341 0006 8146     		mov	r9, r0
 342 0008 02A8     		add	r0, sp, #8
 343 000a 00E90600 		stmdb	r0, {r1, r2}
 344 000e 9846     		mov	r8, r3
 345 0010 234B     		ldr	r3, .L48
 346 0012 1B88     		ldrh	r3, [r3]
 347 0014 9DF80060 		ldrb	r6, [sp]	@ zero_extendqisi2
 348 0018 3344     		add	r3, r3, r6
 349 001a 7F2B     		cmp	r3, #127
 350 001c 3BDC     		bgt	.L43
 351 001e 204B     		ldr	r3, .L48
 352 0020 5B88     		ldrh	r3, [r3, #2]
 353 0022 9DF801A0 		ldrb	r10, [sp, #1]	@ zero_extendqisi2
ARM GAS  C:\Users\joabk\AppData\Local\Temp\ccsH38yD.s 			page 7


 354 0026 5344     		add	r3, r3, r10
 355 0028 3F2B     		cmp	r3, #63
 356 002a 36DC     		bgt	.L44
 357 002c 0025     		movs	r5, #0
 358 002e 1FE0     		b	.L37
 359              	.L39:
 360 0030 1B4B     		ldr	r3, .L48
 361 0032 1888     		ldrh	r0, [r3]
 362 0034 5988     		ldrh	r1, [r3, #2]
 363 0036 2944     		add	r1, r1, r5
 364 0038 2044     		add	r0, r0, r4
 365 003a B8FA88F2 		clz	r2, r8
 366 003e 5209     		lsrs	r2, r2, #5
 367 0040 C9B2     		uxtb	r1, r1
 368 0042 C0B2     		uxtb	r0, r0
 369 0044 FFF7FEFF 		bl	ssd1306_DrawPixel
 370              	.L40:
 371 0048 0134     		adds	r4, r4, #1
 372              	.L38:
 373 004a A642     		cmp	r6, r4
 374 004c 0FD9     		bls	.L46
 375 004e 07FA04F3 		lsl	r3, r7, r4
 376 0052 13F4004F 		tst	r3, #32768
 377 0056 EBD0     		beq	.L39
 378 0058 114B     		ldr	r3, .L48
 379 005a 1888     		ldrh	r0, [r3]
 380 005c 5988     		ldrh	r1, [r3, #2]
 381 005e 2944     		add	r1, r1, r5
 382 0060 2044     		add	r0, r0, r4
 383 0062 4246     		mov	r2, r8
 384 0064 C9B2     		uxtb	r1, r1
 385 0066 C0B2     		uxtb	r0, r0
 386 0068 FFF7FEFF 		bl	ssd1306_DrawPixel
 387 006c ECE7     		b	.L40
 388              	.L46:
 389 006e 0135     		adds	r5, r5, #1
 390              	.L37:
 391 0070 AA45     		cmp	r10, r5
 392 0072 08D9     		bls	.L47
 393 0074 A9F12003 		sub	r3, r9, #32
 394 0078 03FB0A53 		mla	r3, r3, r10, r5
 395 007c 019A     		ldr	r2, [sp, #4]
 396 007e 32F81370 		ldrh	r7, [r2, r3, lsl #1]
 397 0082 0024     		movs	r4, #0
 398 0084 E1E7     		b	.L38
 399              	.L47:
 400 0086 064A     		ldr	r2, .L48
 401 0088 1388     		ldrh	r3, [r2]
 402 008a 3344     		add	r3, r3, r6
 403 008c 1380     		strh	r3, [r2]	@ movhi
 404 008e 4846     		mov	r0, r9
 405              	.L36:
 406 0090 02B0     		add	sp, sp, #8
 407              		@ sp needed
 408 0092 BDE8F087 		pop	{r4, r5, r6, r7, r8, r9, r10, pc}
 409              	.L43:
 410 0096 0020     		movs	r0, #0
ARM GAS  C:\Users\joabk\AppData\Local\Temp\ccsH38yD.s 			page 8


 411 0098 FAE7     		b	.L36
 412              	.L44:
 413 009a 0020     		movs	r0, #0
 414 009c F8E7     		b	.L36
 415              	.L49:
 416 009e 00BF     		.align	2
 417              	.L48:
 418 00a0 00000000 		.word	SSD1306
 420              		.section	.text.ssd1306_WriteString,"ax",%progbits
 421              		.align	1
 422              		.global	ssd1306_WriteString
 423              		.syntax unified
 424              		.thumb
 425              		.thumb_func
 427              	ssd1306_WriteString:
 428              		@ args = 0, pretend = 0, frame = 8
 429              		@ frame_needed = 0, uses_anonymous_args = 0
 430 0000 30B5     		push	{r4, r5, lr}
 431 0002 83B0     		sub	sp, sp, #12
 432 0004 0446     		mov	r4, r0
 433 0006 02A8     		add	r0, sp, #8
 434 0008 00E90600 		stmdb	r0, {r1, r2}
 435 000c 1D46     		mov	r5, r3
 436 000e 00E0     		b	.L51
 437              	.L55:
 438 0010 0134     		adds	r4, r4, #1
 439              	.L51:
 440 0012 2078     		ldrb	r0, [r4]	@ zero_extendqisi2
 441 0014 48B1     		cbz	r0, .L52
 442 0016 2B46     		mov	r3, r5
 443 0018 02AA     		add	r2, sp, #8
 444 001a 12E90600 		ldmdb	r2, {r1, r2}
 445 001e FFF7FEFF 		bl	ssd1306_WriteChar
 446 0022 0246     		mov	r2, r0
 447 0024 2078     		ldrb	r0, [r4]	@ zero_extendqisi2
 448 0026 8242     		cmp	r2, r0
 449 0028 F2D0     		beq	.L55
 450              	.L52:
 451 002a 03B0     		add	sp, sp, #12
 452              		@ sp needed
 453 002c 30BD     		pop	{r4, r5, pc}
 455              		.section	.text.ssd1306_InvertColors,"ax",%progbits
 456              		.align	1
 457              		.global	ssd1306_InvertColors
 458              		.syntax unified
 459              		.thumb
 460              		.thumb_func
 462              	ssd1306_InvertColors:
 463              		@ args = 0, pretend = 0, frame = 0
 464              		@ frame_needed = 0, uses_anonymous_args = 0
 465              		@ link register save eliminated.
 466 0000 034A     		ldr	r2, .L57
 467 0002 1379     		ldrb	r3, [r2, #4]	@ zero_extendqisi2
 468 0004 B3FA83F3 		clz	r3, r3
 469 0008 5B09     		lsrs	r3, r3, #5
 470 000a 1371     		strb	r3, [r2, #4]
 471 000c 7047     		bx	lr
ARM GAS  C:\Users\joabk\AppData\Local\Temp\ccsH38yD.s 			page 9


 472              	.L58:
 473 000e 00BF     		.align	2
 474              	.L57:
 475 0010 00000000 		.word	SSD1306
 477              		.section	.text.ssd1306_SetCursor,"ax",%progbits
 478              		.align	1
 479              		.global	ssd1306_SetCursor
 480              		.syntax unified
 481              		.thumb
 482              		.thumb_func
 484              	ssd1306_SetCursor:
 485              		@ args = 0, pretend = 0, frame = 0
 486              		@ frame_needed = 0, uses_anonymous_args = 0
 487              		@ link register save eliminated.
 488 0000 014B     		ldr	r3, .L60
 489 0002 1880     		strh	r0, [r3]	@ movhi
 490 0004 5980     		strh	r1, [r3, #2]	@ movhi
 491 0006 7047     		bx	lr
 492              	.L61:
 493              		.align	2
 494              	.L60:
 495 0008 00000000 		.word	SSD1306
 497              		.section	.bss.SSD1306,"aw",%nobits
 498              		.align	2
 501              	SSD1306:
 502 0000 00000000 		.space	6
 502      0000
 503              		.section	.bss.SSD1306_Buffer,"aw",%nobits
 504              		.align	2
 507              	SSD1306_Buffer:
 508 0000 00000000 		.space	1024
 508      00000000 
 508      00000000 
 508      00000000 
 508      00000000 
 509              		.ident	"GCC: (xPack GNU Arm Embedded GCC x86_64) 13.3.1 20240614"
ARM GAS  C:\Users\joabk\AppData\Local\Temp\ccsH38yD.s 			page 10


DEFINED SYMBOLS
                            *ABS*:00000000 ssd1306.c
C:\Users\joabk\AppData\Local\Temp\ccsH38yD.s:18     .text.ssd1306_WriteCommand:00000000 $t
C:\Users\joabk\AppData\Local\Temp\ccsH38yD.s:23     .text.ssd1306_WriteCommand:00000000 ssd1306_WriteCommand
C:\Users\joabk\AppData\Local\Temp\ccsH38yD.s:43     .text.ssd1306_Fill:00000000 $t
C:\Users\joabk\AppData\Local\Temp\ccsH38yD.s:49     .text.ssd1306_Fill:00000000 ssd1306_Fill
C:\Users\joabk\AppData\Local\Temp\ccsH38yD.s:73     .text.ssd1306_Fill:0000001c $d
C:\Users\joabk\AppData\Local\Temp\ccsH38yD.s:507    .bss.SSD1306_Buffer:00000000 SSD1306_Buffer
C:\Users\joabk\AppData\Local\Temp\ccsH38yD.s:76     .text.ssd1306_UpdateScreen:00000000 $t
C:\Users\joabk\AppData\Local\Temp\ccsH38yD.s:82     .text.ssd1306_UpdateScreen:00000000 ssd1306_UpdateScreen
C:\Users\joabk\AppData\Local\Temp\ccsH38yD.s:124    .text.ssd1306_UpdateScreen:00000050 $d
C:\Users\joabk\AppData\Local\Temp\ccsH38yD.s:127    .text.ssd1306_Init:00000000 $t
C:\Users\joabk\AppData\Local\Temp\ccsH38yD.s:133    .text.ssd1306_Init:00000000 ssd1306_Init
C:\Users\joabk\AppData\Local\Temp\ccsH38yD.s:271    .text.ssd1306_Init:00000144 $d
C:\Users\joabk\AppData\Local\Temp\ccsH38yD.s:501    .bss.SSD1306:00000000 SSD1306
C:\Users\joabk\AppData\Local\Temp\ccsH38yD.s:274    .text.ssd1306_DrawPixel:00000000 $t
C:\Users\joabk\AppData\Local\Temp\ccsH38yD.s:280    .text.ssd1306_DrawPixel:00000000 ssd1306_DrawPixel
C:\Users\joabk\AppData\Local\Temp\ccsH38yD.s:326    .text.ssd1306_DrawPixel:00000054 $d
C:\Users\joabk\AppData\Local\Temp\ccsH38yD.s:330    .text.ssd1306_WriteChar:00000000 $t
C:\Users\joabk\AppData\Local\Temp\ccsH38yD.s:336    .text.ssd1306_WriteChar:00000000 ssd1306_WriteChar
C:\Users\joabk\AppData\Local\Temp\ccsH38yD.s:418    .text.ssd1306_WriteChar:000000a0 $d
C:\Users\joabk\AppData\Local\Temp\ccsH38yD.s:421    .text.ssd1306_WriteString:00000000 $t
C:\Users\joabk\AppData\Local\Temp\ccsH38yD.s:427    .text.ssd1306_WriteString:00000000 ssd1306_WriteString
C:\Users\joabk\AppData\Local\Temp\ccsH38yD.s:456    .text.ssd1306_InvertColors:00000000 $t
C:\Users\joabk\AppData\Local\Temp\ccsH38yD.s:462    .text.ssd1306_InvertColors:00000000 ssd1306_InvertColors
C:\Users\joabk\AppData\Local\Temp\ccsH38yD.s:475    .text.ssd1306_InvertColors:00000010 $d
C:\Users\joabk\AppData\Local\Temp\ccsH38yD.s:478    .text.ssd1306_SetCursor:00000000 $t
C:\Users\joabk\AppData\Local\Temp\ccsH38yD.s:484    .text.ssd1306_SetCursor:00000000 ssd1306_SetCursor
C:\Users\joabk\AppData\Local\Temp\ccsH38yD.s:495    .text.ssd1306_SetCursor:00000008 $d
C:\Users\joabk\AppData\Local\Temp\ccsH38yD.s:498    .bss.SSD1306:00000000 $d
C:\Users\joabk\AppData\Local\Temp\ccsH38yD.s:504    .bss.SSD1306_Buffer:00000000 $d

UNDEFINED SYMBOLS
HAL_I2C_Mem_Write
HAL_Delay
