ARM GAS  C:\Users\joabk\AppData\Local\Temp\ccQPt7Tg.s 			page 1


   1              		.cpu cortex-m4
   2              		.arch armv7e-m
   3              		.fpu fpv4-sp-d16
   4              		.eabi_attribute 27, 1
   5              		.eabi_attribute 28, 1
   6              		.eabi_attribute 20, 1
   7              		.eabi_attribute 21, 1
   8              		.eabi_attribute 23, 3
   9              		.eabi_attribute 24, 1
  10              		.eabi_attribute 25, 1
  11              		.eabi_attribute 26, 1
  12              		.eabi_attribute 30, 1
  13              		.eabi_attribute 34, 1
  14              		.eabi_attribute 18, 4
  15              		.file	"stm32f4xx_hal_msp.c"
  16              		.text
  17              		.section	.text.HAL_MspInit,"ax",%progbits
  18              		.align	1
  19              		.global	HAL_MspInit
  20              		.syntax unified
  21              		.thumb
  22              		.thumb_func
  24              	HAL_MspInit:
  25              		@ args = 0, pretend = 0, frame = 8
  26              		@ frame_needed = 0, uses_anonymous_args = 0
  27              		@ link register save eliminated.
  28 0000 82B0     		sub	sp, sp, #8
  29 0002 0021     		movs	r1, #0
  30 0004 0091     		str	r1, [sp]
  31 0006 0B4B     		ldr	r3, .L3
  32 0008 5A6C     		ldr	r2, [r3, #68]
  33 000a 42F48042 		orr	r2, r2, #16384
  34 000e 5A64     		str	r2, [r3, #68]
  35 0010 5A6C     		ldr	r2, [r3, #68]
  36 0012 02F48042 		and	r2, r2, #16384
  37 0016 0092     		str	r2, [sp]
  38 0018 009A     		ldr	r2, [sp]
  39 001a 0191     		str	r1, [sp, #4]
  40 001c 1A6C     		ldr	r2, [r3, #64]
  41 001e 42F08052 		orr	r2, r2, #268435456
  42 0022 1A64     		str	r2, [r3, #64]
  43 0024 1B6C     		ldr	r3, [r3, #64]
  44 0026 03F08053 		and	r3, r3, #268435456
  45 002a 0193     		str	r3, [sp, #4]
  46 002c 019B     		ldr	r3, [sp, #4]
  47 002e 02B0     		add	sp, sp, #8
  48              		@ sp needed
  49 0030 7047     		bx	lr
  50              	.L4:
  51 0032 00BF     		.align	2
  52              	.L3:
  53 0034 00380240 		.word	1073887232
  55              		.section	.text.HAL_I2C_MspInit,"ax",%progbits
  56              		.align	1
  57              		.global	HAL_I2C_MspInit
  58              		.syntax unified
  59              		.thumb
ARM GAS  C:\Users\joabk\AppData\Local\Temp\ccQPt7Tg.s 			page 2


  60              		.thumb_func
  62              	HAL_I2C_MspInit:
  63              		@ args = 0, pretend = 0, frame = 48
  64              		@ frame_needed = 0, uses_anonymous_args = 0
  65 0000 2DE9F041 		push	{r4, r5, r6, r7, r8, lr}
  66 0004 8CB0     		sub	sp, sp, #48
  67 0006 0023     		movs	r3, #0
  68 0008 0793     		str	r3, [sp, #28]
  69 000a 0893     		str	r3, [sp, #32]
  70 000c 0993     		str	r3, [sp, #36]
  71 000e 0A93     		str	r3, [sp, #40]
  72 0010 0B93     		str	r3, [sp, #44]
  73 0012 0368     		ldr	r3, [r0]
  74 0014 4D4A     		ldr	r2, .L13
  75 0016 9342     		cmp	r3, r2
  76 0018 08D0     		beq	.L10
  77 001a 4D4A     		ldr	r2, .L13+4
  78 001c 9342     		cmp	r3, r2
  79 001e 28D0     		beq	.L11
  80 0020 4C4A     		ldr	r2, .L13+8
  81 0022 9342     		cmp	r3, r2
  82 0024 58D0     		beq	.L12
  83              	.L5:
  84 0026 0CB0     		add	sp, sp, #48
  85              		@ sp needed
  86 0028 BDE8F081 		pop	{r4, r5, r6, r7, r8, pc}
  87              	.L10:
  88 002c 0025     		movs	r5, #0
  89 002e 0095     		str	r5, [sp]
  90 0030 494C     		ldr	r4, .L13+12
  91 0032 236B     		ldr	r3, [r4, #48]
  92 0034 43F00203 		orr	r3, r3, #2
  93 0038 2363     		str	r3, [r4, #48]
  94 003a 236B     		ldr	r3, [r4, #48]
  95 003c 03F00203 		and	r3, r3, #2
  96 0040 0093     		str	r3, [sp]
  97 0042 009B     		ldr	r3, [sp]
  98 0044 C023     		movs	r3, #192
  99 0046 0793     		str	r3, [sp, #28]
 100 0048 1223     		movs	r3, #18
 101 004a 0893     		str	r3, [sp, #32]
 102 004c 0323     		movs	r3, #3
 103 004e 0A93     		str	r3, [sp, #40]
 104 0050 0423     		movs	r3, #4
 105 0052 0B93     		str	r3, [sp, #44]
 106 0054 07A9     		add	r1, sp, #28
 107 0056 4148     		ldr	r0, .L13+16
 108 0058 FFF7FEFF 		bl	HAL_GPIO_Init
 109 005c 0195     		str	r5, [sp, #4]
 110 005e 236C     		ldr	r3, [r4, #64]
 111 0060 43F40013 		orr	r3, r3, #2097152
 112 0064 2364     		str	r3, [r4, #64]
 113 0066 236C     		ldr	r3, [r4, #64]
 114 0068 03F40013 		and	r3, r3, #2097152
 115 006c 0193     		str	r3, [sp, #4]
 116 006e 019B     		ldr	r3, [sp, #4]
 117 0070 D9E7     		b	.L5
ARM GAS  C:\Users\joabk\AppData\Local\Temp\ccQPt7Tg.s 			page 3


 118              	.L11:
 119 0072 0025     		movs	r5, #0
 120 0074 0295     		str	r5, [sp, #8]
 121 0076 384C     		ldr	r4, .L13+12
 122 0078 236B     		ldr	r3, [r4, #48]
 123 007a 43F00203 		orr	r3, r3, #2
 124 007e 2363     		str	r3, [r4, #48]
 125 0080 236B     		ldr	r3, [r4, #48]
 126 0082 03F00203 		and	r3, r3, #2
 127 0086 0293     		str	r3, [sp, #8]
 128 0088 029B     		ldr	r3, [sp, #8]
 129 008a 4FF48063 		mov	r3, #1024
 130 008e 0793     		str	r3, [sp, #28]
 131 0090 4FF01208 		mov	r8, #18
 132 0094 CDF82080 		str	r8, [sp, #32]
 133 0098 0327     		movs	r7, #3
 134 009a 0A97     		str	r7, [sp, #40]
 135 009c 0423     		movs	r3, #4
 136 009e 0B93     		str	r3, [sp, #44]
 137 00a0 2E4E     		ldr	r6, .L13+16
 138 00a2 07A9     		add	r1, sp, #28
 139 00a4 3046     		mov	r0, r6
 140 00a6 FFF7FEFF 		bl	HAL_GPIO_Init
 141 00aa 0823     		movs	r3, #8
 142 00ac 0793     		str	r3, [sp, #28]
 143 00ae CDF82080 		str	r8, [sp, #32]
 144 00b2 0995     		str	r5, [sp, #36]
 145 00b4 0A97     		str	r7, [sp, #40]
 146 00b6 0923     		movs	r3, #9
 147 00b8 0B93     		str	r3, [sp, #44]
 148 00ba 07A9     		add	r1, sp, #28
 149 00bc 3046     		mov	r0, r6
 150 00be FFF7FEFF 		bl	HAL_GPIO_Init
 151 00c2 0395     		str	r5, [sp, #12]
 152 00c4 236C     		ldr	r3, [r4, #64]
 153 00c6 43F48003 		orr	r3, r3, #4194304
 154 00ca 2364     		str	r3, [r4, #64]
 155 00cc 236C     		ldr	r3, [r4, #64]
 156 00ce 03F48003 		and	r3, r3, #4194304
 157 00d2 0393     		str	r3, [sp, #12]
 158 00d4 039B     		ldr	r3, [sp, #12]
 159 00d6 A6E7     		b	.L5
 160              	.L12:
 161 00d8 0025     		movs	r5, #0
 162 00da 0495     		str	r5, [sp, #16]
 163 00dc 1E4C     		ldr	r4, .L13+12
 164 00de 236B     		ldr	r3, [r4, #48]
 165 00e0 43F00103 		orr	r3, r3, #1
 166 00e4 2363     		str	r3, [r4, #48]
 167 00e6 236B     		ldr	r3, [r4, #48]
 168 00e8 03F00103 		and	r3, r3, #1
 169 00ec 0493     		str	r3, [sp, #16]
 170 00ee 049B     		ldr	r3, [sp, #16]
 171 00f0 0595     		str	r5, [sp, #20]
 172 00f2 236B     		ldr	r3, [r4, #48]
 173 00f4 43F00203 		orr	r3, r3, #2
 174 00f8 2363     		str	r3, [r4, #48]
ARM GAS  C:\Users\joabk\AppData\Local\Temp\ccQPt7Tg.s 			page 4


 175 00fa 236B     		ldr	r3, [r4, #48]
 176 00fc 03F00203 		and	r3, r3, #2
 177 0100 0593     		str	r3, [sp, #20]
 178 0102 059B     		ldr	r3, [sp, #20]
 179 0104 4FF48073 		mov	r3, #256
 180 0108 0793     		str	r3, [sp, #28]
 181 010a 1227     		movs	r7, #18
 182 010c 0897     		str	r7, [sp, #32]
 183 010e 0326     		movs	r6, #3
 184 0110 0A96     		str	r6, [sp, #40]
 185 0112 0423     		movs	r3, #4
 186 0114 0B93     		str	r3, [sp, #44]
 187 0116 07A9     		add	r1, sp, #28
 188 0118 1148     		ldr	r0, .L13+20
 189 011a FFF7FEFF 		bl	HAL_GPIO_Init
 190 011e 1023     		movs	r3, #16
 191 0120 0793     		str	r3, [sp, #28]
 192 0122 0897     		str	r7, [sp, #32]
 193 0124 0995     		str	r5, [sp, #36]
 194 0126 0A96     		str	r6, [sp, #40]
 195 0128 0923     		movs	r3, #9
 196 012a 0B93     		str	r3, [sp, #44]
 197 012c 07A9     		add	r1, sp, #28
 198 012e 0B48     		ldr	r0, .L13+16
 199 0130 FFF7FEFF 		bl	HAL_GPIO_Init
 200 0134 0695     		str	r5, [sp, #24]
 201 0136 236C     		ldr	r3, [r4, #64]
 202 0138 43F40003 		orr	r3, r3, #8388608
 203 013c 2364     		str	r3, [r4, #64]
 204 013e 236C     		ldr	r3, [r4, #64]
 205 0140 03F40003 		and	r3, r3, #8388608
 206 0144 0693     		str	r3, [sp, #24]
 207 0146 069B     		ldr	r3, [sp, #24]
 208 0148 6DE7     		b	.L5
 209              	.L14:
 210 014a 00BF     		.align	2
 211              	.L13:
 212 014c 00540040 		.word	1073763328
 213 0150 00580040 		.word	1073764352
 214 0154 005C0040 		.word	1073765376
 215 0158 00380240 		.word	1073887232
 216 015c 00040240 		.word	1073873920
 217 0160 00000240 		.word	1073872896
 219              		.section	.text.HAL_I2C_MspDeInit,"ax",%progbits
 220              		.align	1
 221              		.global	HAL_I2C_MspDeInit
 222              		.syntax unified
 223              		.thumb
 224              		.thumb_func
 226              	HAL_I2C_MspDeInit:
 227              		@ args = 0, pretend = 0, frame = 0
 228              		@ frame_needed = 0, uses_anonymous_args = 0
 229 0000 10B5     		push	{r4, lr}
 230 0002 0368     		ldr	r3, [r0]
 231 0004 1D4A     		ldr	r2, .L23
 232 0006 9342     		cmp	r3, r2
 233 0008 06D0     		beq	.L20
ARM GAS  C:\Users\joabk\AppData\Local\Temp\ccQPt7Tg.s 			page 5


 234 000a 1D4A     		ldr	r2, .L23+4
 235 000c 9342     		cmp	r3, r2
 236 000e 13D0     		beq	.L21
 237 0010 1C4A     		ldr	r2, .L23+8
 238 0012 9342     		cmp	r3, r2
 239 0014 21D0     		beq	.L22
 240              	.L15:
 241 0016 10BD     		pop	{r4, pc}
 242              	.L20:
 243 0018 02F5F232 		add	r2, r2, #123904
 244 001c 136C     		ldr	r3, [r2, #64]
 245 001e 23F40013 		bic	r3, r3, #2097152
 246 0022 1364     		str	r3, [r2, #64]
 247 0024 184C     		ldr	r4, .L23+12
 248 0026 4021     		movs	r1, #64
 249 0028 2046     		mov	r0, r4
 250 002a FFF7FEFF 		bl	HAL_GPIO_DeInit
 251 002e 8021     		movs	r1, #128
 252 0030 2046     		mov	r0, r4
 253 0032 FFF7FEFF 		bl	HAL_GPIO_DeInit
 254 0036 EEE7     		b	.L15
 255              	.L21:
 256 0038 02F5F032 		add	r2, r2, #122880
 257 003c 136C     		ldr	r3, [r2, #64]
 258 003e 23F48003 		bic	r3, r3, #4194304
 259 0042 1364     		str	r3, [r2, #64]
 260 0044 104C     		ldr	r4, .L23+12
 261 0046 4FF48061 		mov	r1, #1024
 262 004a 2046     		mov	r0, r4
 263 004c FFF7FEFF 		bl	HAL_GPIO_DeInit
 264 0050 0821     		movs	r1, #8
 265 0052 2046     		mov	r0, r4
 266 0054 FFF7FEFF 		bl	HAL_GPIO_DeInit
 267 0058 DDE7     		b	.L15
 268              	.L22:
 269 005a 02F5EE32 		add	r2, r2, #121856
 270 005e 136C     		ldr	r3, [r2, #64]
 271 0060 23F40003 		bic	r3, r3, #8388608
 272 0064 1364     		str	r3, [r2, #64]
 273 0066 4FF48071 		mov	r1, #256
 274 006a 0848     		ldr	r0, .L23+16
 275 006c FFF7FEFF 		bl	HAL_GPIO_DeInit
 276 0070 1021     		movs	r1, #16
 277 0072 0548     		ldr	r0, .L23+12
 278 0074 FFF7FEFF 		bl	HAL_GPIO_DeInit
 279 0078 CDE7     		b	.L15
 280              	.L24:
 281 007a 00BF     		.align	2
 282              	.L23:
 283 007c 00540040 		.word	1073763328
 284 0080 00580040 		.word	1073764352
 285 0084 005C0040 		.word	1073765376
 286 0088 00040240 		.word	1073873920
 287 008c 00000240 		.word	1073872896
 289              		.section	.text.HAL_SPI_MspInit,"ax",%progbits
 290              		.align	1
 291              		.global	HAL_SPI_MspInit
ARM GAS  C:\Users\joabk\AppData\Local\Temp\ccQPt7Tg.s 			page 6


 292              		.syntax unified
 293              		.thumb
 294              		.thumb_func
 296              	HAL_SPI_MspInit:
 297              		@ args = 0, pretend = 0, frame = 40
 298              		@ frame_needed = 0, uses_anonymous_args = 0
 299 0000 30B5     		push	{r4, r5, lr}
 300 0002 8BB0     		sub	sp, sp, #44
 301 0004 0023     		movs	r3, #0
 302 0006 0593     		str	r3, [sp, #20]
 303 0008 0693     		str	r3, [sp, #24]
 304 000a 0793     		str	r3, [sp, #28]
 305 000c 0893     		str	r3, [sp, #32]
 306 000e 0993     		str	r3, [sp, #36]
 307 0010 0368     		ldr	r3, [r0]
 308 0012 344A     		ldr	r2, .L33
 309 0014 9342     		cmp	r3, r2
 310 0016 04D0     		beq	.L30
 311 0018 334A     		ldr	r2, .L33+4
 312 001a 9342     		cmp	r3, r2
 313 001c 3ED0     		beq	.L31
 314              	.L25:
 315 001e 0BB0     		add	sp, sp, #44
 316              		@ sp needed
 317 0020 30BD     		pop	{r4, r5, pc}
 318              	.L30:
 319 0022 0446     		mov	r4, r0
 320 0024 0025     		movs	r5, #0
 321 0026 0195     		str	r5, [sp, #4]
 322 0028 304B     		ldr	r3, .L33+8
 323 002a 5A6C     		ldr	r2, [r3, #68]
 324 002c 42F48052 		orr	r2, r2, #4096
 325 0030 5A64     		str	r2, [r3, #68]
 326 0032 5A6C     		ldr	r2, [r3, #68]
 327 0034 02F48052 		and	r2, r2, #4096
 328 0038 0192     		str	r2, [sp, #4]
 329 003a 019A     		ldr	r2, [sp, #4]
 330 003c 0295     		str	r5, [sp, #8]
 331 003e 1A6B     		ldr	r2, [r3, #48]
 332 0040 42F00102 		orr	r2, r2, #1
 333 0044 1A63     		str	r2, [r3, #48]
 334 0046 1B6B     		ldr	r3, [r3, #48]
 335 0048 03F00103 		and	r3, r3, #1
 336 004c 0293     		str	r3, [sp, #8]
 337 004e 029B     		ldr	r3, [sp, #8]
 338 0050 E023     		movs	r3, #224
 339 0052 0593     		str	r3, [sp, #20]
 340 0054 0223     		movs	r3, #2
 341 0056 0693     		str	r3, [sp, #24]
 342 0058 0323     		movs	r3, #3
 343 005a 0893     		str	r3, [sp, #32]
 344 005c 0523     		movs	r3, #5
 345 005e 0993     		str	r3, [sp, #36]
 346 0060 05A9     		add	r1, sp, #20
 347 0062 2348     		ldr	r0, .L33+12
 348 0064 FFF7FEFF 		bl	HAL_GPIO_Init
 349 0068 2248     		ldr	r0, .L33+16
ARM GAS  C:\Users\joabk\AppData\Local\Temp\ccQPt7Tg.s 			page 7


 350 006a 234B     		ldr	r3, .L33+20
 351 006c 0360     		str	r3, [r0]
 352 006e 4FF0C063 		mov	r3, #100663296
 353 0072 4360     		str	r3, [r0, #4]
 354 0074 8560     		str	r5, [r0, #8]
 355 0076 C560     		str	r5, [r0, #12]
 356 0078 4FF48063 		mov	r3, #1024
 357 007c 0361     		str	r3, [r0, #16]
 358 007e 4561     		str	r5, [r0, #20]
 359 0080 8561     		str	r5, [r0, #24]
 360 0082 C561     		str	r5, [r0, #28]
 361 0084 0562     		str	r5, [r0, #32]
 362 0086 4562     		str	r5, [r0, #36]
 363 0088 FFF7FEFF 		bl	HAL_DMA_Init
 364 008c 18B9     		cbnz	r0, .L32
 365              	.L27:
 366 008e 194B     		ldr	r3, .L33+16
 367 0090 E364     		str	r3, [r4, #76]
 368 0092 9C63     		str	r4, [r3, #56]
 369 0094 C3E7     		b	.L25
 370              	.L32:
 371 0096 FFF7FEFF 		bl	Error_Handler
 372 009a F8E7     		b	.L27
 373              	.L31:
 374 009c 0021     		movs	r1, #0
 375 009e 0391     		str	r1, [sp, #12]
 376 00a0 124B     		ldr	r3, .L33+8
 377 00a2 1A6C     		ldr	r2, [r3, #64]
 378 00a4 42F48042 		orr	r2, r2, #16384
 379 00a8 1A64     		str	r2, [r3, #64]
 380 00aa 1A6C     		ldr	r2, [r3, #64]
 381 00ac 02F48042 		and	r2, r2, #16384
 382 00b0 0392     		str	r2, [sp, #12]
 383 00b2 039A     		ldr	r2, [sp, #12]
 384 00b4 0491     		str	r1, [sp, #16]
 385 00b6 1A6B     		ldr	r2, [r3, #48]
 386 00b8 42F00202 		orr	r2, r2, #2
 387 00bc 1A63     		str	r2, [r3, #48]
 388 00be 1B6B     		ldr	r3, [r3, #48]
 389 00c0 03F00203 		and	r3, r3, #2
 390 00c4 0493     		str	r3, [sp, #16]
 391 00c6 049B     		ldr	r3, [sp, #16]
 392 00c8 4FF46043 		mov	r3, #57344
 393 00cc 0593     		str	r3, [sp, #20]
 394 00ce 0223     		movs	r3, #2
 395 00d0 0693     		str	r3, [sp, #24]
 396 00d2 0323     		movs	r3, #3
 397 00d4 0893     		str	r3, [sp, #32]
 398 00d6 0523     		movs	r3, #5
 399 00d8 0993     		str	r3, [sp, #36]
 400 00da 05A9     		add	r1, sp, #20
 401 00dc 0748     		ldr	r0, .L33+24
 402 00de FFF7FEFF 		bl	HAL_GPIO_Init
 403 00e2 9CE7     		b	.L25
 404              	.L34:
 405              		.align	2
 406              	.L33:
ARM GAS  C:\Users\joabk\AppData\Local\Temp\ccQPt7Tg.s 			page 8


 407 00e4 00300140 		.word	1073819648
 408 00e8 00380040 		.word	1073756160
 409 00ec 00380240 		.word	1073887232
 410 00f0 00000240 		.word	1073872896
 411 00f4 00000000 		.word	hdma_spi1_rx
 412 00f8 10640240 		.word	1073898512
 413 00fc 00040240 		.word	1073873920
 415              		.section	.text.HAL_SPI_MspDeInit,"ax",%progbits
 416              		.align	1
 417              		.global	HAL_SPI_MspDeInit
 418              		.syntax unified
 419              		.thumb
 420              		.thumb_func
 422              	HAL_SPI_MspDeInit:
 423              		@ args = 0, pretend = 0, frame = 0
 424              		@ frame_needed = 0, uses_anonymous_args = 0
 425 0000 10B5     		push	{r4, lr}
 426 0002 0368     		ldr	r3, [r0]
 427 0004 104A     		ldr	r2, .L41
 428 0006 9342     		cmp	r3, r2
 429 0008 03D0     		beq	.L39
 430 000a 104A     		ldr	r2, .L41+4
 431 000c 9342     		cmp	r3, r2
 432 000e 0FD0     		beq	.L40
 433              	.L35:
 434 0010 10BD     		pop	{r4, pc}
 435              	.L39:
 436 0012 0446     		mov	r4, r0
 437 0014 02F58432 		add	r2, r2, #67584
 438 0018 536C     		ldr	r3, [r2, #68]
 439 001a 23F48053 		bic	r3, r3, #4096
 440 001e 5364     		str	r3, [r2, #68]
 441 0020 E021     		movs	r1, #224
 442 0022 0B48     		ldr	r0, .L41+8
 443 0024 FFF7FEFF 		bl	HAL_GPIO_DeInit
 444 0028 E06C     		ldr	r0, [r4, #76]
 445 002a FFF7FEFF 		bl	HAL_DMA_DeInit
 446 002e EFE7     		b	.L35
 447              	.L40:
 448 0030 02F50032 		add	r2, r2, #131072
 449 0034 136C     		ldr	r3, [r2, #64]
 450 0036 23F48043 		bic	r3, r3, #16384
 451 003a 1364     		str	r3, [r2, #64]
 452 003c 4FF46041 		mov	r1, #57344
 453 0040 0448     		ldr	r0, .L41+12
 454 0042 FFF7FEFF 		bl	HAL_GPIO_DeInit
 455 0046 E3E7     		b	.L35
 456              	.L42:
 457              		.align	2
 458              	.L41:
 459 0048 00300140 		.word	1073819648
 460 004c 00380040 		.word	1073756160
 461 0050 00000240 		.word	1073872896
 462 0054 00040240 		.word	1073873920
 464              		.section	.text.HAL_TIM_Base_MspInit,"ax",%progbits
 465              		.align	1
 466              		.global	HAL_TIM_Base_MspInit
ARM GAS  C:\Users\joabk\AppData\Local\Temp\ccQPt7Tg.s 			page 9


 467              		.syntax unified
 468              		.thumb
 469              		.thumb_func
 471              	HAL_TIM_Base_MspInit:
 472              		@ args = 0, pretend = 0, frame = 16
 473              		@ frame_needed = 0, uses_anonymous_args = 0
 474 0000 00B5     		push	{lr}
 475 0002 85B0     		sub	sp, sp, #20
 476 0004 0368     		ldr	r3, [r0]
 477 0006 244A     		ldr	r2, .L51
 478 0008 9342     		cmp	r3, r2
 479 000a 08D0     		beq	.L48
 480 000c 234A     		ldr	r2, .L51+4
 481 000e 9342     		cmp	r3, r2
 482 0010 19D0     		beq	.L49
 483 0012 234A     		ldr	r2, .L51+8
 484 0014 9342     		cmp	r3, r2
 485 0016 2AD0     		beq	.L50
 486              	.L43:
 487 0018 05B0     		add	sp, sp, #20
 488              		@ sp needed
 489 001a 5DF804FB 		ldr	pc, [sp], #4
 490              	.L48:
 491 001e 0021     		movs	r1, #0
 492 0020 0191     		str	r1, [sp, #4]
 493 0022 204B     		ldr	r3, .L51+12
 494 0024 5A6C     		ldr	r2, [r3, #68]
 495 0026 42F48032 		orr	r2, r2, #65536
 496 002a 5A64     		str	r2, [r3, #68]
 497 002c 5B6C     		ldr	r3, [r3, #68]
 498 002e 03F48033 		and	r3, r3, #65536
 499 0032 0193     		str	r3, [sp, #4]
 500 0034 019B     		ldr	r3, [sp, #4]
 501 0036 0A46     		mov	r2, r1
 502 0038 1820     		movs	r0, #24
 503 003a FFF7FEFF 		bl	HAL_NVIC_SetPriority
 504 003e 1820     		movs	r0, #24
 505 0040 FFF7FEFF 		bl	HAL_NVIC_EnableIRQ
 506 0044 E8E7     		b	.L43
 507              	.L49:
 508 0046 0021     		movs	r1, #0
 509 0048 0291     		str	r1, [sp, #8]
 510 004a 164B     		ldr	r3, .L51+12
 511 004c 5A6C     		ldr	r2, [r3, #68]
 512 004e 42F40032 		orr	r2, r2, #131072
 513 0052 5A64     		str	r2, [r3, #68]
 514 0054 5B6C     		ldr	r3, [r3, #68]
 515 0056 03F40033 		and	r3, r3, #131072
 516 005a 0293     		str	r3, [sp, #8]
 517 005c 029B     		ldr	r3, [sp, #8]
 518 005e 0A46     		mov	r2, r1
 519 0060 1920     		movs	r0, #25
 520 0062 FFF7FEFF 		bl	HAL_NVIC_SetPriority
 521 0066 1920     		movs	r0, #25
 522 0068 FFF7FEFF 		bl	HAL_NVIC_EnableIRQ
 523 006c D4E7     		b	.L43
 524              	.L50:
ARM GAS  C:\Users\joabk\AppData\Local\Temp\ccQPt7Tg.s 			page 10


 525 006e 0021     		movs	r1, #0
 526 0070 0391     		str	r1, [sp, #12]
 527 0072 0C4B     		ldr	r3, .L51+12
 528 0074 5A6C     		ldr	r2, [r3, #68]
 529 0076 42F48022 		orr	r2, r2, #262144
 530 007a 5A64     		str	r2, [r3, #68]
 531 007c 5B6C     		ldr	r3, [r3, #68]
 532 007e 03F48023 		and	r3, r3, #262144
 533 0082 0393     		str	r3, [sp, #12]
 534 0084 039B     		ldr	r3, [sp, #12]
 535 0086 0A46     		mov	r2, r1
 536 0088 1A20     		movs	r0, #26
 537 008a FFF7FEFF 		bl	HAL_NVIC_SetPriority
 538 008e 1A20     		movs	r0, #26
 539 0090 FFF7FEFF 		bl	HAL_NVIC_EnableIRQ
 540 0094 C0E7     		b	.L43
 541              	.L52:
 542 0096 00BF     		.align	2
 543              	.L51:
 544 0098 00400140 		.word	1073823744
 545 009c 00440140 		.word	1073824768
 546 00a0 00480140 		.word	1073825792
 547 00a4 00380240 		.word	1073887232
 549              		.section	.text.HAL_TIM_Base_MspDeInit,"ax",%progbits
 550              		.align	1
 551              		.global	HAL_TIM_Base_MspDeInit
 552              		.syntax unified
 553              		.thumb
 554              		.thumb_func
 556              	HAL_TIM_Base_MspDeInit:
 557              		@ args = 0, pretend = 0, frame = 0
 558              		@ frame_needed = 0, uses_anonymous_args = 0
 559 0000 08B5     		push	{r3, lr}
 560 0002 0368     		ldr	r3, [r0]
 561 0004 134A     		ldr	r2, .L61
 562 0006 9342     		cmp	r3, r2
 563 0008 06D0     		beq	.L58
 564 000a 134A     		ldr	r2, .L61+4
 565 000c 9342     		cmp	r3, r2
 566 000e 0DD0     		beq	.L59
 567 0010 124A     		ldr	r2, .L61+8
 568 0012 9342     		cmp	r3, r2
 569 0014 14D0     		beq	.L60
 570              	.L53:
 571 0016 08BD     		pop	{r3, pc}
 572              	.L58:
 573 0018 02F57842 		add	r2, r2, #63488
 574 001c 536C     		ldr	r3, [r2, #68]
 575 001e 23F48033 		bic	r3, r3, #65536
 576 0022 5364     		str	r3, [r2, #68]
 577 0024 1820     		movs	r0, #24
 578 0026 FFF7FEFF 		bl	HAL_NVIC_DisableIRQ
 579 002a F4E7     		b	.L53
 580              	.L59:
 581 002c 02F57442 		add	r2, r2, #62464
 582 0030 536C     		ldr	r3, [r2, #68]
 583 0032 23F40033 		bic	r3, r3, #131072
ARM GAS  C:\Users\joabk\AppData\Local\Temp\ccQPt7Tg.s 			page 11


 584 0036 5364     		str	r3, [r2, #68]
 585 0038 1920     		movs	r0, #25
 586 003a FFF7FEFF 		bl	HAL_NVIC_DisableIRQ
 587 003e EAE7     		b	.L53
 588              	.L60:
 589 0040 02F57042 		add	r2, r2, #61440
 590 0044 536C     		ldr	r3, [r2, #68]
 591 0046 23F48023 		bic	r3, r3, #262144
 592 004a 5364     		str	r3, [r2, #68]
 593 004c 1A20     		movs	r0, #26
 594 004e FFF7FEFF 		bl	HAL_NVIC_DisableIRQ
 595 0052 E0E7     		b	.L53
 596              	.L62:
 597              		.align	2
 598              	.L61:
 599 0054 00400140 		.word	1073823744
 600 0058 00440140 		.word	1073824768
 601 005c 00480140 		.word	1073825792
 603              		.ident	"GCC: (xPack GNU Arm Embedded GCC x86_64) 13.3.1 20240614"
ARM GAS  C:\Users\joabk\AppData\Local\Temp\ccQPt7Tg.s 			page 12


DEFINED SYMBOLS
                            *ABS*:00000000 stm32f4xx_hal_msp.c
C:\Users\joabk\AppData\Local\Temp\ccQPt7Tg.s:18     .text.HAL_MspInit:00000000 $t
C:\Users\joabk\AppData\Local\Temp\ccQPt7Tg.s:24     .text.HAL_MspInit:00000000 HAL_MspInit
C:\Users\joabk\AppData\Local\Temp\ccQPt7Tg.s:53     .text.HAL_MspInit:00000034 $d
C:\Users\joabk\AppData\Local\Temp\ccQPt7Tg.s:56     .text.HAL_I2C_MspInit:00000000 $t
C:\Users\joabk\AppData\Local\Temp\ccQPt7Tg.s:62     .text.HAL_I2C_MspInit:00000000 HAL_I2C_MspInit
C:\Users\joabk\AppData\Local\Temp\ccQPt7Tg.s:212    .text.HAL_I2C_MspInit:0000014c $d
C:\Users\joabk\AppData\Local\Temp\ccQPt7Tg.s:220    .text.HAL_I2C_MspDeInit:00000000 $t
C:\Users\joabk\AppData\Local\Temp\ccQPt7Tg.s:226    .text.HAL_I2C_MspDeInit:00000000 HAL_I2C_MspDeInit
C:\Users\joabk\AppData\Local\Temp\ccQPt7Tg.s:283    .text.HAL_I2C_MspDeInit:0000007c $d
C:\Users\joabk\AppData\Local\Temp\ccQPt7Tg.s:290    .text.HAL_SPI_MspInit:00000000 $t
C:\Users\joabk\AppData\Local\Temp\ccQPt7Tg.s:296    .text.HAL_SPI_MspInit:00000000 HAL_SPI_MspInit
C:\Users\joabk\AppData\Local\Temp\ccQPt7Tg.s:407    .text.HAL_SPI_MspInit:000000e4 $d
C:\Users\joabk\AppData\Local\Temp\ccQPt7Tg.s:416    .text.HAL_SPI_MspDeInit:00000000 $t
C:\Users\joabk\AppData\Local\Temp\ccQPt7Tg.s:422    .text.HAL_SPI_MspDeInit:00000000 HAL_SPI_MspDeInit
C:\Users\joabk\AppData\Local\Temp\ccQPt7Tg.s:459    .text.HAL_SPI_MspDeInit:00000048 $d
C:\Users\joabk\AppData\Local\Temp\ccQPt7Tg.s:465    .text.HAL_TIM_Base_MspInit:00000000 $t
C:\Users\joabk\AppData\Local\Temp\ccQPt7Tg.s:471    .text.HAL_TIM_Base_MspInit:00000000 HAL_TIM_Base_MspInit
C:\Users\joabk\AppData\Local\Temp\ccQPt7Tg.s:544    .text.HAL_TIM_Base_MspInit:00000098 $d
C:\Users\joabk\AppData\Local\Temp\ccQPt7Tg.s:550    .text.HAL_TIM_Base_MspDeInit:00000000 $t
C:\Users\joabk\AppData\Local\Temp\ccQPt7Tg.s:556    .text.HAL_TIM_Base_MspDeInit:00000000 HAL_TIM_Base_MspDeInit
C:\Users\joabk\AppData\Local\Temp\ccQPt7Tg.s:599    .text.HAL_TIM_Base_MspDeInit:00000054 $d

UNDEFINED SYMBOLS
HAL_GPIO_Init
HAL_GPIO_DeInit
HAL_DMA_Init
Error_Handler
hdma_spi1_rx
HAL_DMA_DeInit
HAL_NVIC_SetPriority
HAL_NVIC_EnableIRQ
HAL_NVIC_DisableIRQ
