ARM GAS  C:\Users\joabk\AppData\Local\Temp\ccd3UZiU.s 			page 1


   1              		.cpu cortex-m4
   2              		.arch armv7e-m
   3              		.fpu fpv4-sp-d16
   4              		.eabi_attribute 27, 1
   5              		.eabi_attribute 28, 1
   6              		.eabi_attribute 20, 1
   7              		.eabi_attribute 21, 1
   8              		.eabi_attribute 23, 3
   9              		.eabi_attribute 24, 1
  10              		.eabi_attribute 25, 1
  11              		.eabi_attribute 26, 1
  12              		.eabi_attribute 30, 1
  13              		.eabi_attribute 34, 1
  14              		.eabi_attribute 18, 4
  15              		.file	"stm32f4xx_it.c"
  16              		.text
  17              		.section	.text.NMI_Handler,"ax",%progbits
  18              		.align	1
  19              		.global	NMI_Handler
  20              		.syntax unified
  21              		.thumb
  22              		.thumb_func
  24              	NMI_Handler:
  25              		@ Volatile: function does not return.
  26              		@ args = 0, pretend = 0, frame = 0
  27              		@ frame_needed = 0, uses_anonymous_args = 0
  28 0000 08B5     		push	{r3, lr}
  29 0002 FFF7FEFF 		bl	HAL_RCC_NMI_IRQHandler
  30              	.L2:
  31 0006 FEE7     		b	.L2
  33              		.section	.text.HardFault_Handler,"ax",%progbits
  34              		.align	1
  35              		.global	HardFault_Handler
  36              		.syntax unified
  37              		.thumb
  38              		.thumb_func
  40              	HardFault_Handler:
  41              		@ Volatile: function does not return.
  42              		@ args = 0, pretend = 0, frame = 0
  43              		@ frame_needed = 0, uses_anonymous_args = 0
  44              		@ link register save eliminated.
  45              	.L5:
  46 0000 FEE7     		b	.L5
  48              		.section	.text.MemManage_Handler,"ax",%progbits
  49              		.align	1
  50              		.global	MemManage_Handler
  51              		.syntax unified
  52              		.thumb
  53              		.thumb_func
  55              	MemManage_Handler:
  56              		@ Volatile: function does not return.
  57              		@ args = 0, pretend = 0, frame = 0
  58              		@ frame_needed = 0, uses_anonymous_args = 0
  59              		@ link register save eliminated.
  60              	.L7:
  61 0000 FEE7     		b	.L7
  63              		.section	.text.BusFault_Handler,"ax",%progbits
ARM GAS  C:\Users\joabk\AppData\Local\Temp\ccd3UZiU.s 			page 2


  64              		.align	1
  65              		.global	BusFault_Handler
  66              		.syntax unified
  67              		.thumb
  68              		.thumb_func
  70              	BusFault_Handler:
  71              		@ Volatile: function does not return.
  72              		@ args = 0, pretend = 0, frame = 0
  73              		@ frame_needed = 0, uses_anonymous_args = 0
  74              		@ link register save eliminated.
  75              	.L9:
  76 0000 FEE7     		b	.L9
  78              		.section	.text.UsageFault_Handler,"ax",%progbits
  79              		.align	1
  80              		.global	UsageFault_Handler
  81              		.syntax unified
  82              		.thumb
  83              		.thumb_func
  85              	UsageFault_Handler:
  86              		@ Volatile: function does not return.
  87              		@ args = 0, pretend = 0, frame = 0
  88              		@ frame_needed = 0, uses_anonymous_args = 0
  89              		@ link register save eliminated.
  90              	.L11:
  91 0000 FEE7     		b	.L11
  93              		.section	.text.SVC_Handler,"ax",%progbits
  94              		.align	1
  95              		.global	SVC_Handler
  96              		.syntax unified
  97              		.thumb
  98              		.thumb_func
 100              	SVC_Handler:
 101              		@ args = 0, pretend = 0, frame = 0
 102              		@ frame_needed = 0, uses_anonymous_args = 0
 103              		@ link register save eliminated.
 104 0000 7047     		bx	lr
 106              		.section	.text.DebugMon_Handler,"ax",%progbits
 107              		.align	1
 108              		.global	DebugMon_Handler
 109              		.syntax unified
 110              		.thumb
 111              		.thumb_func
 113              	DebugMon_Handler:
 114              		@ args = 0, pretend = 0, frame = 0
 115              		@ frame_needed = 0, uses_anonymous_args = 0
 116              		@ link register save eliminated.
 117 0000 7047     		bx	lr
 119              		.section	.text.PendSV_Handler,"ax",%progbits
 120              		.align	1
 121              		.global	PendSV_Handler
 122              		.syntax unified
 123              		.thumb
 124              		.thumb_func
 126              	PendSV_Handler:
 127              		@ args = 0, pretend = 0, frame = 0
 128              		@ frame_needed = 0, uses_anonymous_args = 0
 129              		@ link register save eliminated.
ARM GAS  C:\Users\joabk\AppData\Local\Temp\ccd3UZiU.s 			page 3


 130 0000 7047     		bx	lr
 132              		.section	.text.SysTick_Handler,"ax",%progbits
 133              		.align	1
 134              		.global	SysTick_Handler
 135              		.syntax unified
 136              		.thumb
 137              		.thumb_func
 139              	SysTick_Handler:
 140              		@ args = 0, pretend = 0, frame = 0
 141              		@ frame_needed = 0, uses_anonymous_args = 0
 142 0000 08B5     		push	{r3, lr}
 143 0002 FFF7FEFF 		bl	HAL_IncTick
 144 0006 08BD     		pop	{r3, pc}
 146              		.section	.text.EXTI9_5_IRQHandler,"ax",%progbits
 147              		.align	1
 148              		.global	EXTI9_5_IRQHandler
 149              		.syntax unified
 150              		.thumb
 151              		.thumb_func
 153              	EXTI9_5_IRQHandler:
 154              		@ args = 0, pretend = 0, frame = 0
 155              		@ frame_needed = 0, uses_anonymous_args = 0
 156 0000 08B5     		push	{r3, lr}
 157 0002 4FF40070 		mov	r0, #512
 158 0006 FFF7FEFF 		bl	HAL_GPIO_EXTI_IRQHandler
 159 000a 08BD     		pop	{r3, pc}
 161              		.section	.text.TIM1_TRG_COM_TIM11_IRQHandler,"ax",%progbits
 162              		.align	1
 163              		.global	TIM1_TRG_COM_TIM11_IRQHandler
 164              		.syntax unified
 165              		.thumb
 166              		.thumb_func
 168              	TIM1_TRG_COM_TIM11_IRQHandler:
 169              		@ args = 0, pretend = 0, frame = 0
 170              		@ frame_needed = 0, uses_anonymous_args = 0
 171 0000 08B5     		push	{r3, lr}
 172 0002 0248     		ldr	r0, .L21
 173 0004 FFF7FEFF 		bl	HAL_TIM_IRQHandler
 174 0008 08BD     		pop	{r3, pc}
 175              	.L22:
 176 000a 00BF     		.align	2
 177              	.L21:
 178 000c 00000000 		.word	htim11
 180              		.section	.text.DMA2_Stream0_IRQHandler,"ax",%progbits
 181              		.align	1
 182              		.global	DMA2_Stream0_IRQHandler
 183              		.syntax unified
 184              		.thumb
 185              		.thumb_func
 187              	DMA2_Stream0_IRQHandler:
 188              		@ args = 0, pretend = 0, frame = 0
 189              		@ frame_needed = 0, uses_anonymous_args = 0
 190 0000 08B5     		push	{r3, lr}
 191 0002 0248     		ldr	r0, .L25
 192 0004 FFF7FEFF 		bl	HAL_DMA_IRQHandler
 193 0008 08BD     		pop	{r3, pc}
 194              	.L26:
ARM GAS  C:\Users\joabk\AppData\Local\Temp\ccd3UZiU.s 			page 4


 195 000a 00BF     		.align	2
 196              	.L25:
 197 000c 00000000 		.word	hdma_spi1_rx
 199              		.ident	"GCC: (xPack GNU Arm Embedded GCC x86_64) 13.3.1 20240614"
ARM GAS  C:\Users\joabk\AppData\Local\Temp\ccd3UZiU.s 			page 5


DEFINED SYMBOLS
                            *ABS*:00000000 stm32f4xx_it.c
C:\Users\joabk\AppData\Local\Temp\ccd3UZiU.s:18     .text.NMI_Handler:00000000 $t
C:\Users\joabk\AppData\Local\Temp\ccd3UZiU.s:24     .text.NMI_Handler:00000000 NMI_Handler
C:\Users\joabk\AppData\Local\Temp\ccd3UZiU.s:34     .text.HardFault_Handler:00000000 $t
C:\Users\joabk\AppData\Local\Temp\ccd3UZiU.s:40     .text.HardFault_Handler:00000000 HardFault_Handler
C:\Users\joabk\AppData\Local\Temp\ccd3UZiU.s:49     .text.MemManage_Handler:00000000 $t
C:\Users\joabk\AppData\Local\Temp\ccd3UZiU.s:55     .text.MemManage_Handler:00000000 MemManage_Handler
C:\Users\joabk\AppData\Local\Temp\ccd3UZiU.s:64     .text.BusFault_Handler:00000000 $t
C:\Users\joabk\AppData\Local\Temp\ccd3UZiU.s:70     .text.BusFault_Handler:00000000 BusFault_Handler
C:\Users\joabk\AppData\Local\Temp\ccd3UZiU.s:79     .text.UsageFault_Handler:00000000 $t
C:\Users\joabk\AppData\Local\Temp\ccd3UZiU.s:85     .text.UsageFault_Handler:00000000 UsageFault_Handler
C:\Users\joabk\AppData\Local\Temp\ccd3UZiU.s:94     .text.SVC_Handler:00000000 $t
C:\Users\joabk\AppData\Local\Temp\ccd3UZiU.s:100    .text.SVC_Handler:00000000 SVC_Handler
C:\Users\joabk\AppData\Local\Temp\ccd3UZiU.s:107    .text.DebugMon_Handler:00000000 $t
C:\Users\joabk\AppData\Local\Temp\ccd3UZiU.s:113    .text.DebugMon_Handler:00000000 DebugMon_Handler
C:\Users\joabk\AppData\Local\Temp\ccd3UZiU.s:120    .text.PendSV_Handler:00000000 $t
C:\Users\joabk\AppData\Local\Temp\ccd3UZiU.s:126    .text.PendSV_Handler:00000000 PendSV_Handler
C:\Users\joabk\AppData\Local\Temp\ccd3UZiU.s:133    .text.SysTick_Handler:00000000 $t
C:\Users\joabk\AppData\Local\Temp\ccd3UZiU.s:139    .text.SysTick_Handler:00000000 SysTick_Handler
C:\Users\joabk\AppData\Local\Temp\ccd3UZiU.s:147    .text.EXTI9_5_IRQHandler:00000000 $t
C:\Users\joabk\AppData\Local\Temp\ccd3UZiU.s:153    .text.EXTI9_5_IRQHandler:00000000 EXTI9_5_IRQHandler
C:\Users\joabk\AppData\Local\Temp\ccd3UZiU.s:162    .text.TIM1_TRG_COM_TIM11_IRQHandler:00000000 $t
C:\Users\joabk\AppData\Local\Temp\ccd3UZiU.s:168    .text.TIM1_TRG_COM_TIM11_IRQHandler:00000000 TIM1_TRG_COM_TIM11_IRQHandler
C:\Users\joabk\AppData\Local\Temp\ccd3UZiU.s:178    .text.TIM1_TRG_COM_TIM11_IRQHandler:0000000c $d
C:\Users\joabk\AppData\Local\Temp\ccd3UZiU.s:181    .text.DMA2_Stream0_IRQHandler:00000000 $t
C:\Users\joabk\AppData\Local\Temp\ccd3UZiU.s:187    .text.DMA2_Stream0_IRQHandler:00000000 DMA2_Stream0_IRQHandler
C:\Users\joabk\AppData\Local\Temp\ccd3UZiU.s:197    .text.DMA2_Stream0_IRQHandler:0000000c $d

UNDEFINED SYMBOLS
HAL_RCC_NMI_IRQHandler
HAL_IncTick
HAL_GPIO_EXTI_IRQHandler
HAL_TIM_IRQHandler
htim11
HAL_DMA_IRQHandler
hdma_spi1_rx
