ARM GAS  C:\Users\joabk\AppData\Local\Temp\ccKWFxIQ.s 			page 1


   1              		.cpu cortex-m4
   2              		.arch armv7e-m
   3              		.fpu fpv4-sp-d16
   4              		.eabi_attribute 27, 1
   5              		.eabi_attribute 28, 1
   6              		.eabi_attribute 20, 1
   7              		.eabi_attribute 21, 1
   8              		.eabi_attribute 23, 3
   9              		.eabi_attribute 24, 1
  10              		.eabi_attribute 25, 1
  11              		.eabi_attribute 26, 1
  12              		.eabi_attribute 30, 1
  13              		.eabi_attribute 34, 1
  14              		.eabi_attribute 18, 4
  15              		.file	"SX1278.c"
  16              		.text
  17              		.section	.text.SX1278_SPIRead,"ax",%progbits
  18              		.align	1
  19              		.global	SX1278_SPIRead
  20              		.syntax unified
  21              		.thumb
  22              		.thumb_func
  24              	SX1278_SPIRead:
  25              		@ args = 0, pretend = 0, frame = 0
  26              		@ frame_needed = 0, uses_anonymous_args = 0
  27 0000 38B5     		push	{r3, r4, r5, lr}
  28 0002 0446     		mov	r4, r0
  29 0004 0068     		ldr	r0, [r0]
  30 0006 FFF7FEFF 		bl	SX1278_hw_SPICommand
  31 000a 2068     		ldr	r0, [r4]
  32 000c FFF7FEFF 		bl	SX1278_hw_SPIReadByte
  33 0010 0546     		mov	r5, r0
  34 0012 0121     		movs	r1, #1
  35 0014 2068     		ldr	r0, [r4]
  36 0016 FFF7FEFF 		bl	SX1278_hw_SetNSS
  37 001a 2846     		mov	r0, r5
  38 001c 38BD     		pop	{r3, r4, r5, pc}
  40              		.section	.text.SX1278_SPIWrite,"ax",%progbits
  41              		.align	1
  42              		.global	SX1278_SPIWrite
  43              		.syntax unified
  44              		.thumb
  45              		.thumb_func
  47              	SX1278_SPIWrite:
  48              		@ args = 0, pretend = 0, frame = 0
  49              		@ frame_needed = 0, uses_anonymous_args = 0
  50 0000 70B5     		push	{r4, r5, r6, lr}
  51 0002 0446     		mov	r4, r0
  52 0004 0E46     		mov	r6, r1
  53 0006 1546     		mov	r5, r2
  54 0008 0021     		movs	r1, #0
  55 000a 0068     		ldr	r0, [r0]
  56 000c FFF7FEFF 		bl	SX1278_hw_SetNSS
  57 0010 46F08001 		orr	r1, r6, #128
  58 0014 2068     		ldr	r0, [r4]
  59 0016 FFF7FEFF 		bl	SX1278_hw_SPICommand
  60 001a 2946     		mov	r1, r5
ARM GAS  C:\Users\joabk\AppData\Local\Temp\ccKWFxIQ.s 			page 2


  61 001c 2068     		ldr	r0, [r4]
  62 001e FFF7FEFF 		bl	SX1278_hw_SPICommand
  63 0022 0121     		movs	r1, #1
  64 0024 2068     		ldr	r0, [r4]
  65 0026 FFF7FEFF 		bl	SX1278_hw_SetNSS
  66 002a 70BD     		pop	{r4, r5, r6, pc}
  68              		.section	.text.SX1278_SPIBurstRead,"ax",%progbits
  69              		.align	1
  70              		.global	SX1278_SPIBurstRead
  71              		.syntax unified
  72              		.thumb
  73              		.thumb_func
  75              	SX1278_SPIBurstRead:
  76              		@ args = 0, pretend = 0, frame = 0
  77              		@ frame_needed = 0, uses_anonymous_args = 0
  78 0000 012B     		cmp	r3, #1
  79 0002 1BD9     		bls	.L10
  80 0004 F8B5     		push	{r3, r4, r5, r6, r7, lr}
  81 0006 0546     		mov	r5, r0
  82 0008 0C46     		mov	r4, r1
  83 000a 1746     		mov	r7, r2
  84 000c 1E46     		mov	r6, r3
  85 000e 0021     		movs	r1, #0
  86 0010 0068     		ldr	r0, [r0]
  87 0012 FFF7FEFF 		bl	SX1278_hw_SetNSS
  88 0016 2146     		mov	r1, r4
  89 0018 2868     		ldr	r0, [r5]
  90 001a FFF7FEFF 		bl	SX1278_hw_SPICommand
  91 001e 0024     		movs	r4, #0
  92 0020 05E0     		b	.L7
  93              	.L8:
  94 0022 2868     		ldr	r0, [r5]
  95 0024 FFF7FEFF 		bl	SX1278_hw_SPIReadByte
  96 0028 3855     		strb	r0, [r7, r4]
  97 002a 0134     		adds	r4, r4, #1
  98 002c E4B2     		uxtb	r4, r4
  99              	.L7:
 100 002e B442     		cmp	r4, r6
 101 0030 F7D3     		bcc	.L8
 102 0032 0121     		movs	r1, #1
 103 0034 2868     		ldr	r0, [r5]
 104 0036 FFF7FEFF 		bl	SX1278_hw_SetNSS
 105 003a F8BD     		pop	{r3, r4, r5, r6, r7, pc}
 106              	.L10:
 107 003c 7047     		bx	lr
 109              		.section	.text.SX1278_SPIBurstWrite,"ax",%progbits
 110              		.align	1
 111              		.global	SX1278_SPIBurstWrite
 112              		.syntax unified
 113              		.thumb
 114              		.thumb_func
 116              	SX1278_SPIBurstWrite:
 117              		@ args = 0, pretend = 0, frame = 0
 118              		@ frame_needed = 0, uses_anonymous_args = 0
 119 0000 012B     		cmp	r3, #1
 120 0002 1CD9     		bls	.L18
 121 0004 F8B5     		push	{r3, r4, r5, r6, r7, lr}
ARM GAS  C:\Users\joabk\AppData\Local\Temp\ccKWFxIQ.s 			page 3


 122 0006 0546     		mov	r5, r0
 123 0008 0C46     		mov	r4, r1
 124 000a 1746     		mov	r7, r2
 125 000c 1E46     		mov	r6, r3
 126 000e 0021     		movs	r1, #0
 127 0010 0068     		ldr	r0, [r0]
 128 0012 FFF7FEFF 		bl	SX1278_hw_SetNSS
 129 0016 44F08001 		orr	r1, r4, #128
 130 001a 2868     		ldr	r0, [r5]
 131 001c FFF7FEFF 		bl	SX1278_hw_SPICommand
 132 0020 0024     		movs	r4, #0
 133 0022 05E0     		b	.L15
 134              	.L16:
 135 0024 395D     		ldrb	r1, [r7, r4]	@ zero_extendqisi2
 136 0026 2868     		ldr	r0, [r5]
 137 0028 FFF7FEFF 		bl	SX1278_hw_SPICommand
 138 002c 0134     		adds	r4, r4, #1
 139 002e E4B2     		uxtb	r4, r4
 140              	.L15:
 141 0030 B442     		cmp	r4, r6
 142 0032 F7D3     		bcc	.L16
 143 0034 0121     		movs	r1, #1
 144 0036 2868     		ldr	r0, [r5]
 145 0038 FFF7FEFF 		bl	SX1278_hw_SetNSS
 146 003c F8BD     		pop	{r3, r4, r5, r6, r7, pc}
 147              	.L18:
 148 003e 7047     		bx	lr
 150              		.section	.text.SX1278_standby,"ax",%progbits
 151              		.align	1
 152              		.global	SX1278_standby
 153              		.syntax unified
 154              		.thumb
 155              		.thumb_func
 157              	SX1278_standby:
 158              		@ args = 0, pretend = 0, frame = 0
 159              		@ frame_needed = 0, uses_anonymous_args = 0
 160 0000 10B5     		push	{r4, lr}
 161 0002 0446     		mov	r4, r0
 162 0004 0922     		movs	r2, #9
 163 0006 0121     		movs	r1, #1
 164 0008 FFF7FEFF 		bl	SX1278_SPIWrite
 165 000c 0123     		movs	r3, #1
 166 000e A375     		strb	r3, [r4, #22]
 167 0010 10BD     		pop	{r4, pc}
 169              		.section	.text.SX1278_sleep,"ax",%progbits
 170              		.align	1
 171              		.global	SX1278_sleep
 172              		.syntax unified
 173              		.thumb
 174              		.thumb_func
 176              	SX1278_sleep:
 177              		@ args = 0, pretend = 0, frame = 0
 178              		@ frame_needed = 0, uses_anonymous_args = 0
 179 0000 10B5     		push	{r4, lr}
 180 0002 0446     		mov	r4, r0
 181 0004 0822     		movs	r2, #8
 182 0006 0121     		movs	r1, #1
ARM GAS  C:\Users\joabk\AppData\Local\Temp\ccKWFxIQ.s 			page 4


 183 0008 FFF7FEFF 		bl	SX1278_SPIWrite
 184 000c 0023     		movs	r3, #0
 185 000e A375     		strb	r3, [r4, #22]
 186 0010 10BD     		pop	{r4, pc}
 188              		.section	.text.SX1278_entryLoRa,"ax",%progbits
 189              		.align	1
 190              		.global	SX1278_entryLoRa
 191              		.syntax unified
 192              		.thumb
 193              		.thumb_func
 195              	SX1278_entryLoRa:
 196              		@ args = 0, pretend = 0, frame = 0
 197              		@ frame_needed = 0, uses_anonymous_args = 0
 198 0000 08B5     		push	{r3, lr}
 199 0002 8822     		movs	r2, #136
 200 0004 0121     		movs	r1, #1
 201 0006 FFF7FEFF 		bl	SX1278_SPIWrite
 202 000a 08BD     		pop	{r3, pc}
 204              		.global	__aeabi_uldivmod
 205              		.section	.text.SX1278_config,"ax",%progbits
 206              		.align	1
 207              		.global	SX1278_config
 208              		.syntax unified
 209              		.thumb
 210              		.thumb_func
 212              	SX1278_config:
 213              		@ args = 0, pretend = 0, frame = 8
 214              		@ frame_needed = 0, uses_anonymous_args = 0
 215 0000 30B5     		push	{r4, r5, lr}
 216 0002 83B0     		sub	sp, sp, #12
 217 0004 0446     		mov	r4, r0
 218 0006 FFF7FEFF 		bl	SX1278_sleep
 219 000a 0F20     		movs	r0, #15
 220 000c FFF7FEFF 		bl	SX1278_hw_DelayMs
 221 0010 2046     		mov	r0, r4
 222 0012 FFF7FEFF 		bl	SX1278_entryLoRa
 223 0016 A568     		ldr	r5, [r4, #8]
 224 0018 E368     		ldr	r3, [r4, #12]
 225 001a D904     		lsls	r1, r3, #19
 226 001c 554A     		ldr	r2, .L32
 227 001e 0023     		movs	r3, #0
 228 0020 E804     		lsls	r0, r5, #19
 229 0022 41EA5531 		orr	r1, r1, r5, lsr #13
 230 0026 FFF7FEFF 		bl	__aeabi_uldivmod
 231 002a C0F30743 		ubfx	r3, r0, #16, #8
 232 002e 8DF80430 		strb	r3, [sp, #4]
 233 0032 C0F30723 		ubfx	r3, r0, #8, #8
 234 0036 8DF80530 		strb	r3, [sp, #5]
 235 003a 8DF80600 		strb	r0, [sp, #6]
 236 003e 0323     		movs	r3, #3
 237 0040 01AA     		add	r2, sp, #4
 238 0042 0621     		movs	r1, #6
 239 0044 2046     		mov	r0, r4
 240 0046 FFF7FEFF 		bl	SX1278_SPIBurstWrite
 241 004a 1222     		movs	r2, #18
 242 004c 3921     		movs	r1, #57
 243 004e 2046     		mov	r0, r4
ARM GAS  C:\Users\joabk\AppData\Local\Temp\ccKWFxIQ.s 			page 5


 244 0050 FFF7FEFF 		bl	SX1278_SPIWrite
 245 0054 237C     		ldrb	r3, [r4, #16]	@ zero_extendqisi2
 246 0056 484A     		ldr	r2, .L32+4
 247 0058 D25C     		ldrb	r2, [r2, r3]	@ zero_extendqisi2
 248 005a 0921     		movs	r1, #9
 249 005c 2046     		mov	r0, r4
 250 005e FFF7FEFF 		bl	SX1278_SPIWrite
 251 0062 0B22     		movs	r2, #11
 252 0064 1146     		mov	r1, r2
 253 0066 2046     		mov	r0, r4
 254 0068 FFF7FEFF 		bl	SX1278_SPIWrite
 255 006c 2322     		movs	r2, #35
 256 006e 0C21     		movs	r1, #12
 257 0070 2046     		mov	r0, r4
 258 0072 FFF7FEFF 		bl	SX1278_SPIWrite
 259 0076 637C     		ldrb	r3, [r4, #17]	@ zero_extendqisi2
 260 0078 404A     		ldr	r2, .L32+8
 261 007a D35C     		ldrb	r3, [r2, r3]	@ zero_extendqisi2
 262 007c 062B     		cmp	r3, #6
 263 007e 42D0     		beq	.L31
 264 0080 A37C     		ldrb	r3, [r4, #18]	@ zero_extendqisi2
 265 0082 3F4A     		ldr	r2, .L32+12
 266 0084 D25C     		ldrb	r2, [r2, r3]	@ zero_extendqisi2
 267 0086 1201     		lsls	r2, r2, #4
 268 0088 D2B2     		uxtb	r2, r2
 269 008a E37C     		ldrb	r3, [r4, #19]	@ zero_extendqisi2
 270 008c 3D49     		ldr	r1, .L32+16
 271 008e CB5C     		ldrb	r3, [r1, r3]	@ zero_extendqisi2
 272 0090 5B00     		lsls	r3, r3, #1
 273 0092 DBB2     		uxtb	r3, r3
 274 0094 1A44     		add	r2, r2, r3
 275 0096 02F0FE02 		and	r2, r2, #254
 276 009a 1D21     		movs	r1, #29
 277 009c 2046     		mov	r0, r4
 278 009e FFF7FEFF 		bl	SX1278_SPIWrite
 279 00a2 637C     		ldrb	r3, [r4, #17]	@ zero_extendqisi2
 280 00a4 354A     		ldr	r2, .L32+8
 281 00a6 D25C     		ldrb	r2, [r2, r3]	@ zero_extendqisi2
 282 00a8 1201     		lsls	r2, r2, #4
 283 00aa D2B2     		uxtb	r2, r2
 284 00ac 237D     		ldrb	r3, [r4, #20]	@ zero_extendqisi2
 285 00ae 3649     		ldr	r1, .L32+20
 286 00b0 CB5C     		ldrb	r3, [r1, r3]	@ zero_extendqisi2
 287 00b2 9B00     		lsls	r3, r3, #2
 288 00b4 DBB2     		uxtb	r3, r3
 289 00b6 1A44     		add	r2, r2, r3
 290 00b8 02F0FC02 		and	r2, r2, #252
 291 00bc 1E21     		movs	r1, #30
 292 00be 2046     		mov	r0, r4
 293 00c0 FFF7FEFF 		bl	SX1278_SPIWrite
 294              	.L29:
 295 00c4 0422     		movs	r2, #4
 296 00c6 2621     		movs	r1, #38
 297 00c8 2046     		mov	r0, r4
 298 00ca FFF7FEFF 		bl	SX1278_SPIWrite
 299 00ce 0822     		movs	r2, #8
 300 00d0 1F21     		movs	r1, #31
ARM GAS  C:\Users\joabk\AppData\Local\Temp\ccKWFxIQ.s 			page 6


 301 00d2 2046     		mov	r0, r4
 302 00d4 FFF7FEFF 		bl	SX1278_SPIWrite
 303 00d8 0022     		movs	r2, #0
 304 00da 2021     		movs	r1, #32
 305 00dc 2046     		mov	r0, r4
 306 00de FFF7FEFF 		bl	SX1278_SPIWrite
 307 00e2 0822     		movs	r2, #8
 308 00e4 2121     		movs	r1, #33
 309 00e6 2046     		mov	r0, r4
 310 00e8 FFF7FEFF 		bl	SX1278_SPIWrite
 311 00ec 0122     		movs	r2, #1
 312 00ee 4121     		movs	r1, #65
 313 00f0 2046     		mov	r0, r4
 314 00f2 FFF7FEFF 		bl	SX1278_SPIWrite
 315 00f6 0023     		movs	r3, #0
 316 00f8 84F81731 		strb	r3, [r4, #279]
 317 00fc 2046     		mov	r0, r4
 318 00fe FFF7FEFF 		bl	SX1278_standby
 319 0102 03B0     		add	sp, sp, #12
 320              		@ sp needed
 321 0104 30BD     		pop	{r4, r5, pc}
 322              	.L31:
 323 0106 A37C     		ldrb	r3, [r4, #18]	@ zero_extendqisi2
 324 0108 1D4A     		ldr	r2, .L32+12
 325 010a D25C     		ldrb	r2, [r2, r3]	@ zero_extendqisi2
 326 010c 1201     		lsls	r2, r2, #4
 327 010e D2B2     		uxtb	r2, r2
 328 0110 E37C     		ldrb	r3, [r4, #19]	@ zero_extendqisi2
 329 0112 1C49     		ldr	r1, .L32+16
 330 0114 CB5C     		ldrb	r3, [r1, r3]	@ zero_extendqisi2
 331 0116 5B00     		lsls	r3, r3, #1
 332 0118 DBB2     		uxtb	r3, r3
 333 011a 1A44     		add	r2, r2, r3
 334 011c D2B2     		uxtb	r2, r2
 335 011e 0132     		adds	r2, r2, #1
 336 0120 D2B2     		uxtb	r2, r2
 337 0122 1D21     		movs	r1, #29
 338 0124 2046     		mov	r0, r4
 339 0126 FFF7FEFF 		bl	SX1278_SPIWrite
 340 012a 637C     		ldrb	r3, [r4, #17]	@ zero_extendqisi2
 341 012c 134A     		ldr	r2, .L32+8
 342 012e D25C     		ldrb	r2, [r2, r3]	@ zero_extendqisi2
 343 0130 1201     		lsls	r2, r2, #4
 344 0132 D2B2     		uxtb	r2, r2
 345 0134 237D     		ldrb	r3, [r4, #20]	@ zero_extendqisi2
 346 0136 1449     		ldr	r1, .L32+20
 347 0138 CB5C     		ldrb	r3, [r1, r3]	@ zero_extendqisi2
 348 013a 9B00     		lsls	r3, r3, #2
 349 013c DBB2     		uxtb	r3, r3
 350 013e 1A44     		add	r2, r2, r3
 351 0140 D2B2     		uxtb	r2, r2
 352 0142 0332     		adds	r2, r2, #3
 353 0144 D2B2     		uxtb	r2, r2
 354 0146 1E21     		movs	r1, #30
 355 0148 2046     		mov	r0, r4
 356 014a FFF7FEFF 		bl	SX1278_SPIWrite
 357 014e 3121     		movs	r1, #49
ARM GAS  C:\Users\joabk\AppData\Local\Temp\ccKWFxIQ.s 			page 7


 358 0150 2046     		mov	r0, r4
 359 0152 FFF7FEFF 		bl	SX1278_SPIRead
 360 0156 00F0F802 		and	r2, r0, #248
 361 015a 42F00502 		orr	r2, r2, #5
 362 015e 3121     		movs	r1, #49
 363 0160 2046     		mov	r0, r4
 364 0162 FFF7FEFF 		bl	SX1278_SPIWrite
 365 0166 0C22     		movs	r2, #12
 366 0168 3721     		movs	r1, #55
 367 016a 2046     		mov	r0, r4
 368 016c FFF7FEFF 		bl	SX1278_SPIWrite
 369 0170 A8E7     		b	.L29
 370              	.L33:
 371 0172 00BF     		.align	2
 372              	.L32:
 373 0174 0048E801 		.word	32000000
 374 0178 00000000 		.word	SX1278_Power
 375 017c 00000000 		.word	SX1278_SpreadFactor
 376 0180 00000000 		.word	SX1278_LoRaBandwidth
 377 0184 00000000 		.word	SX1278_CodingRate
 378 0188 00000000 		.word	SX1278_CRC_Sum
 380              		.section	.text.SX1278_clearLoRaIrq,"ax",%progbits
 381              		.align	1
 382              		.global	SX1278_clearLoRaIrq
 383              		.syntax unified
 384              		.thumb
 385              		.thumb_func
 387              	SX1278_clearLoRaIrq:
 388              		@ args = 0, pretend = 0, frame = 0
 389              		@ frame_needed = 0, uses_anonymous_args = 0
 390 0000 08B5     		push	{r3, lr}
 391 0002 FF22     		movs	r2, #255
 392 0004 1221     		movs	r1, #18
 393 0006 FFF7FEFF 		bl	SX1278_SPIWrite
 394 000a 08BD     		pop	{r3, pc}
 396              		.section	.text.SX1278_LoRaEntryRx,"ax",%progbits
 397              		.align	1
 398              		.global	SX1278_LoRaEntryRx
 399              		.syntax unified
 400              		.thumb
 401              		.thumb_func
 403              	SX1278_LoRaEntryRx:
 404              		@ args = 0, pretend = 0, frame = 0
 405              		@ frame_needed = 0, uses_anonymous_args = 0
 406 0000 70B5     		push	{r4, r5, r6, lr}
 407 0002 0546     		mov	r5, r0
 408 0004 0E46     		mov	r6, r1
 409 0006 1446     		mov	r4, r2
 410 0008 4175     		strb	r1, [r0, #21]
 411 000a FFF7FEFF 		bl	SX1278_config
 412 000e 8422     		movs	r2, #132
 413 0010 4D21     		movs	r1, #77
 414 0012 2846     		mov	r0, r5
 415 0014 FFF7FEFF 		bl	SX1278_SPIWrite
 416 0018 FF22     		movs	r2, #255
 417 001a 2421     		movs	r1, #36
 418 001c 2846     		mov	r0, r5
ARM GAS  C:\Users\joabk\AppData\Local\Temp\ccKWFxIQ.s 			page 8


 419 001e FFF7FEFF 		bl	SX1278_SPIWrite
 420 0022 0122     		movs	r2, #1
 421 0024 4021     		movs	r1, #64
 422 0026 2846     		mov	r0, r5
 423 0028 FFF7FEFF 		bl	SX1278_SPIWrite
 424 002c 3F22     		movs	r2, #63
 425 002e 1121     		movs	r1, #17
 426 0030 2846     		mov	r0, r5
 427 0032 FFF7FEFF 		bl	SX1278_SPIWrite
 428 0036 2846     		mov	r0, r5
 429 0038 FFF7FEFF 		bl	SX1278_clearLoRaIrq
 430 003c 3246     		mov	r2, r6
 431 003e 2221     		movs	r1, #34
 432 0040 2846     		mov	r0, r5
 433 0042 FFF7FEFF 		bl	SX1278_SPIWrite
 434 0046 0F21     		movs	r1, #15
 435 0048 2846     		mov	r0, r5
 436 004a FFF7FEFF 		bl	SX1278_SPIRead
 437 004e 0246     		mov	r2, r0
 438 0050 0D21     		movs	r1, #13
 439 0052 2846     		mov	r0, r5
 440 0054 FFF7FEFF 		bl	SX1278_SPIWrite
 441 0058 8D22     		movs	r2, #141
 442 005a 0121     		movs	r1, #1
 443 005c 2846     		mov	r0, r5
 444 005e FFF7FEFF 		bl	SX1278_SPIWrite
 445 0062 0023     		movs	r3, #0
 446 0064 85F81731 		strb	r3, [r5, #279]
 447 0068 06E0     		b	.L40
 448              	.L42:
 449 006a 0323     		movs	r3, #3
 450 006c AB75     		strb	r3, [r5, #22]
 451 006e 0120     		movs	r0, #1
 452              	.L36:
 453 0070 70BD     		pop	{r4, r5, r6, pc}
 454              	.L39:
 455 0072 0120     		movs	r0, #1
 456 0074 FFF7FEFF 		bl	SX1278_hw_DelayMs
 457              	.L40:
 458 0078 1821     		movs	r1, #24
 459 007a 2846     		mov	r0, r5
 460 007c FFF7FEFF 		bl	SX1278_SPIRead
 461 0080 10F0040F 		tst	r0, #4
 462 0084 F1D1     		bne	.L42
 463 0086 013C     		subs	r4, r4, #1
 464 0088 F3D1     		bne	.L39
 465 008a 2868     		ldr	r0, [r5]
 466 008c FFF7FEFF 		bl	SX1278_hw_Reset
 467 0090 2846     		mov	r0, r5
 468 0092 FFF7FEFF 		bl	SX1278_config
 469 0096 0020     		movs	r0, #0
 470 0098 EAE7     		b	.L36
 472              		.section	.text.SX1278_LoRaRxPacket,"ax",%progbits
 473              		.align	1
 474              		.global	SX1278_LoRaRxPacket
 475              		.syntax unified
 476              		.thumb
ARM GAS  C:\Users\joabk\AppData\Local\Temp\ccKWFxIQ.s 			page 9


 477              		.thumb_func
 479              	SX1278_LoRaRxPacket:
 480              		@ args = 0, pretend = 0, frame = 0
 481              		@ frame_needed = 0, uses_anonymous_args = 0
 482 0000 70B5     		push	{r4, r5, r6, lr}
 483 0002 0446     		mov	r4, r0
 484 0004 0068     		ldr	r0, [r0]
 485 0006 FFF7FEFF 		bl	SX1278_hw_GetDIO0
 486 000a 10B9     		cbnz	r0, .L48
 487              	.L44:
 488 000c 94F81701 		ldrb	r0, [r4, #279]	@ zero_extendqisi2
 489 0010 70BD     		pop	{r4, r5, r6, pc}
 490              	.L48:
 491 0012 04F11706 		add	r6, r4, #23
 492 0016 4FF48072 		mov	r2, #256
 493 001a 0021     		movs	r1, #0
 494 001c 3046     		mov	r0, r6
 495 001e FFF7FEFF 		bl	memset
 496 0022 1021     		movs	r1, #16
 497 0024 2046     		mov	r0, r4
 498 0026 FFF7FEFF 		bl	SX1278_SPIRead
 499 002a 0246     		mov	r2, r0
 500 002c 0D21     		movs	r1, #13
 501 002e 2046     		mov	r0, r4
 502 0030 FFF7FEFF 		bl	SX1278_SPIWrite
 503 0034 637C     		ldrb	r3, [r4, #17]	@ zero_extendqisi2
 504 0036 63B9     		cbnz	r3, .L45
 505 0038 657D     		ldrb	r5, [r4, #21]	@ zero_extendqisi2
 506              	.L46:
 507 003a 2B46     		mov	r3, r5
 508 003c 3246     		mov	r2, r6
 509 003e 0021     		movs	r1, #0
 510 0040 2046     		mov	r0, r4
 511 0042 FFF7FEFF 		bl	SX1278_SPIBurstRead
 512 0046 84F81751 		strb	r5, [r4, #279]
 513 004a 2046     		mov	r0, r4
 514 004c FFF7FEFF 		bl	SX1278_clearLoRaIrq
 515 0050 DCE7     		b	.L44
 516              	.L45:
 517 0052 1321     		movs	r1, #19
 518 0054 2046     		mov	r0, r4
 519 0056 FFF7FEFF 		bl	SX1278_SPIRead
 520 005a 0546     		mov	r5, r0
 521 005c EDE7     		b	.L46
 523              		.section	.text.SX1278_LoRaEntryTx,"ax",%progbits
 524              		.align	1
 525              		.global	SX1278_LoRaEntryTx
 526              		.syntax unified
 527              		.thumb
 528              		.thumb_func
 530              	SX1278_LoRaEntryTx:
 531              		@ args = 0, pretend = 0, frame = 0
 532              		@ frame_needed = 0, uses_anonymous_args = 0
 533 0000 70B5     		push	{r4, r5, r6, lr}
 534 0002 0546     		mov	r5, r0
 535 0004 0E46     		mov	r6, r1
 536 0006 1446     		mov	r4, r2
ARM GAS  C:\Users\joabk\AppData\Local\Temp\ccKWFxIQ.s 			page 10


 537 0008 4175     		strb	r1, [r0, #21]
 538 000a FFF7FEFF 		bl	SX1278_config
 539 000e 8722     		movs	r2, #135
 540 0010 4D21     		movs	r1, #77
 541 0012 2846     		mov	r0, r5
 542 0014 FFF7FEFF 		bl	SX1278_SPIWrite
 543 0018 0022     		movs	r2, #0
 544 001a 2421     		movs	r1, #36
 545 001c 2846     		mov	r0, r5
 546 001e FFF7FEFF 		bl	SX1278_SPIWrite
 547 0022 4122     		movs	r2, #65
 548 0024 4021     		movs	r1, #64
 549 0026 2846     		mov	r0, r5
 550 0028 FFF7FEFF 		bl	SX1278_SPIWrite
 551 002c 2846     		mov	r0, r5
 552 002e FFF7FEFF 		bl	SX1278_clearLoRaIrq
 553 0032 F722     		movs	r2, #247
 554 0034 1121     		movs	r1, #17
 555 0036 2846     		mov	r0, r5
 556 0038 FFF7FEFF 		bl	SX1278_SPIWrite
 557 003c 3246     		mov	r2, r6
 558 003e 2221     		movs	r1, #34
 559 0040 2846     		mov	r0, r5
 560 0042 FFF7FEFF 		bl	SX1278_SPIWrite
 561 0046 0E21     		movs	r1, #14
 562 0048 2846     		mov	r0, r5
 563 004a FFF7FEFF 		bl	SX1278_SPIRead
 564 004e 0246     		mov	r2, r0
 565 0050 0D21     		movs	r1, #13
 566 0052 2846     		mov	r0, r5
 567 0054 FFF7FEFF 		bl	SX1278_SPIWrite
 568              	.L52:
 569 0058 2221     		movs	r1, #34
 570 005a 2846     		mov	r0, r5
 571 005c FFF7FEFF 		bl	SX1278_SPIRead
 572 0060 8642     		cmp	r6, r0
 573 0062 09D0     		beq	.L54
 574 0064 013C     		subs	r4, r4, #1
 575 0066 F7D1     		bne	.L52
 576 0068 2868     		ldr	r0, [r5]
 577 006a FFF7FEFF 		bl	SX1278_hw_Reset
 578 006e 2846     		mov	r0, r5
 579 0070 FFF7FEFF 		bl	SX1278_config
 580 0074 0020     		movs	r0, #0
 581 0076 02E0     		b	.L49
 582              	.L54:
 583 0078 0223     		movs	r3, #2
 584 007a AB75     		strb	r3, [r5, #22]
 585 007c 0120     		movs	r0, #1
 586              	.L49:
 587 007e 70BD     		pop	{r4, r5, r6, pc}
 589              		.section	.text.SX1278_LoRaTxPacket,"ax",%progbits
 590              		.align	1
 591              		.global	SX1278_LoRaTxPacket
 592              		.syntax unified
 593              		.thumb
 594              		.thumb_func
ARM GAS  C:\Users\joabk\AppData\Local\Temp\ccKWFxIQ.s 			page 11


 596              	SX1278_LoRaTxPacket:
 597              		@ args = 0, pretend = 0, frame = 0
 598              		@ frame_needed = 0, uses_anonymous_args = 0
 599 0000 70B5     		push	{r4, r5, r6, lr}
 600 0002 0546     		mov	r5, r0
 601 0004 1C46     		mov	r4, r3
 602 0006 1346     		mov	r3, r2
 603 0008 0A46     		mov	r2, r1
 604 000a 0021     		movs	r1, #0
 605 000c FFF7FEFF 		bl	SX1278_SPIBurstWrite
 606 0010 8B22     		movs	r2, #139
 607 0012 0121     		movs	r1, #1
 608 0014 2846     		mov	r0, r5
 609 0016 FFF7FEFF 		bl	SX1278_SPIWrite
 610 001a 0FE0     		b	.L59
 611              	.L61:
 612 001c 1221     		movs	r1, #18
 613 001e 2846     		mov	r0, r5
 614 0020 FFF7FEFF 		bl	SX1278_SPIRead
 615 0024 2846     		mov	r0, r5
 616 0026 FFF7FEFF 		bl	SX1278_clearLoRaIrq
 617 002a 2846     		mov	r0, r5
 618 002c FFF7FEFF 		bl	SX1278_standby
 619 0030 0126     		movs	r6, #1
 620              	.L55:
 621 0032 3046     		mov	r0, r6
 622 0034 70BD     		pop	{r4, r5, r6, pc}
 623              	.L58:
 624 0036 0120     		movs	r0, #1
 625 0038 FFF7FEFF 		bl	SX1278_hw_DelayMs
 626              	.L59:
 627 003c 2868     		ldr	r0, [r5]
 628 003e FFF7FEFF 		bl	SX1278_hw_GetDIO0
 629 0042 0646     		mov	r6, r0
 630 0044 0028     		cmp	r0, #0
 631 0046 E9D1     		bne	.L61
 632 0048 013C     		subs	r4, r4, #1
 633 004a F4D1     		bne	.L58
 634 004c 2868     		ldr	r0, [r5]
 635 004e FFF7FEFF 		bl	SX1278_hw_Reset
 636 0052 2846     		mov	r0, r5
 637 0054 FFF7FEFF 		bl	SX1278_config
 638 0058 EBE7     		b	.L55
 640              		.section	.text.SX1278_init,"ax",%progbits
 641              		.align	1
 642              		.global	SX1278_init
 643              		.syntax unified
 644              		.thumb
 645              		.thumb_func
 647              	SX1278_init:
 648              		@ args = 24, pretend = 0, frame = 0
 649              		@ frame_needed = 0, uses_anonymous_args = 0
 650 0000 70B5     		push	{r4, r5, r6, lr}
 651 0002 0446     		mov	r4, r0
 652 0004 1646     		mov	r6, r2
 653 0006 1D46     		mov	r5, r3
 654 0008 0068     		ldr	r0, [r0]
ARM GAS  C:\Users\joabk\AppData\Local\Temp\ccKWFxIQ.s 			page 12


 655 000a FFF7FEFF 		bl	SX1278_hw_init
 656 000e A660     		str	r6, [r4, #8]
 657 0010 E560     		str	r5, [r4, #12]
 658 0012 9DF81030 		ldrb	r3, [sp, #16]	@ zero_extendqisi2
 659 0016 2374     		strb	r3, [r4, #16]
 660 0018 9DF81430 		ldrb	r3, [sp, #20]	@ zero_extendqisi2
 661 001c 6374     		strb	r3, [r4, #17]
 662 001e 9DF81830 		ldrb	r3, [sp, #24]	@ zero_extendqisi2
 663 0022 A374     		strb	r3, [r4, #18]
 664 0024 9DF81C30 		ldrb	r3, [sp, #28]	@ zero_extendqisi2
 665 0028 E374     		strb	r3, [r4, #19]
 666 002a 9DF82030 		ldrb	r3, [sp, #32]	@ zero_extendqisi2
 667 002e 2375     		strb	r3, [r4, #20]
 668 0030 9DF82430 		ldrb	r3, [sp, #36]	@ zero_extendqisi2
 669 0034 6375     		strb	r3, [r4, #21]
 670 0036 2046     		mov	r0, r4
 671 0038 FFF7FEFF 		bl	SX1278_config
 672 003c 70BD     		pop	{r4, r5, r6, pc}
 674              		.section	.text.SX1278_transmit,"ax",%progbits
 675              		.align	1
 676              		.global	SX1278_transmit
 677              		.syntax unified
 678              		.thumb
 679              		.thumb_func
 681              	SX1278_transmit:
 682              		@ args = 0, pretend = 0, frame = 0
 683              		@ frame_needed = 0, uses_anonymous_args = 0
 684 0000 F8B5     		push	{r3, r4, r5, r6, r7, lr}
 685 0002 0646     		mov	r6, r0
 686 0004 0F46     		mov	r7, r1
 687 0006 1446     		mov	r4, r2
 688 0008 1D46     		mov	r5, r3
 689 000a 1A46     		mov	r2, r3
 690 000c 2146     		mov	r1, r4
 691 000e FFF7FEFF 		bl	SX1278_LoRaEntryTx
 692 0012 00B9     		cbnz	r0, .L67
 693              	.L64:
 694 0014 F8BD     		pop	{r3, r4, r5, r6, r7, pc}
 695              	.L67:
 696 0016 2B46     		mov	r3, r5
 697 0018 2246     		mov	r2, r4
 698 001a 3946     		mov	r1, r7
 699 001c 3046     		mov	r0, r6
 700 001e FFF7FEFF 		bl	SX1278_LoRaTxPacket
 701 0022 F7E7     		b	.L64
 703              		.section	.text.SX1278_receive,"ax",%progbits
 704              		.align	1
 705              		.global	SX1278_receive
 706              		.syntax unified
 707              		.thumb
 708              		.thumb_func
 710              	SX1278_receive:
 711              		@ args = 0, pretend = 0, frame = 0
 712              		@ frame_needed = 0, uses_anonymous_args = 0
 713 0000 08B5     		push	{r3, lr}
 714 0002 FFF7FEFF 		bl	SX1278_LoRaEntryRx
 715 0006 08BD     		pop	{r3, pc}
ARM GAS  C:\Users\joabk\AppData\Local\Temp\ccKWFxIQ.s 			page 13


 717              		.section	.text.SX1278_available,"ax",%progbits
 718              		.align	1
 719              		.global	SX1278_available
 720              		.syntax unified
 721              		.thumb
 722              		.thumb_func
 724              	SX1278_available:
 725              		@ args = 0, pretend = 0, frame = 0
 726              		@ frame_needed = 0, uses_anonymous_args = 0
 727 0000 08B5     		push	{r3, lr}
 728 0002 FFF7FEFF 		bl	SX1278_LoRaRxPacket
 729 0006 08BD     		pop	{r3, pc}
 731              		.section	.text.SX1278_read,"ax",%progbits
 732              		.align	1
 733              		.global	SX1278_read
 734              		.syntax unified
 735              		.thumb
 736              		.thumb_func
 738              	SX1278_read:
 739              		@ args = 0, pretend = 0, frame = 0
 740              		@ frame_needed = 0, uses_anonymous_args = 0
 741 0000 70B5     		push	{r4, r5, r6, lr}
 742 0002 0446     		mov	r4, r0
 743 0004 0E46     		mov	r6, r1
 744 0006 90F81751 		ldrb	r5, [r0, #279]	@ zero_extendqisi2
 745 000a 9542     		cmp	r5, r2
 746 000c 0BD0     		beq	.L75
 747              	.L73:
 748 000e 2A46     		mov	r2, r5
 749 0010 04F11701 		add	r1, r4, #23
 750 0014 3046     		mov	r0, r6
 751 0016 FFF7FEFF 		bl	memcpy
 752 001a 0023     		movs	r3, #0
 753 001c 7355     		strb	r3, [r6, r5]
 754 001e 84F81731 		strb	r3, [r4, #279]
 755 0022 2846     		mov	r0, r5
 756 0024 70BD     		pop	{r4, r5, r6, pc}
 757              	.L75:
 758 0026 1546     		mov	r5, r2
 759 0028 F1E7     		b	.L73
 761              		.section	.text.SX1278_RSSI_LoRa,"ax",%progbits
 762              		.align	1
 763              		.global	SX1278_RSSI_LoRa
 764              		.syntax unified
 765              		.thumb
 766              		.thumb_func
 768              	SX1278_RSSI_LoRa:
 769              		@ args = 0, pretend = 0, frame = 0
 770              		@ frame_needed = 0, uses_anonymous_args = 0
 771 0000 08B5     		push	{r3, lr}
 772 0002 1B21     		movs	r1, #27
 773 0004 FFF7FEFF 		bl	SX1278_SPIRead
 774 0008 0A38     		subs	r0, r0, #10
 775 000a C0B2     		uxtb	r0, r0
 776 000c 08BD     		pop	{r3, pc}
 778              		.section	.text.SX1278_RSSI,"ax",%progbits
 779              		.align	1
ARM GAS  C:\Users\joabk\AppData\Local\Temp\ccKWFxIQ.s 			page 14


 780              		.global	SX1278_RSSI
 781              		.syntax unified
 782              		.thumb
 783              		.thumb_func
 785              	SX1278_RSSI:
 786              		@ args = 0, pretend = 0, frame = 0
 787              		@ frame_needed = 0, uses_anonymous_args = 0
 788 0000 08B5     		push	{r3, lr}
 789 0002 1121     		movs	r1, #17
 790 0004 FFF7FEFF 		bl	SX1278_SPIRead
 791 0008 C0F34700 		ubfx	r0, r0, #1, #8
 792 000c C0F17F00 		rsb	r0, r0, #127
 793 0010 C0B2     		uxtb	r0, r0
 794 0012 08BD     		pop	{r3, pc}
 796              		.section	.rodata.SX1278_CRC_Sum,"a"
 797              		.align	2
 800              	SX1278_CRC_Sum:
 801 0000 0100     		.ascii	"\001\000"
 802              		.section	.rodata.SX1278_CodingRate,"a"
 803              		.align	2
 806              	SX1278_CodingRate:
 807 0000 01020304 		.ascii	"\001\002\003\004"
 808              		.section	.rodata.SX1278_LoRaBandwidth,"a"
 809              		.align	2
 812              	SX1278_LoRaBandwidth:
 813 0000 00010203 		.ascii	"\000\001\002\003\004\005\006\007\010\011"
 813      04050607 
 813      0809
 814              		.section	.rodata.SX1278_SpreadFactor,"a"
 815              		.align	2
 818              	SX1278_SpreadFactor:
 819 0000 06070809 		.ascii	"\006\007\010\011\012\013\014"
 819      0A0B0C
 820              		.section	.rodata.SX1278_Power,"a"
 821              		.align	2
 824              	SX1278_Power:
 825 0000 FFFCF9F6 		.ascii	"\377\374\371\366"
 826              		.ident	"GCC: (xPack GNU Arm Embedded GCC x86_64) 13.3.1 20240614"
ARM GAS  C:\Users\joabk\AppData\Local\Temp\ccKWFxIQ.s 			page 15


DEFINED SYMBOLS
                            *ABS*:00000000 SX1278.c
C:\Users\joabk\AppData\Local\Temp\ccKWFxIQ.s:18     .text.SX1278_SPIRead:00000000 $t
C:\Users\joabk\AppData\Local\Temp\ccKWFxIQ.s:24     .text.SX1278_SPIRead:00000000 SX1278_SPIRead
C:\Users\joabk\AppData\Local\Temp\ccKWFxIQ.s:41     .text.SX1278_SPIWrite:00000000 $t
C:\Users\joabk\AppData\Local\Temp\ccKWFxIQ.s:47     .text.SX1278_SPIWrite:00000000 SX1278_SPIWrite
C:\Users\joabk\AppData\Local\Temp\ccKWFxIQ.s:69     .text.SX1278_SPIBurstRead:00000000 $t
C:\Users\joabk\AppData\Local\Temp\ccKWFxIQ.s:75     .text.SX1278_SPIBurstRead:00000000 SX1278_SPIBurstRead
C:\Users\joabk\AppData\Local\Temp\ccKWFxIQ.s:110    .text.SX1278_SPIBurstWrite:00000000 $t
C:\Users\joabk\AppData\Local\Temp\ccKWFxIQ.s:116    .text.SX1278_SPIBurstWrite:00000000 SX1278_SPIBurstWrite
C:\Users\joabk\AppData\Local\Temp\ccKWFxIQ.s:151    .text.SX1278_standby:00000000 $t
C:\Users\joabk\AppData\Local\Temp\ccKWFxIQ.s:157    .text.SX1278_standby:00000000 SX1278_standby
C:\Users\joabk\AppData\Local\Temp\ccKWFxIQ.s:170    .text.SX1278_sleep:00000000 $t
C:\Users\joabk\AppData\Local\Temp\ccKWFxIQ.s:176    .text.SX1278_sleep:00000000 SX1278_sleep
C:\Users\joabk\AppData\Local\Temp\ccKWFxIQ.s:189    .text.SX1278_entryLoRa:00000000 $t
C:\Users\joabk\AppData\Local\Temp\ccKWFxIQ.s:195    .text.SX1278_entryLoRa:00000000 SX1278_entryLoRa
C:\Users\joabk\AppData\Local\Temp\ccKWFxIQ.s:206    .text.SX1278_config:00000000 $t
C:\Users\joabk\AppData\Local\Temp\ccKWFxIQ.s:212    .text.SX1278_config:00000000 SX1278_config
C:\Users\joabk\AppData\Local\Temp\ccKWFxIQ.s:373    .text.SX1278_config:00000174 $d
C:\Users\joabk\AppData\Local\Temp\ccKWFxIQ.s:824    .rodata.SX1278_Power:00000000 SX1278_Power
C:\Users\joabk\AppData\Local\Temp\ccKWFxIQ.s:818    .rodata.SX1278_SpreadFactor:00000000 SX1278_SpreadFactor
C:\Users\joabk\AppData\Local\Temp\ccKWFxIQ.s:812    .rodata.SX1278_LoRaBandwidth:00000000 SX1278_LoRaBandwidth
C:\Users\joabk\AppData\Local\Temp\ccKWFxIQ.s:806    .rodata.SX1278_CodingRate:00000000 SX1278_CodingRate
C:\Users\joabk\AppData\Local\Temp\ccKWFxIQ.s:800    .rodata.SX1278_CRC_Sum:00000000 SX1278_CRC_Sum
C:\Users\joabk\AppData\Local\Temp\ccKWFxIQ.s:381    .text.SX1278_clearLoRaIrq:00000000 $t
C:\Users\joabk\AppData\Local\Temp\ccKWFxIQ.s:387    .text.SX1278_clearLoRaIrq:00000000 SX1278_clearLoRaIrq
C:\Users\joabk\AppData\Local\Temp\ccKWFxIQ.s:397    .text.SX1278_LoRaEntryRx:00000000 $t
C:\Users\joabk\AppData\Local\Temp\ccKWFxIQ.s:403    .text.SX1278_LoRaEntryRx:00000000 SX1278_LoRaEntryRx
C:\Users\joabk\AppData\Local\Temp\ccKWFxIQ.s:473    .text.SX1278_LoRaRxPacket:00000000 $t
C:\Users\joabk\AppData\Local\Temp\ccKWFxIQ.s:479    .text.SX1278_LoRaRxPacket:00000000 SX1278_LoRaRxPacket
C:\Users\joabk\AppData\Local\Temp\ccKWFxIQ.s:524    .text.SX1278_LoRaEntryTx:00000000 $t
C:\Users\joabk\AppData\Local\Temp\ccKWFxIQ.s:530    .text.SX1278_LoRaEntryTx:00000000 SX1278_LoRaEntryTx
C:\Users\joabk\AppData\Local\Temp\ccKWFxIQ.s:590    .text.SX1278_LoRaTxPacket:00000000 $t
C:\Users\joabk\AppData\Local\Temp\ccKWFxIQ.s:596    .text.SX1278_LoRaTxPacket:00000000 SX1278_LoRaTxPacket
C:\Users\joabk\AppData\Local\Temp\ccKWFxIQ.s:641    .text.SX1278_init:00000000 $t
C:\Users\joabk\AppData\Local\Temp\ccKWFxIQ.s:647    .text.SX1278_init:00000000 SX1278_init
C:\Users\joabk\AppData\Local\Temp\ccKWFxIQ.s:675    .text.SX1278_transmit:00000000 $t
C:\Users\joabk\AppData\Local\Temp\ccKWFxIQ.s:681    .text.SX1278_transmit:00000000 SX1278_transmit
C:\Users\joabk\AppData\Local\Temp\ccKWFxIQ.s:704    .text.SX1278_receive:00000000 $t
C:\Users\joabk\AppData\Local\Temp\ccKWFxIQ.s:710    .text.SX1278_receive:00000000 SX1278_receive
C:\Users\joabk\AppData\Local\Temp\ccKWFxIQ.s:718    .text.SX1278_available:00000000 $t
C:\Users\joabk\AppData\Local\Temp\ccKWFxIQ.s:724    .text.SX1278_available:00000000 SX1278_available
C:\Users\joabk\AppData\Local\Temp\ccKWFxIQ.s:732    .text.SX1278_read:00000000 $t
C:\Users\joabk\AppData\Local\Temp\ccKWFxIQ.s:738    .text.SX1278_read:00000000 SX1278_read
C:\Users\joabk\AppData\Local\Temp\ccKWFxIQ.s:762    .text.SX1278_RSSI_LoRa:00000000 $t
C:\Users\joabk\AppData\Local\Temp\ccKWFxIQ.s:768    .text.SX1278_RSSI_LoRa:00000000 SX1278_RSSI_LoRa
C:\Users\joabk\AppData\Local\Temp\ccKWFxIQ.s:779    .text.SX1278_RSSI:00000000 $t
C:\Users\joabk\AppData\Local\Temp\ccKWFxIQ.s:785    .text.SX1278_RSSI:00000000 SX1278_RSSI
C:\Users\joabk\AppData\Local\Temp\ccKWFxIQ.s:797    .rodata.SX1278_CRC_Sum:00000000 $d
C:\Users\joabk\AppData\Local\Temp\ccKWFxIQ.s:803    .rodata.SX1278_CodingRate:00000000 $d
C:\Users\joabk\AppData\Local\Temp\ccKWFxIQ.s:809    .rodata.SX1278_LoRaBandwidth:00000000 $d
C:\Users\joabk\AppData\Local\Temp\ccKWFxIQ.s:815    .rodata.SX1278_SpreadFactor:00000000 $d
C:\Users\joabk\AppData\Local\Temp\ccKWFxIQ.s:821    .rodata.SX1278_Power:00000000 $d

UNDEFINED SYMBOLS
SX1278_hw_SPICommand
SX1278_hw_SPIReadByte
ARM GAS  C:\Users\joabk\AppData\Local\Temp\ccKWFxIQ.s 			page 16


SX1278_hw_SetNSS
__aeabi_uldivmod
SX1278_hw_DelayMs
SX1278_hw_Reset
SX1278_hw_GetDIO0
memset
SX1278_hw_init
memcpy
