ARM GAS  C:\Users\joabk\AppData\Local\Temp\ccwdDDbX.s 			page 1


   1              		.cpu cortex-m4
   2              		.arch armv7e-m
   3              		.fpu fpv4-sp-d16
   4              		.eabi_attribute 27, 1
   5              		.eabi_attribute 28, 1
   6              		.eabi_attribute 20, 1
   7              		.eabi_attribute 21, 1
   8              		.eabi_attribute 23, 3
   9              		.eabi_attribute 24, 1
  10              		.eabi_attribute 25, 1
  11              		.eabi_attribute 26, 1
  12              		.eabi_attribute 30, 1
  13              		.eabi_attribute 34, 1
  14              		.eabi_attribute 18, 4
  15              		.file	"SX1278_hw.c"
  16              		.text
  17              		.section	.text.SX1278_hw_SetNSS,"ax",%progbits
  18              		.align	1
  19              		.weak	SX1278_hw_SetNSS
  20              		.syntax unified
  21              		.thumb
  22              		.thumb_func
  24              	SX1278_hw_SetNSS:
  25              		@ args = 0, pretend = 0, frame = 0
  26              		@ frame_needed = 0, uses_anonymous_args = 0
  27 0000 08B5     		push	{r3, lr}
  28 0002 0129     		cmp	r1, #1
  29 0004 14BF     		ite	ne
  30 0006 0022     		movne	r2, #0
  31 0008 0122     		moveq	r2, #1
  32 000a 018A     		ldrh	r1, [r0, #16]
  33 000c 4069     		ldr	r0, [r0, #20]
  34 000e FFF7FEFF 		bl	HAL_GPIO_WritePin
  35 0012 08BD     		pop	{r3, pc}
  37              		.section	.text.SX1278_hw_init,"ax",%progbits
  38              		.align	1
  39              		.weak	SX1278_hw_init
  40              		.syntax unified
  41              		.thumb
  42              		.thumb_func
  44              	SX1278_hw_init:
  45              		@ args = 0, pretend = 0, frame = 0
  46              		@ frame_needed = 0, uses_anonymous_args = 0
  47 0000 10B5     		push	{r4, lr}
  48 0002 0446     		mov	r4, r0
  49 0004 0121     		movs	r1, #1
  50 0006 FFF7FEFF 		bl	SX1278_hw_SetNSS
  51 000a 0122     		movs	r2, #1
  52 000c 2188     		ldrh	r1, [r4]
  53 000e 6068     		ldr	r0, [r4, #4]
  54 0010 FFF7FEFF 		bl	HAL_GPIO_WritePin
  55 0014 10BD     		pop	{r4, pc}
  57              		.section	.text.SX1278_hw_SPICommand,"ax",%progbits
  58              		.align	1
  59              		.weak	SX1278_hw_SPICommand
  60              		.syntax unified
  61              		.thumb
ARM GAS  C:\Users\joabk\AppData\Local\Temp\ccwdDDbX.s 			page 2


  62              		.thumb_func
  64              	SX1278_hw_SPICommand:
  65              		@ args = 0, pretend = 0, frame = 8
  66              		@ frame_needed = 0, uses_anonymous_args = 0
  67 0000 10B5     		push	{r4, lr}
  68 0002 82B0     		sub	sp, sp, #8
  69 0004 0446     		mov	r4, r0
  70 0006 8DF80710 		strb	r1, [sp, #7]
  71 000a 0021     		movs	r1, #0
  72 000c FFF7FEFF 		bl	SX1278_hw_SetNSS
  73 0010 4FF47A73 		mov	r3, #1000
  74 0014 0122     		movs	r2, #1
  75 0016 0DF10701 		add	r1, sp, #7
  76 001a A069     		ldr	r0, [r4, #24]
  77 001c FFF7FEFF 		bl	HAL_SPI_Transmit
  78              	.L6:
  79 0020 A069     		ldr	r0, [r4, #24]
  80 0022 FFF7FEFF 		bl	HAL_SPI_GetState
  81 0026 0128     		cmp	r0, #1
  82 0028 FAD1     		bne	.L6
  83 002a 02B0     		add	sp, sp, #8
  84              		@ sp needed
  85 002c 10BD     		pop	{r4, pc}
  87              		.section	.text.SX1278_hw_SPIReadByte,"ax",%progbits
  88              		.align	1
  89              		.weak	SX1278_hw_SPIReadByte
  90              		.syntax unified
  91              		.thumb
  92              		.thumb_func
  94              	SX1278_hw_SPIReadByte:
  95              		@ args = 0, pretend = 0, frame = 8
  96              		@ frame_needed = 0, uses_anonymous_args = 0
  97 0000 10B5     		push	{r4, lr}
  98 0002 84B0     		sub	sp, sp, #16
  99 0004 0446     		mov	r4, r0
 100 0006 0021     		movs	r1, #0
 101 0008 8DF80F10 		strb	r1, [sp, #15]
 102 000c 8DF80E10 		strb	r1, [sp, #14]
 103 0010 FFF7FEFF 		bl	SX1278_hw_SetNSS
 104 0014 4FF47A73 		mov	r3, #1000
 105 0018 0093     		str	r3, [sp]
 106 001a 0123     		movs	r3, #1
 107 001c 0DF10E02 		add	r2, sp, #14
 108 0020 0DF10F01 		add	r1, sp, #15
 109 0024 A069     		ldr	r0, [r4, #24]
 110 0026 FFF7FEFF 		bl	HAL_SPI_TransmitReceive
 111              	.L9:
 112 002a A069     		ldr	r0, [r4, #24]
 113 002c FFF7FEFF 		bl	HAL_SPI_GetState
 114 0030 0128     		cmp	r0, #1
 115 0032 FAD1     		bne	.L9
 116 0034 9DF80E00 		ldrb	r0, [sp, #14]	@ zero_extendqisi2
 117 0038 04B0     		add	sp, sp, #16
 118              		@ sp needed
 119 003a 10BD     		pop	{r4, pc}
 121              		.section	.text.SX1278_hw_DelayMs,"ax",%progbits
 122              		.align	1
ARM GAS  C:\Users\joabk\AppData\Local\Temp\ccwdDDbX.s 			page 3


 123              		.weak	SX1278_hw_DelayMs
 124              		.syntax unified
 125              		.thumb
 126              		.thumb_func
 128              	SX1278_hw_DelayMs:
 129              		@ args = 0, pretend = 0, frame = 0
 130              		@ frame_needed = 0, uses_anonymous_args = 0
 131 0000 08B5     		push	{r3, lr}
 132 0002 FFF7FEFF 		bl	HAL_Delay
 133 0006 08BD     		pop	{r3, pc}
 135              		.section	.text.SX1278_hw_Reset,"ax",%progbits
 136              		.align	1
 137              		.weak	SX1278_hw_Reset
 138              		.syntax unified
 139              		.thumb
 140              		.thumb_func
 142              	SX1278_hw_Reset:
 143              		@ args = 0, pretend = 0, frame = 0
 144              		@ frame_needed = 0, uses_anonymous_args = 0
 145 0000 10B5     		push	{r4, lr}
 146 0002 0446     		mov	r4, r0
 147 0004 0121     		movs	r1, #1
 148 0006 FFF7FEFF 		bl	SX1278_hw_SetNSS
 149 000a 0022     		movs	r2, #0
 150 000c 2188     		ldrh	r1, [r4]
 151 000e 6068     		ldr	r0, [r4, #4]
 152 0010 FFF7FEFF 		bl	HAL_GPIO_WritePin
 153 0014 0120     		movs	r0, #1
 154 0016 FFF7FEFF 		bl	SX1278_hw_DelayMs
 155 001a 0122     		movs	r2, #1
 156 001c 2188     		ldrh	r1, [r4]
 157 001e 6068     		ldr	r0, [r4, #4]
 158 0020 FFF7FEFF 		bl	HAL_GPIO_WritePin
 159 0024 6420     		movs	r0, #100
 160 0026 FFF7FEFF 		bl	SX1278_hw_DelayMs
 161 002a 10BD     		pop	{r4, pc}
 163              		.section	.text.SX1278_hw_GetDIO0,"ax",%progbits
 164              		.align	1
 165              		.weak	SX1278_hw_GetDIO0
 166              		.syntax unified
 167              		.thumb
 168              		.thumb_func
 170              	SX1278_hw_GetDIO0:
 171              		@ args = 0, pretend = 0, frame = 0
 172              		@ frame_needed = 0, uses_anonymous_args = 0
 173 0000 08B5     		push	{r3, lr}
 174 0002 0189     		ldrh	r1, [r0, #8]
 175 0004 C068     		ldr	r0, [r0, #12]
 176 0006 FFF7FEFF 		bl	HAL_GPIO_ReadPin
 177 000a 0128     		cmp	r0, #1
 178 000c 14BF     		ite	ne
 179 000e 0020     		movne	r0, #0
 180 0010 0120     		moveq	r0, #1
 181 0012 08BD     		pop	{r3, pc}
 183              		.ident	"GCC: (xPack GNU Arm Embedded GCC x86_64) 13.3.1 20240614"
ARM GAS  C:\Users\joabk\AppData\Local\Temp\ccwdDDbX.s 			page 4


DEFINED SYMBOLS
                            *ABS*:00000000 SX1278_hw.c
C:\Users\joabk\AppData\Local\Temp\ccwdDDbX.s:18     .text.SX1278_hw_SetNSS:00000000 $t
C:\Users\joabk\AppData\Local\Temp\ccwdDDbX.s:24     .text.SX1278_hw_SetNSS:00000000 SX1278_hw_SetNSS
C:\Users\joabk\AppData\Local\Temp\ccwdDDbX.s:38     .text.SX1278_hw_init:00000000 $t
C:\Users\joabk\AppData\Local\Temp\ccwdDDbX.s:44     .text.SX1278_hw_init:00000000 SX1278_hw_init
C:\Users\joabk\AppData\Local\Temp\ccwdDDbX.s:58     .text.SX1278_hw_SPICommand:00000000 $t
C:\Users\joabk\AppData\Local\Temp\ccwdDDbX.s:64     .text.SX1278_hw_SPICommand:00000000 SX1278_hw_SPICommand
C:\Users\joabk\AppData\Local\Temp\ccwdDDbX.s:88     .text.SX1278_hw_SPIReadByte:00000000 $t
C:\Users\joabk\AppData\Local\Temp\ccwdDDbX.s:94     .text.SX1278_hw_SPIReadByte:00000000 SX1278_hw_SPIReadByte
C:\Users\joabk\AppData\Local\Temp\ccwdDDbX.s:122    .text.SX1278_hw_DelayMs:00000000 $t
C:\Users\joabk\AppData\Local\Temp\ccwdDDbX.s:128    .text.SX1278_hw_DelayMs:00000000 SX1278_hw_DelayMs
C:\Users\joabk\AppData\Local\Temp\ccwdDDbX.s:136    .text.SX1278_hw_Reset:00000000 $t
C:\Users\joabk\AppData\Local\Temp\ccwdDDbX.s:142    .text.SX1278_hw_Reset:00000000 SX1278_hw_Reset
C:\Users\joabk\AppData\Local\Temp\ccwdDDbX.s:164    .text.SX1278_hw_GetDIO0:00000000 $t
C:\Users\joabk\AppData\Local\Temp\ccwdDDbX.s:170    .text.SX1278_hw_GetDIO0:00000000 SX1278_hw_GetDIO0

UNDEFINED SYMBOLS
HAL_GPIO_WritePin
HAL_SPI_Transmit
HAL_SPI_GetState
HAL_SPI_TransmitReceive
HAL_Delay
HAL_GPIO_ReadPin
