ARM GAS  C:\Users\joabk\AppData\Local\Temp\ccBBHnNH.s 			page 1


   1              		.cpu cortex-m4
   2              		.arch armv7e-m
   3              		.fpu fpv4-sp-d16
   4              		.eabi_attribute 27, 1
   5              		.eabi_attribute 28, 1
   6              		.eabi_attribute 20, 1
   7              		.eabi_attribute 21, 1
   8              		.eabi_attribute 23, 3
   9              		.eabi_attribute 24, 1
  10              		.eabi_attribute 25, 1
  11              		.eabi_attribute 26, 1
  12              		.eabi_attribute 30, 1
  13              		.eabi_attribute 34, 1
  14              		.eabi_attribute 18, 4
  15              		.file	"unicode.c"
  16              		.text
  17              		.section	.text.ff_convert,"ax",%progbits
  18              		.align	1
  19              		.global	ff_convert
  20              		.syntax unified
  21              		.thumb
  22              		.thumb_func
  24              	ff_convert:
  25              		@ args = 0, pretend = 0, frame = 0
  26              		@ frame_needed = 0, uses_anonymous_args = 0
  27              		@ link register save eliminated.
  28 0000 7F28     		cmp	r0, #127
  29 0002 17D9     		bls	.L2
  30 0004 31B1     		cbz	r1, .L6
  31 0006 FF28     		cmp	r0, #255
  32 0008 13D8     		bhi	.L7
  33 000a 8038     		subs	r0, r0, #128
  34 000c 0A4B     		ldr	r3, .L8
  35 000e 33F81000 		ldrh	r0, [r3, r0, lsl #1]
  36 0012 7047     		bx	lr
  37              	.L6:
  38 0014 0023     		movs	r3, #0
  39              	.L3:
  40 0016 7F2B     		cmp	r3, #127
  41 0018 07D8     		bhi	.L4
  42 001a 074A     		ldr	r2, .L8
  43 001c 32F81320 		ldrh	r2, [r2, r3, lsl #1]
  44 0020 8242     		cmp	r2, r0
  45 0022 02D0     		beq	.L4
  46 0024 0133     		adds	r3, r3, #1
  47 0026 9BB2     		uxth	r3, r3
  48 0028 F5E7     		b	.L3
  49              	.L4:
  50 002a 03F18000 		add	r0, r3, #128
  51 002e C0B2     		uxtb	r0, r0
  52 0030 7047     		bx	lr
  53              	.L7:
  54 0032 0020     		movs	r0, #0
  55              	.L2:
  56 0034 7047     		bx	lr
  57              	.L9:
  58 0036 00BF     		.align	2
ARM GAS  C:\Users\joabk\AppData\Local\Temp\ccBBHnNH.s 			page 2


  59              	.L8:
  60 0038 00000000 		.word	Tbl
  62              		.section	.text.ff_wtoupper,"ax",%progbits
  63              		.align	1
  64              		.global	ff_wtoupper
  65              		.syntax unified
  66              		.thumb
  67              		.thumb_func
  69              	ff_wtoupper:
  70              		@ args = 0, pretend = 0, frame = 0
  71              		@ frame_needed = 0, uses_anonymous_args = 0
  72 0000 B0F5805F 		cmp	r0, #4096
  73 0004 07D2     		bcs	.L26
  74 0006 234B     		ldr	r3, .L36
  75              	.L30:
  76 0008 1A88     		ldrh	r2, [r3]
  77 000a 002A     		cmp	r2, #0
  78 000c 41D0     		beq	.L31
  79 000e 9042     		cmp	r0, r2
  80 0010 3FD3     		bcc	.L31
  81 0012 10B5     		push	{r4, lr}
  82 0014 06E0     		b	.L33
  83              	.L26:
  84 0016 204B     		ldr	r3, .L36+4
  85 0018 F6E7     		b	.L30
  86              	.L27:
  87 001a 7346     		mov	r3, lr
  88              	.L24:
  89 001c 1A88     		ldrh	r2, [r3]
  90 001e DAB1     		cbz	r2, .L12
  91 0020 9042     		cmp	r0, r2
  92 0022 19D3     		bcc	.L12
  93              	.L33:
  94 0024 03F1040E 		add	lr, r3, #4
  95 0028 5B88     		ldrh	r3, [r3, #2]
  96 002a 190A     		lsrs	r1, r3, #8
  97 002c DBB2     		uxtb	r3, r3
  98 002e 03EB020C 		add	ip, r3, r2
  99 0032 6045     		cmp	r0, ip
 100 0034 04DB     		blt	.L35
 101 0036 0029     		cmp	r1, #0
 102 0038 EFD1     		bne	.L27
 103 003a 0EEB4303 		add	r3, lr, r3, lsl #1
 104 003e EDE7     		b	.L24
 105              	.L35:
 106 0040 0829     		cmp	r1, #8
 107 0042 09D8     		bhi	.L12
 108 0044 DFE801F0 		tbb	[pc, r1]
 109              	.L15:
 110 0048 05       		.byte	(.L23-.L15)/2
 111 0049 09       		.byte	(.L22-.L15)/2
 112 004a 0F       		.byte	(.L21-.L15)/2
 113 004b 12       		.byte	(.L20-.L15)/2
 114 004c 15       		.byte	(.L19-.L15)/2
 115 004d 18       		.byte	(.L18-.L15)/2
 116 004e 1B       		.byte	(.L17-.L15)/2
 117 004f 1E       		.byte	(.L16-.L15)/2
ARM GAS  C:\Users\joabk\AppData\Local\Temp\ccBBHnNH.s 			page 3


 118 0050 21       		.byte	(.L14-.L15)/2
 119 0051 00       		.p2align 1
 120              	.L23:
 121 0052 841A     		subs	r4, r0, r2
 122 0054 3EF81400 		ldrh	r0, [lr, r4, lsl #1]
 123              	.L12:
 124 0058 10BD     		pop	{r4, pc}
 125              	.L22:
 126 005a 831A     		subs	r3, r0, r2
 127 005c 03F00103 		and	r3, r3, #1
 128 0060 C01A     		subs	r0, r0, r3
 129 0062 80B2     		uxth	r0, r0
 130 0064 F8E7     		b	.L12
 131              	.L21:
 132 0066 1038     		subs	r0, r0, #16
 133 0068 80B2     		uxth	r0, r0
 134 006a F5E7     		b	.L12
 135              	.L20:
 136 006c 2038     		subs	r0, r0, #32
 137 006e 80B2     		uxth	r0, r0
 138 0070 F2E7     		b	.L12
 139              	.L19:
 140 0072 3038     		subs	r0, r0, #48
 141 0074 80B2     		uxth	r0, r0
 142 0076 EFE7     		b	.L12
 143              	.L18:
 144 0078 1A38     		subs	r0, r0, #26
 145 007a 80B2     		uxth	r0, r0
 146 007c ECE7     		b	.L12
 147              	.L17:
 148 007e 0830     		adds	r0, r0, #8
 149 0080 80B2     		uxth	r0, r0
 150 0082 E9E7     		b	.L12
 151              	.L16:
 152 0084 5038     		subs	r0, r0, #80
 153 0086 80B2     		uxth	r0, r0
 154 0088 E6E7     		b	.L12
 155              	.L14:
 156 008a A0F5E350 		sub	r0, r0, #7264
 157 008e 80B2     		uxth	r0, r0
 158 0090 E2E7     		b	.L12
 159              	.L31:
 160 0092 7047     		bx	lr
 161              	.L37:
 162              		.align	2
 163              	.L36:
 164 0094 00000000 		.word	cvt1.1
 165 0098 00000000 		.word	cvt2.0
 167              		.section	.rodata.cvt2.0,"a"
 168              		.align	2
 171              	cvt2.0:
 172 0000 7D1D     		.short	7549
 173 0002 0100     		.short	1
 174 0004 632C     		.short	11363
 175 0006 001E     		.short	7680
 176 0008 9601     		.short	406
 177 000a A01E     		.short	7840
ARM GAS  C:\Users\joabk\AppData\Local\Temp\ccBBHnNH.s 			page 4


 178 000c 5A01     		.short	346
 179 000e 001F     		.short	7936
 180 0010 0806     		.short	1544
 181 0012 101F     		.short	7952
 182 0014 0606     		.short	1542
 183 0016 201F     		.short	7968
 184 0018 0806     		.short	1544
 185 001a 301F     		.short	7984
 186 001c 0806     		.short	1544
 187 001e 401F     		.short	8000
 188 0020 0606     		.short	1542
 189 0022 511F     		.short	8017
 190 0024 0700     		.short	7
 191 0026 591F     		.short	8025
 192 0028 521F     		.short	8018
 193 002a 5B1F     		.short	8027
 194 002c 541F     		.short	8020
 195 002e 5D1F     		.short	8029
 196 0030 561F     		.short	8022
 197 0032 5F1F     		.short	8031
 198 0034 601F     		.short	8032
 199 0036 0806     		.short	1544
 200 0038 701F     		.short	8048
 201 003a 0E00     		.short	14
 202 003c BA1F     		.short	8122
 203 003e BB1F     		.short	8123
 204 0040 C81F     		.short	8136
 205 0042 C91F     		.short	8137
 206 0044 CA1F     		.short	8138
 207 0046 CB1F     		.short	8139
 208 0048 DA1F     		.short	8154
 209 004a DB1F     		.short	8155
 210 004c F81F     		.short	8184
 211 004e F91F     		.short	8185
 212 0050 EA1F     		.short	8170
 213 0052 EB1F     		.short	8171
 214 0054 FA1F     		.short	8186
 215 0056 FB1F     		.short	8187
 216 0058 801F     		.short	8064
 217 005a 0806     		.short	1544
 218 005c 901F     		.short	8080
 219 005e 0806     		.short	1544
 220 0060 A01F     		.short	8096
 221 0062 0806     		.short	1544
 222 0064 B01F     		.short	8112
 223 0066 0400     		.short	4
 224 0068 B81F     		.short	8120
 225 006a B91F     		.short	8121
 226 006c B21F     		.short	8114
 227 006e BC1F     		.short	8124
 228 0070 CC1F     		.short	8140
 229 0072 0100     		.short	1
 230 0074 C31F     		.short	8131
 231 0076 D01F     		.short	8144
 232 0078 0206     		.short	1538
 233 007a E01F     		.short	8160
 234 007c 0206     		.short	1538
ARM GAS  C:\Users\joabk\AppData\Local\Temp\ccBBHnNH.s 			page 5


 235 007e E51F     		.short	8165
 236 0080 0100     		.short	1
 237 0082 EC1F     		.short	8172
 238 0084 F21F     		.short	8178
 239 0086 0100     		.short	1
 240 0088 FC1F     		.short	8188
 241 008a 4E21     		.short	8526
 242 008c 0100     		.short	1
 243 008e 3221     		.short	8498
 244 0090 7021     		.short	8560
 245 0092 1002     		.short	528
 246 0094 8421     		.short	8580
 247 0096 0100     		.short	1
 248 0098 8321     		.short	8579
 249 009a D024     		.short	9424
 250 009c 1A05     		.short	1306
 251 009e 302C     		.short	11312
 252 00a0 2F04     		.short	1071
 253 00a2 602C     		.short	11360
 254 00a4 0201     		.short	258
 255 00a6 672C     		.short	11367
 256 00a8 0601     		.short	262
 257 00aa 752C     		.short	11381
 258 00ac 0201     		.short	258
 259 00ae 802C     		.short	11392
 260 00b0 6401     		.short	356
 261 00b2 002D     		.short	11520
 262 00b4 2608     		.short	2086
 263 00b6 41FF     		.short	-191
 264 00b8 1A03     		.short	794
 265 00ba 0000     		.short	0
 266              		.section	.rodata.cvt1.1,"a"
 267              		.align	2
 270              	cvt1.1:
 271 0000 6100     		.short	97
 272 0002 1A03     		.short	794
 273 0004 E000     		.short	224
 274 0006 1703     		.short	791
 275 0008 F800     		.short	248
 276 000a 0703     		.short	775
 277 000c FF00     		.short	255
 278 000e 0100     		.short	1
 279 0010 7801     		.short	376
 280 0012 0001     		.short	256
 281 0014 3001     		.short	304
 282 0016 3201     		.short	306
 283 0018 0601     		.short	262
 284 001a 3901     		.short	313
 285 001c 1001     		.short	272
 286 001e 4A01     		.short	330
 287 0020 2E01     		.short	302
 288 0022 7901     		.short	377
 289 0024 0601     		.short	262
 290 0026 8001     		.short	384
 291 0028 4D00     		.short	77
 292 002a 4302     		.short	579
 293 002c 8101     		.short	385
ARM GAS  C:\Users\joabk\AppData\Local\Temp\ccBBHnNH.s 			page 6


 294 002e 8201     		.short	386
 295 0030 8201     		.short	386
 296 0032 8401     		.short	388
 297 0034 8401     		.short	388
 298 0036 8601     		.short	390
 299 0038 8701     		.short	391
 300 003a 8701     		.short	391
 301 003c 8901     		.short	393
 302 003e 8A01     		.short	394
 303 0040 8B01     		.short	395
 304 0042 8B01     		.short	395
 305 0044 8D01     		.short	397
 306 0046 8E01     		.short	398
 307 0048 8F01     		.short	399
 308 004a 9001     		.short	400
 309 004c 9101     		.short	401
 310 004e 9101     		.short	401
 311 0050 9301     		.short	403
 312 0052 9401     		.short	404
 313 0054 F601     		.short	502
 314 0056 9601     		.short	406
 315 0058 9701     		.short	407
 316 005a 9801     		.short	408
 317 005c 9801     		.short	408
 318 005e 3D02     		.short	573
 319 0060 9B01     		.short	411
 320 0062 9C01     		.short	412
 321 0064 9D01     		.short	413
 322 0066 2002     		.short	544
 323 0068 9F01     		.short	415
 324 006a A001     		.short	416
 325 006c A001     		.short	416
 326 006e A201     		.short	418
 327 0070 A201     		.short	418
 328 0072 A401     		.short	420
 329 0074 A401     		.short	420
 330 0076 A601     		.short	422
 331 0078 A701     		.short	423
 332 007a A701     		.short	423
 333 007c A901     		.short	425
 334 007e AA01     		.short	426
 335 0080 AB01     		.short	427
 336 0082 AC01     		.short	428
 337 0084 AC01     		.short	428
 338 0086 AE01     		.short	430
 339 0088 AF01     		.short	431
 340 008a AF01     		.short	431
 341 008c B101     		.short	433
 342 008e B201     		.short	434
 343 0090 B301     		.short	435
 344 0092 B301     		.short	435
 345 0094 B501     		.short	437
 346 0096 B501     		.short	437
 347 0098 B701     		.short	439
 348 009a B801     		.short	440
 349 009c B801     		.short	440
 350 009e BA01     		.short	442
ARM GAS  C:\Users\joabk\AppData\Local\Temp\ccBBHnNH.s 			page 7


 351 00a0 BB01     		.short	443
 352 00a2 BC01     		.short	444
 353 00a4 BC01     		.short	444
 354 00a6 BE01     		.short	446
 355 00a8 F701     		.short	503
 356 00aa C001     		.short	448
 357 00ac C101     		.short	449
 358 00ae C201     		.short	450
 359 00b0 C301     		.short	451
 360 00b2 C401     		.short	452
 361 00b4 C501     		.short	453
 362 00b6 C401     		.short	452
 363 00b8 C701     		.short	455
 364 00ba C801     		.short	456
 365 00bc C701     		.short	455
 366 00be CA01     		.short	458
 367 00c0 CB01     		.short	459
 368 00c2 CA01     		.short	458
 369 00c4 CD01     		.short	461
 370 00c6 1001     		.short	272
 371 00c8 DD01     		.short	477
 372 00ca 0100     		.short	1
 373 00cc 8E01     		.short	398
 374 00ce DE01     		.short	478
 375 00d0 1201     		.short	274
 376 00d2 F301     		.short	499
 377 00d4 0300     		.short	3
 378 00d6 F101     		.short	497
 379 00d8 F401     		.short	500
 380 00da F401     		.short	500
 381 00dc F801     		.short	504
 382 00de 2801     		.short	296
 383 00e0 2202     		.short	546
 384 00e2 1201     		.short	274
 385 00e4 3A02     		.short	570
 386 00e6 0900     		.short	9
 387 00e8 652C     		.short	11365
 388 00ea 3B02     		.short	571
 389 00ec 3B02     		.short	571
 390 00ee 3D02     		.short	573
 391 00f0 662C     		.short	11366
 392 00f2 3F02     		.short	575
 393 00f4 4002     		.short	576
 394 00f6 4102     		.short	577
 395 00f8 4102     		.short	577
 396 00fa 4602     		.short	582
 397 00fc 0A01     		.short	266
 398 00fe 5302     		.short	595
 399 0100 4000     		.short	64
 400 0102 8101     		.short	385
 401 0104 8601     		.short	390
 402 0106 5502     		.short	597
 403 0108 8901     		.short	393
 404 010a 8A01     		.short	394
 405 010c 5802     		.short	600
 406 010e 8F01     		.short	399
 407 0110 5A02     		.short	602
ARM GAS  C:\Users\joabk\AppData\Local\Temp\ccBBHnNH.s 			page 8


 408 0112 9001     		.short	400
 409 0114 5C02     		.short	604
 410 0116 5D02     		.short	605
 411 0118 5E02     		.short	606
 412 011a 5F02     		.short	607
 413 011c 9301     		.short	403
 414 011e 6102     		.short	609
 415 0120 6202     		.short	610
 416 0122 9401     		.short	404
 417 0124 6402     		.short	612
 418 0126 6502     		.short	613
 419 0128 6602     		.short	614
 420 012a 6702     		.short	615
 421 012c 9701     		.short	407
 422 012e 9601     		.short	406
 423 0130 6A02     		.short	618
 424 0132 622C     		.short	11362
 425 0134 6C02     		.short	620
 426 0136 6D02     		.short	621
 427 0138 6E02     		.short	622
 428 013a 9C01     		.short	412
 429 013c 7002     		.short	624
 430 013e 7102     		.short	625
 431 0140 9D01     		.short	413
 432 0142 7302     		.short	627
 433 0144 7402     		.short	628
 434 0146 9F01     		.short	415
 435 0148 7602     		.short	630
 436 014a 7702     		.short	631
 437 014c 7802     		.short	632
 438 014e 7902     		.short	633
 439 0150 7A02     		.short	634
 440 0152 7B02     		.short	635
 441 0154 7C02     		.short	636
 442 0156 642C     		.short	11364
 443 0158 7E02     		.short	638
 444 015a 7F02     		.short	639
 445 015c A601     		.short	422
 446 015e 8102     		.short	641
 447 0160 8202     		.short	642
 448 0162 A901     		.short	425
 449 0164 8402     		.short	644
 450 0166 8502     		.short	645
 451 0168 8602     		.short	646
 452 016a 8702     		.short	647
 453 016c AE01     		.short	430
 454 016e 4402     		.short	580
 455 0170 B101     		.short	433
 456 0172 B201     		.short	434
 457 0174 4502     		.short	581
 458 0176 8D02     		.short	653
 459 0178 8E02     		.short	654
 460 017a 8F02     		.short	655
 461 017c 9002     		.short	656
 462 017e 9102     		.short	657
 463 0180 B701     		.short	439
 464 0182 7B03     		.short	891
ARM GAS  C:\Users\joabk\AppData\Local\Temp\ccBBHnNH.s 			page 9


 465 0184 0300     		.short	3
 466 0186 FD03     		.short	1021
 467 0188 FE03     		.short	1022
 468 018a FF03     		.short	1023
 469 018c AC03     		.short	940
 470 018e 0400     		.short	4
 471 0190 8603     		.short	902
 472 0192 8803     		.short	904
 473 0194 8903     		.short	905
 474 0196 8A03     		.short	906
 475 0198 B103     		.short	945
 476 019a 1103     		.short	785
 477 019c C203     		.short	962
 478 019e 0200     		.short	2
 479 01a0 A303     		.short	931
 480 01a2 A303     		.short	931
 481 01a4 C403     		.short	964
 482 01a6 0803     		.short	776
 483 01a8 CC03     		.short	972
 484 01aa 0300     		.short	3
 485 01ac 8C03     		.short	908
 486 01ae 8E03     		.short	910
 487 01b0 8F03     		.short	911
 488 01b2 D803     		.short	984
 489 01b4 1801     		.short	280
 490 01b6 F203     		.short	1010
 491 01b8 0A00     		.short	10
 492 01ba F903     		.short	1017
 493 01bc F303     		.short	1011
 494 01be F403     		.short	1012
 495 01c0 F503     		.short	1013
 496 01c2 F603     		.short	1014
 497 01c4 F703     		.short	1015
 498 01c6 F703     		.short	1015
 499 01c8 F903     		.short	1017
 500 01ca FA03     		.short	1018
 501 01cc FA03     		.short	1018
 502 01ce 3004     		.short	1072
 503 01d0 2003     		.short	800
 504 01d2 5004     		.short	1104
 505 01d4 1007     		.short	1808
 506 01d6 6004     		.short	1120
 507 01d8 2201     		.short	290
 508 01da 8A04     		.short	1162
 509 01dc 3601     		.short	310
 510 01de C104     		.short	1217
 511 01e0 0E01     		.short	270
 512 01e2 CF04     		.short	1231
 513 01e4 0100     		.short	1
 514 01e6 C004     		.short	1216
 515 01e8 D004     		.short	1232
 516 01ea 4401     		.short	324
 517 01ec 6105     		.short	1377
 518 01ee 2604     		.short	1062
 519 01f0 0000     		.short	0
 520              		.section	.rodata.Tbl,"a"
 521              		.align	2
ARM GAS  C:\Users\joabk\AppData\Local\Temp\ccBBHnNH.s 			page 10


 524              	Tbl:
 525 0000 C700     		.short	199
 526 0002 FC00     		.short	252
 527 0004 E900     		.short	233
 528 0006 E200     		.short	226
 529 0008 E400     		.short	228
 530 000a E000     		.short	224
 531 000c E500     		.short	229
 532 000e E700     		.short	231
 533 0010 EA00     		.short	234
 534 0012 EB00     		.short	235
 535 0014 E800     		.short	232
 536 0016 EF00     		.short	239
 537 0018 EE00     		.short	238
 538 001a EC00     		.short	236
 539 001c C400     		.short	196
 540 001e C500     		.short	197
 541 0020 C900     		.short	201
 542 0022 E600     		.short	230
 543 0024 C600     		.short	198
 544 0026 F400     		.short	244
 545 0028 F600     		.short	246
 546 002a F200     		.short	242
 547 002c FB00     		.short	251
 548 002e F900     		.short	249
 549 0030 FF00     		.short	255
 550 0032 D600     		.short	214
 551 0034 DC00     		.short	220
 552 0036 F800     		.short	248
 553 0038 A300     		.short	163
 554 003a D800     		.short	216
 555 003c D700     		.short	215
 556 003e 9201     		.short	402
 557 0040 E100     		.short	225
 558 0042 ED00     		.short	237
 559 0044 F300     		.short	243
 560 0046 FA00     		.short	250
 561 0048 F100     		.short	241
 562 004a D100     		.short	209
 563 004c AA00     		.short	170
 564 004e BA00     		.short	186
 565 0050 BF00     		.short	191
 566 0052 AE00     		.short	174
 567 0054 AC00     		.short	172
 568 0056 BD00     		.short	189
 569 0058 BC00     		.short	188
 570 005a A100     		.short	161
 571 005c AB00     		.short	171
 572 005e BB00     		.short	187
 573 0060 9125     		.short	9617
 574 0062 9225     		.short	9618
 575 0064 9325     		.short	9619
 576 0066 0225     		.short	9474
 577 0068 2425     		.short	9508
 578 006a C100     		.short	193
 579 006c C200     		.short	194
 580 006e C000     		.short	192
ARM GAS  C:\Users\joabk\AppData\Local\Temp\ccBBHnNH.s 			page 11


 581 0070 A900     		.short	169
 582 0072 6325     		.short	9571
 583 0074 5125     		.short	9553
 584 0076 5725     		.short	9559
 585 0078 5D25     		.short	9565
 586 007a A200     		.short	162
 587 007c A500     		.short	165
 588 007e 1025     		.short	9488
 589 0080 1425     		.short	9492
 590 0082 3425     		.short	9524
 591 0084 2C25     		.short	9516
 592 0086 1C25     		.short	9500
 593 0088 0025     		.short	9472
 594 008a 3C25     		.short	9532
 595 008c E300     		.short	227
 596 008e C300     		.short	195
 597 0090 5A25     		.short	9562
 598 0092 5425     		.short	9556
 599 0094 6925     		.short	9577
 600 0096 6625     		.short	9574
 601 0098 6025     		.short	9568
 602 009a 5025     		.short	9552
 603 009c 6C25     		.short	9580
 604 009e A400     		.short	164
 605 00a0 F000     		.short	240
 606 00a2 D000     		.short	208
 607 00a4 CA00     		.short	202
 608 00a6 CB00     		.short	203
 609 00a8 C800     		.short	200
 610 00aa 3101     		.short	305
 611 00ac CD00     		.short	205
 612 00ae CE00     		.short	206
 613 00b0 CF00     		.short	207
 614 00b2 1825     		.short	9496
 615 00b4 0C25     		.short	9484
 616 00b6 8825     		.short	9608
 617 00b8 8425     		.short	9604
 618 00ba A600     		.short	166
 619 00bc CC00     		.short	204
 620 00be 8025     		.short	9600
 621 00c0 D300     		.short	211
 622 00c2 DF00     		.short	223
 623 00c4 D400     		.short	212
 624 00c6 D200     		.short	210
 625 00c8 F500     		.short	245
 626 00ca D500     		.short	213
 627 00cc B500     		.short	181
 628 00ce FE00     		.short	254
 629 00d0 DE00     		.short	222
 630 00d2 DA00     		.short	218
 631 00d4 DB00     		.short	219
 632 00d6 D900     		.short	217
 633 00d8 FD00     		.short	253
 634 00da DD00     		.short	221
 635 00dc AF00     		.short	175
 636 00de B400     		.short	180
 637 00e0 AD00     		.short	173
ARM GAS  C:\Users\joabk\AppData\Local\Temp\ccBBHnNH.s 			page 12


 638 00e2 B100     		.short	177
 639 00e4 1720     		.short	8215
 640 00e6 BE00     		.short	190
 641 00e8 B600     		.short	182
 642 00ea A700     		.short	167
 643 00ec F700     		.short	247
 644 00ee B800     		.short	184
 645 00f0 B000     		.short	176
 646 00f2 A800     		.short	168
 647 00f4 B700     		.short	183
 648 00f6 B900     		.short	185
 649 00f8 B300     		.short	179
 650 00fa B200     		.short	178
 651 00fc A025     		.short	9632
 652 00fe A000     		.short	160
 653              		.ident	"GCC: (xPack GNU Arm Embedded GCC x86_64) 13.3.1 20240614"
ARM GAS  C:\Users\joabk\AppData\Local\Temp\ccBBHnNH.s 			page 13


DEFINED SYMBOLS
                            *ABS*:00000000 unicode.c
C:\Users\joabk\AppData\Local\Temp\ccBBHnNH.s:18     .text.ff_convert:00000000 $t
C:\Users\joabk\AppData\Local\Temp\ccBBHnNH.s:24     .text.ff_convert:00000000 ff_convert
C:\Users\joabk\AppData\Local\Temp\ccBBHnNH.s:60     .text.ff_convert:00000038 $d
C:\Users\joabk\AppData\Local\Temp\ccBBHnNH.s:524    .rodata.Tbl:00000000 Tbl
C:\Users\joabk\AppData\Local\Temp\ccBBHnNH.s:63     .text.ff_wtoupper:00000000 $t
C:\Users\joabk\AppData\Local\Temp\ccBBHnNH.s:69     .text.ff_wtoupper:00000000 ff_wtoupper
C:\Users\joabk\AppData\Local\Temp\ccBBHnNH.s:110    .text.ff_wtoupper:00000048 $d
C:\Users\joabk\AppData\Local\Temp\ccBBHnNH.s:164    .text.ff_wtoupper:00000094 $d
C:\Users\joabk\AppData\Local\Temp\ccBBHnNH.s:270    .rodata.cvt1.1:00000000 cvt1.1
C:\Users\joabk\AppData\Local\Temp\ccBBHnNH.s:171    .rodata.cvt2.0:00000000 cvt2.0
C:\Users\joabk\AppData\Local\Temp\ccBBHnNH.s:168    .rodata.cvt2.0:00000000 $d
C:\Users\joabk\AppData\Local\Temp\ccBBHnNH.s:267    .rodata.cvt1.1:00000000 $d
C:\Users\joabk\AppData\Local\Temp\ccBBHnNH.s:521    .rodata.Tbl:00000000 $d
C:\Users\joabk\AppData\Local\Temp\ccBBHnNH.s:119    .text.ff_wtoupper:00000051 $d
C:\Users\joabk\AppData\Local\Temp\ccBBHnNH.s:119    .text.ff_wtoupper:00000052 $t

NO UNDEFINED SYMBOLS
