ARM GAS  C:\Users\joabk\AppData\Local\Temp\ccHKljB6.s 			page 1


   1              		.cpu cortex-m4
   2              		.arch armv7e-m
   3              		.fpu fpv4-sp-d16
   4              		.eabi_attribute 27, 1
   5              		.eabi_attribute 28, 1
   6              		.eabi_attribute 20, 1
   7              		.eabi_attribute 21, 1
   8              		.eabi_attribute 23, 3
   9              		.eabi_attribute 24, 1
  10              		.eabi_attribute 25, 1
  11              		.eabi_attribute 26, 1
  12              		.eabi_attribute 30, 1
  13              		.eabi_attribute 34, 1
  14              		.eabi_attribute 18, 4
  15              		.file	"user_diskio.c"
  16              		.text
  17              		.section	.text.USER_initialize,"ax",%progbits
  18              		.align	1
  19              		.global	USER_initialize
  20              		.syntax unified
  21              		.thumb
  22              		.thumb_func
  24              	USER_initialize:
  25              		@ args = 0, pretend = 0, frame = 0
  26              		@ frame_needed = 0, uses_anonymous_args = 0
  27 0000 08B5     		push	{r3, lr}
  28 0002 FFF7FEFF 		bl	USER_SPI_initialize
  29 0006 08BD     		pop	{r3, pc}
  31              		.section	.text.USER_status,"ax",%progbits
  32              		.align	1
  33              		.global	USER_status
  34              		.syntax unified
  35              		.thumb
  36              		.thumb_func
  38              	USER_status:
  39              		@ args = 0, pretend = 0, frame = 0
  40              		@ frame_needed = 0, uses_anonymous_args = 0
  41 0000 08B5     		push	{r3, lr}
  42 0002 FFF7FEFF 		bl	USER_SPI_status
  43 0006 08BD     		pop	{r3, pc}
  45              		.section	.text.USER_read,"ax",%progbits
  46              		.align	1
  47              		.global	USER_read
  48              		.syntax unified
  49              		.thumb
  50              		.thumb_func
  52              	USER_read:
  53              		@ args = 0, pretend = 0, frame = 0
  54              		@ frame_needed = 0, uses_anonymous_args = 0
  55 0000 08B5     		push	{r3, lr}
  56 0002 FFF7FEFF 		bl	USER_SPI_read
  57 0006 08BD     		pop	{r3, pc}
  59              		.section	.text.USER_write,"ax",%progbits
  60              		.align	1
  61              		.global	USER_write
  62              		.syntax unified
  63              		.thumb
ARM GAS  C:\Users\joabk\AppData\Local\Temp\ccHKljB6.s 			page 2


  64              		.thumb_func
  66              	USER_write:
  67              		@ args = 0, pretend = 0, frame = 0
  68              		@ frame_needed = 0, uses_anonymous_args = 0
  69 0000 08B5     		push	{r3, lr}
  70 0002 FFF7FEFF 		bl	USER_SPI_write
  71 0006 08BD     		pop	{r3, pc}
  73              		.section	.text.USER_ioctl,"ax",%progbits
  74              		.align	1
  75              		.global	USER_ioctl
  76              		.syntax unified
  77              		.thumb
  78              		.thumb_func
  80              	USER_ioctl:
  81              		@ args = 0, pretend = 0, frame = 0
  82              		@ frame_needed = 0, uses_anonymous_args = 0
  83 0000 08B5     		push	{r3, lr}
  84 0002 FFF7FEFF 		bl	USER_SPI_ioctl
  85 0006 08BD     		pop	{r3, pc}
  87              		.global	USER_Driver
  88              		.section	.data.USER_Driver,"aw"
  89              		.align	2
  92              	USER_Driver:
  93 0000 00000000 		.word	USER_initialize
  94 0004 00000000 		.word	USER_status
  95 0008 00000000 		.word	USER_read
  96 000c 00000000 		.word	USER_write
  97 0010 00000000 		.word	USER_ioctl
  98              		.section	.data.Stat,"aw"
 101              	Stat:
 102 0000 01       		.byte	1
 103              		.ident	"GCC: (xPack GNU Arm Embedded GCC x86_64) 13.3.1 20240614"
ARM GAS  C:\Users\joabk\AppData\Local\Temp\ccHKljB6.s 			page 3


DEFINED SYMBOLS
                            *ABS*:00000000 user_diskio.c
C:\Users\joabk\AppData\Local\Temp\ccHKljB6.s:18     .text.USER_initialize:00000000 $t
C:\Users\joabk\AppData\Local\Temp\ccHKljB6.s:24     .text.USER_initialize:00000000 USER_initialize
C:\Users\joabk\AppData\Local\Temp\ccHKljB6.s:32     .text.USER_status:00000000 $t
C:\Users\joabk\AppData\Local\Temp\ccHKljB6.s:38     .text.USER_status:00000000 USER_status
C:\Users\joabk\AppData\Local\Temp\ccHKljB6.s:46     .text.USER_read:00000000 $t
C:\Users\joabk\AppData\Local\Temp\ccHKljB6.s:52     .text.USER_read:00000000 USER_read
C:\Users\joabk\AppData\Local\Temp\ccHKljB6.s:60     .text.USER_write:00000000 $t
C:\Users\joabk\AppData\Local\Temp\ccHKljB6.s:66     .text.USER_write:00000000 USER_write
C:\Users\joabk\AppData\Local\Temp\ccHKljB6.s:74     .text.USER_ioctl:00000000 $t
C:\Users\joabk\AppData\Local\Temp\ccHKljB6.s:80     .text.USER_ioctl:00000000 USER_ioctl
C:\Users\joabk\AppData\Local\Temp\ccHKljB6.s:92     .data.USER_Driver:00000000 USER_Driver
C:\Users\joabk\AppData\Local\Temp\ccHKljB6.s:89     .data.USER_Driver:00000000 $d
C:\Users\joabk\AppData\Local\Temp\ccHKljB6.s:101    .data.Stat:00000000 Stat

UNDEFINED SYMBOLS
USER_SPI_initialize
USER_SPI_status
USER_SPI_read
USER_SPI_write
USER_SPI_ioctl
