Archive member included to satisfy reference by file (symbol)

c:/Users/joabk/AppData/Roaming/Code/User/globalStorage/bmd.stm32-for-vscode/@xpack-dev-tools/arm-none-eabi-gcc/13.3.1-1.1.1/.content/bin/../lib/gcc/arm-none-eabi/13.3.1/../../../../arm-none-eabi/lib/thumb/v7e-m+fp/hard\libc_nano.a(libc_a-atexit.o)
                              c:/Users/joabk/AppData/Roaming/Code/User/globalStorage/bmd.stm32-for-vscode/@xpack-dev-tools/arm-none-eabi-gcc/13.3.1-1.1.1/.content/bin/../lib/gcc/arm-none-eabi/13.3.1/../../../../arm-none-eabi/lib/thumb/v7e-m+fp/hard/crt0.o (atexit)
c:/Users/joabk/AppData/Roaming/Code/User/globalStorage/bmd.stm32-for-vscode/@xpack-dev-tools/arm-none-eabi-gcc/13.3.1-1.1.1/.content/bin/../lib/gcc/arm-none-eabi/13.3.1/../../../../arm-none-eabi/lib/thumb/v7e-m+fp/hard\libc_nano.a(libc_a-exit.o)
                              c:/Users/joabk/AppData/Roaming/Code/User/globalStorage/bmd.stm32-for-vscode/@xpack-dev-tools/arm-none-eabi-gcc/13.3.1-1.1.1/.content/bin/../lib/gcc/arm-none-eabi/13.3.1/../../../../arm-none-eabi/lib/thumb/v7e-m+fp/hard/crt0.o (exit)
c:/Users/joabk/AppData/Roaming/Code/User/globalStorage/bmd.stm32-for-vscode/@xpack-dev-tools/arm-none-eabi-gcc/13.3.1-1.1.1/.content/bin/../lib/gcc/arm-none-eabi/13.3.1/../../../../arm-none-eabi/lib/thumb/v7e-m+fp/hard\libc_nano.a(libc_a-findfp.o)
                              c:/Users/joabk/AppData/Roaming/Code/User/globalStorage/bmd.stm32-for-vscode/@xpack-dev-tools/arm-none-eabi-gcc/13.3.1-1.1.1/.content/bin/../lib/gcc/arm-none-eabi/13.3.1/../../../../arm-none-eabi/lib/thumb/v7e-m+fp/hard\libc_nano.a(libc_a-exit.o) (__stdio_exit_handler)
c:/Users/joabk/AppData/Roaming/Code/User/globalStorage/bmd.stm32-for-vscode/@xpack-dev-tools/arm-none-eabi-gcc/13.3.1-1.1.1/.content/bin/../lib/gcc/arm-none-eabi/13.3.1/../../../../arm-none-eabi/lib/thumb/v7e-m+fp/hard\libc_nano.a(libc_a-fwalk.o)
                              c:/Users/joabk/AppData/Roaming/Code/User/globalStorage/bmd.stm32-for-vscode/@xpack-dev-tools/arm-none-eabi-gcc/13.3.1-1.1.1/.content/bin/../lib/gcc/arm-none-eabi/13.3.1/../../../../arm-none-eabi/lib/thumb/v7e-m+fp/hard\libc_nano.a(libc_a-findfp.o) (_fwalk_sglue)
c:/Users/joabk/AppData/Roaming/Code/User/globalStorage/bmd.stm32-for-vscode/@xpack-dev-tools/arm-none-eabi-gcc/13.3.1-1.1.1/.content/bin/../lib/gcc/arm-none-eabi/13.3.1/../../../../arm-none-eabi/lib/thumb/v7e-m+fp/hard\libc_nano.a(libc_a-snprintf.o)
                              build/debug/main.o (snprintf)
c:/Users/joabk/AppData/Roaming/Code/User/globalStorage/bmd.stm32-for-vscode/@xpack-dev-tools/arm-none-eabi-gcc/13.3.1-1.1.1/.content/bin/../lib/gcc/arm-none-eabi/13.3.1/../../../../arm-none-eabi/lib/thumb/v7e-m+fp/hard\libc_nano.a(libc_a-stdio.o)
                              c:/Users/joabk/AppData/Roaming/Code/User/globalStorage/bmd.stm32-for-vscode/@xpack-dev-tools/arm-none-eabi-gcc/13.3.1-1.1.1/.content/bin/../lib/gcc/arm-none-eabi/13.3.1/../../../../arm-none-eabi/lib/thumb/v7e-m+fp/hard\libc_nano.a(libc_a-findfp.o) (__sread)
c:/Users/joabk/AppData/Roaming/Code/User/globalStorage/bmd.stm32-for-vscode/@xpack-dev-tools/arm-none-eabi-gcc/13.3.1-1.1.1/.content/bin/../lib/gcc/arm-none-eabi/13.3.1/../../../../arm-none-eabi/lib/thumb/v7e-m+fp/hard\libc_nano.a(libc_a-memset.o)
                              c:/Users/joabk/AppData/Roaming/Code/User/globalStorage/bmd.stm32-for-vscode/@xpack-dev-tools/arm-none-eabi-gcc/13.3.1-1.1.1/.content/bin/../lib/gcc/arm-none-eabi/13.3.1/../../../../arm-none-eabi/lib/thumb/v7e-m+fp/hard/crt0.o (memset)
c:/Users/joabk/AppData/Roaming/Code/User/globalStorage/bmd.stm32-for-vscode/@xpack-dev-tools/arm-none-eabi-gcc/13.3.1-1.1.1/.content/bin/../lib/gcc/arm-none-eabi/13.3.1/../../../../arm-none-eabi/lib/thumb/v7e-m+fp/hard\libc_nano.a(libc_a-strncmp.o)
                              build/debug/main.o (strncmp)
c:/Users/joabk/AppData/Roaming/Code/User/globalStorage/bmd.stm32-for-vscode/@xpack-dev-tools/arm-none-eabi-gcc/13.3.1-1.1.1/.content/bin/../lib/gcc/arm-none-eabi/13.3.1/../../../../arm-none-eabi/lib/thumb/v7e-m+fp/hard\libc_nano.a(libc_a-lcltime.o)
                              build/debug/main.o (localtime)
c:/Users/joabk/AppData/Roaming/Code/User/globalStorage/bmd.stm32-for-vscode/@xpack-dev-tools/arm-none-eabi-gcc/13.3.1-1.1.1/.content/bin/../lib/gcc/arm-none-eabi/13.3.1/../../../../arm-none-eabi/lib/thumb/v7e-m+fp/hard\libc_nano.a(libc_a-lcltime_r.o)
                              c:/Users/joabk/AppData/Roaming/Code/User/globalStorage/bmd.stm32-for-vscode/@xpack-dev-tools/arm-none-eabi-gcc/13.3.1-1.1.1/.content/bin/../lib/gcc/arm-none-eabi/13.3.1/../../../../arm-none-eabi/lib/thumb/v7e-m+fp/hard\libc_nano.a(libc_a-lcltime.o) (localtime_r)
c:/Users/joabk/AppData/Roaming/Code/User/globalStorage/bmd.stm32-for-vscode/@xpack-dev-tools/arm-none-eabi-gcc/13.3.1-1.1.1/.content/bin/../lib/gcc/arm-none-eabi/13.3.1/../../../../arm-none-eabi/lib/thumb/v7e-m+fp/hard\libc_nano.a(libc_a-mktime.o)
                              build/debug/main.o (mktime)
[...]
Memory Configuration

Name             Origin             Length             Attributes
RAM              0x20000000         0x00018000         xrw
FLASH            0x08000000         0x00080000         xr
*default*        0x00000000         0xffffffff

Linker script and memory map

LOAD c:/Users/joabk/AppData/Roaming/Code/User/globalStorage/bmd.stm32-for-vscode/@xpack-dev-tools/arm-none-eabi-gcc/13.3.1-1.1.1/.content/bin/../lib/gcc/arm-none-eabi/13.3.1/thumb/v7e-m+fp/hard/crti.o
LOAD c:/Users/joabk/AppData/Roaming/Code/User/globalStorage/bmd.stm32-for-vscode/@xpack-dev-tools/arm-none-eabi-gcc/13.3.1-1.1.1/.content/bin/../lib/gcc/arm-none-eabi/13.3.1/thumb/v7e-m+fp/hard/crtbegin.o
LOAD c:/Users/joabk/AppData/Roaming/Code/User/globalStorage/bmd.stm32-for-vscode/@xpack-dev-tools/arm-none-eabi-gcc/13.3.1-1.1.1/.content/bin/../lib/gcc/arm-none-eabi/13.3.1/../../../../arm-none-eabi/lib/thumb/v7e-m+fp/hard/crt0.o
LOAD build/debug/SX1278.o
LOAD build/debug/SX1278_hw.o
LOAD build/debug/diskio.o
LOAD build/debug/fatfs.o
LOAD build/debug/ff.o
LOAD build/debug/ff_gen_drv.o
LOAD build/debug/fonts.o
LOAD build/debug/main.o
LOAD build/debug/ssd1306.o
LOAD build/debug/stm32f4xx_hal.o
LOAD build/debug/stm32f4xx_hal_cortex.o
LOAD build/debug/stm32f4xx_hal_dma.o
LOAD build/debug/stm32f4xx_hal_dma_ex.o
LOAD build/debug/stm32f4xx_hal_exti.o
LOAD build/debug/stm32f4xx_hal_flash.o
LOAD build/debug/stm32f4xx_hal_flash_ex.o
LOAD build/debug/stm32f4xx_hal_flash_ramfunc.o
LOAD build/debug/stm32f4xx_hal_gpio.o
LOAD build/debug/stm32f4xx_hal_i2c.o
LOAD build/debug/stm32f4xx_hal_i2c_ex.o
LOAD build/debug/stm32f4xx_hal_msp.o
LOAD build/debug/stm32f4xx_hal_pwr.o
LOAD build/debug/stm32f4xx_hal_pwr_ex.o
LOAD build/debug/stm32f4xx_hal_rcc.o
LOAD build/debug/stm32f4xx_hal_rcc_ex.o
LOAD build/debug/stm32f4xx_hal_spi.o
LOAD build/debug/stm32f4xx_hal_tim.o
LOAD build/debug/stm32f4xx_hal_tim_ex.o
LOAD build/debug/stm32f4xx_it.o
LOAD build/debug/syscall.o
LOAD build/debug/syscalls.o
LOAD build/debug/sysmem.o
LOAD build/debug/system_stm32f4xx.o
LOAD build/debug/user_diskio.o
LOAD build/debug/user_diskio_spi.o
LOAD build/debug/startup_stm32f401xe.o
LOAD c:/Users/joabk/AppData/Roaming/Code/User/globalStorage/bmd.stm32-for-vscode/@xpack-dev-tools/arm-none-eabi-gcc/13.3.1-1.1.1/.content/bin/../lib/gcc/arm-none-eabi/13.3.1/../../../../arm-none-eabi/lib/thumb/v7e-m+fp/hard\libc_nano.a
LOAD c:/Users/joabk/AppData/Roaming/Code/User/globalStorage/bmd.stm32-for-vscode/@xpack-dev-tools/arm-none-eabi-gcc/13.3.1-1.1.1/.content/bin/../lib/gcc/arm-none-eabi/13.3.1/../../../../arm-none-eabi/lib/thumb/v7e-m+fp/hard\libm.a
LOAD c:/Users/joabk/AppData/Roaming/Code/User/globalStorage/bmd.stm32-for-vscode/@xpack-dev-tools/arm-none-eabi-gcc/13.3.1-1.1.1/.content/bin/../lib/gcc/arm-none-eabi/13.3.1/../../../../arm-none-eabi/lib/thumb/v7e-m+fp/hard\libnosys.a
START GROUP
LOAD c:/Users/joabk/AppData/Roaming/Code/User/globalStorage/bmd.stm32-for-vscode/@xpack-dev-tools/arm-none-eabi-gcc/13.3.1-1.1.1/.content/bin/../lib/gcc/arm-none-eabi/13.3.1/thumb/v7e-m+fp/hard\libgcc.a
LOAD c:/Users/joabk/AppData/Roaming/Code/User/globalStorage/bmd.stm32-for-vscode/@xpack-dev-tools/arm-none-eabi-gcc/13.3.1-1.1.1/.content/bin/../lib/gcc/arm-none-eabi/13.3.1/../../../../arm-none-eabi/lib/thumb/v7e-m+fp/hard\libc_nano.a
END GROUP
START GROUP
LOAD c:/Users/joabk/AppData/Roaming/Code/User/globalStorage/bmd.stm32-for-vscode/@xpack-dev-tools/arm-none-eabi-gcc/13.3.1-1.1.1/.content/bin/../lib/gcc/arm-none-eabi/13.3.1/thumb/v7e-m+fp/hard\libgcc.a
LOAD c:/Users/joabk/AppData/Roaming/Code/User/globalStorage/bmd.stm32-for-vscode/@xpack-dev-tools/arm-none-eabi-gcc/13.3.1-1.1.1/.content/bin/../lib/gcc/arm-none-eabi/13.3.1/../../../../arm-none-eabi/lib/thumb/v7e-m+fp/hard\libc_nano.a
END GROUP
LOAD c:/Users/joabk/AppData/Roaming/Code/User/globalStorage/bmd.stm32-for-vscode/@xpack-dev-tools/arm-none-eabi-gcc/13.3.1-1.1.1/.content/bin/../lib/gcc/arm-none-eabi/13.3.1/thumb/v7e-m+fp/hard/crtend.o
LOAD c:/Users/joabk/AppData/Roaming/Code/User/globalStorage/bmd.stm32-for-vscode/@xpack-dev-tools/arm-none-eabi-gcc/13.3.1-1.1.1/.content/bin/../lib/gcc/arm-none-eabi/13.3.1/thumb/v7e-m+fp/hard/crtn.o
                0x20018000                        _estack = (ORIGIN (RAM) + LENGTH (RAM))
                0x20017c00                        _sstack = (_estack - _Min_Stack_Size)
                0x00000200                        _Min_Heap_Size = 0x200
                0x00000400                        _Min_Stack_Size = 0x400

.isr_vector     0x08000000      0x194
                0x08000000                        . = ALIGN (0x4)
 *(.isr_vector)
 .isr_vector    0x08000000      0x194 build/debug/startup_stm32f401xe.o
                0x08000000                g_pfnVectors
                0x08000194                        . = ALIGN (0x4)

.text           0x080001a0     0x89d0
                0x080001a0                        . = ALIGN (0x4)
 *(.text)
 .text          0x080001a0       0x14 c:/Users/joabk/AppData/Roaming/Code/User/globalStorage/bmd.stm32-for-vscode/@xpack-dev-tools/arm-none-eabi-gcc/13.3.1-1.1.1/.content/bin/../lib/gcc/arm-none-eabi/13.3.1/../../../../arm-none-eabi/lib/thumb/v7e-m+fp/hard\libc_nano.a(libc_a-strcmp.o)
                0x080001a0                strcmp
 .text          0x080001b4       0x10 c:/Users/joabk/AppData/Roaming/Code/User/globalStorage/bmd.stm32-for-vscode/@xpack-dev-tools/arm-none-eabi-gcc/13.3.1-1.1.1/.content/bin/../lib/gcc/arm-none-eabi/13.3.1/../../../../arm-none-eabi/lib/thumb/v7e-m+fp/hard\libc_nano.a(libc_a-strlen.o)
                0x080001b4                strlen
 *fill*         0x080001c4        0xc 
 .text          0x080001d0       0xa0 c:/Users/joabk/AppData/Roaming/Code/User/globalStorage/bmd.stm32-for-vscode/@xpack-dev-tools/arm-none-eabi-gcc/13.3.1-1.1.1/.content/bin/../lib/gcc/arm-none-eabi/13.3.1/../../../../arm-none-eabi/lib/thumb/v7e-m+fp/hard\libc_nano.a(libc_a-memchr.o)
                0x080001d0                memchr
 .text          0x08000270       0xa0 c:/Users/joabk/AppData/Roaming/Code/User/globalStorage/bmd.stm32-for-vscode/@xpack-dev-tools/arm-none-eabi-gcc/13.3.1-1.1.1/.content/bin/../lib/gcc/arm-none-eabi/13.3.1/thumb/v7e-m+fp/hard\libgcc.a(_aeabi_ldivmod.o)
                0x08000270                __aeabi_ldivmod
 .text          0x08000310       0x30 c:/Users/joabk/AppData/Roaming/Code/User/globalStorage/bmd.stm32-for-vscode/@xpack-dev-tools/arm-none-eabi-gcc/13.3.1-1.1.1/.content/bin/../lib/gcc/arm-none-eabi/13.3.1/thumb/v7e-m+fp/hard\libgcc.a(_aeabi_uldivmod.o)
                0x08000310                __aeabi_uldivmod
 .text          0x08000340        0x4 c:/Users/joabk/AppData/Roaming/Code/User/globalStorage/bmd.stm32-for-vscode/@xpack-dev-tools/arm-none-eabi-gcc/13.3.1-1.1.1/.content/bin/../lib/gcc/arm-none-eabi/13.3.1/thumb/v7e-m+fp/hard\libgcc.a(_dvmd_tls.o)
                0x08000340                __aeabi_idiv0
                0x08000340                __aeabi_ldiv0
 *(.text*)
 .text.__do_global_dtors_aux
                0x08000344       0x24 c:/Users/joabk/AppData/Roaming/Code/User/globalStorage/bmd.stm32-for-vscode/@xpack-dev-tools/arm-none-eabi-gcc/13.3.1-1.1.1/.content/bin/../lib/gcc/arm-none-eabi/13.3.1/thumb/v7e-m+fp/hard/crtbegin.o
 .text.frame_dummy
                0x08000368       0x1c c:/Users/joabk/AppData/Roaming/Code/User/globalStorage/bmd.stm32-for-vscode/@xpack-dev-tools/arm-none-eabi-gcc/13.3.1-1.1.1/.content/bin/../lib/gcc/arm-none-eabi/13.3.1/thumb/v7e-m+fp/hard/crtbegin.o
 .text.SX1278_SPIRead
                0x08000384       0x1e build/debug/SX1278.o
                0x08000384                SX1278_SPIRead
 .text.SX1278_SPIWrite
                0x080003a2       0x2c build/debug/SX1278.o
                0x080003a2                SX1278_SPIWrite
 .text.SX1278_SPIBurstRead
                0x080003ce       0x3e build/debug/SX1278.o
                0x080003ce                SX1278_SPIBurstRead
 .text.SX1278_SPIBurstWrite
                0x0800040c       0x40 build/debug/SX1278.o
                0x0800040c                SX1278_SPIBurstWrite
 .text.SX1278_standby
                0x0800044c       0x12 build/debug/SX1278.o
                0x0800044c                SX1278_standby
 .text.SX1278_sleep
                0x0800045e       0x12 build/debug/SX1278.o
                0x0800045e                SX1278_sleep
 .text.SX1278_entryLoRa
                0x08000470        0xc build/debug/SX1278.o
                0x08000470                SX1278_entryLoRa
 .text.SX1278_config
                0x0800047c      0x18c build/debug/SX1278.o
                0x0800047c                SX1278_config
 .text.SX1278_clearLoRaIrq
                0x08000608        0xc build/debug/SX1278.o
                0x08000608                SX1278_clearLoRaIrq
 .text.SX1278_LoRaEntryRx
                0x08000614       0x9a build/debug/SX1278.o
                0x08000614                SX1278_LoRaEntryRx
 .text.SX1278_LoRaRxPacket
                0x080006ae       0x5e build/debug/SX1278.o
                0x080006ae                SX1278_LoRaRxPacket
 .text.SX1278_LoRaEntryTx
                0x0800070c       0x80 build/debug/SX1278.o
                0x0800070c                SX1278_LoRaEntryTx
 .text.SX1278_LoRaTxPacket
                0x0800078c       0x5a build/debug/SX1278.o
                0x0800078c                SX1278_LoRaTxPacket
 .text.SX1278_init
                0x080007e6       0x3e build/debug/SX1278.o
                0x080007e6                SX1278_init
 .text.SX1278_hw_SetNSS
                0x08000824       0x14 build/debug/SX1278_hw.o
                0x08000824                SX1278_hw_SetNSS
 .text.SX1278_hw_init
                0x08000838       0x16 build/debug/SX1278_hw.o
                0x08000838                SX1278_hw_init
 .text.SX1278_hw_SPICommand
                0x0800084e       0x2e build/debug/SX1278_hw.o
                0x0800084e                SX1278_hw_SPICommand
 .text.SX1278_hw_SPIReadByte
                0x0800087c       0x3c build/debug/SX1278_hw.o
                0x0800087c                SX1278_hw_SPIReadByte
 .text.SX1278_hw_DelayMs
                0x080008b8        0x8 build/debug/SX1278_hw.o
                0x080008b8                SX1278_hw_DelayMs
 .text.SX1278_hw_Reset
                0x080008c0       0x2c build/debug/SX1278_hw.o
                0x080008c0                SX1278_hw_Reset
 .text.SX1278_hw_GetDIO0
                0x080008ec       0x14 build/debug/SX1278_hw.o
                0x080008ec                SX1278_hw_GetDIO0
 .text.MX_FATFS_Init
                0x08000900       0x1c build/debug/fatfs.o
                0x08000900                MX_FATFS_Init
 .text.FATFS_LinkDriverEx
                0x0800091c       0x54 build/debug/ff_gen_drv.o
                0x0800091c                FATFS_LinkDriverEx
 .text.FATFS_LinkDriver
                0x08000970        0xa build/debug/ff_gen_drv.o
                0x08000970                FATFS_LinkDriver
 .text.bcdtodec
                0x0800097a       0x12 build/debug/main.o
 .text.decimalbcd
                0x0800098c       0x20 build/debug/main.o
 .text.MX_GPIO_Init
                0x080009ac      0x140 build/debug/main.o
 .text.MX_DMA_Init
                0x08000aec       0x34 build/debug/main.o
 .text.RTC_Detect
                0x08000b20       0x20 build/debug/main.o
 .text.Atlas_Detect
                0x08000b40       0x1c build/debug/main.o
 .text.get_unix_timestamp
                0x08000b5c       0x30 build/debug/main.o
 .text.RTC_Get_Time
                0x08000b8c      0x10e build/debug/main.o
 *fill*         0x08000c9a        0x2 
 .text.write_OLED
                0x08000c9c       0x38 build/debug/main.o
 .text.RTC_Set_Time
                0x08000cd4      0x1b4 build/debug/main.o
 .text.Atlas_Wake
                0x08000e88       0x30 build/debug/main.o
 .text.Atlas_Sleep
                0x08000eb8       0x38 build/debug/main.o
 .text.Atlas_Read_Val
                0x08000ef0       0x8c build/debug/main.o
 .text.LoRa_ArmRX
                0x08000f7c       0x14 build/debug/main.o
 .text.HAL_TIM_PeriodElapsedCallback
                0x08000f90       0x5c build/debug/main.o
                0x08000f90                HAL_TIM_PeriodElapsedCallback
 .text.LoRa_Detect
                0x08000fec       0x12 build/debug/main.o
                0x08000fec                LoRa_Detect
 *fill*         0x08000ffe        0x2 
 .text.LoRa_Init
                0x08001000       0x6c build/debug/main.o
                0x08001000                LoRa_Init
 .text.LoRa_TX  0x0800106c       0x44 build/debug/main.o
                0x0800106c                LoRa_TX
 .text.LoRa_TX_Continuous
                0x080010b0       0x40 build/debug/main.o
                0x080010b0                LoRa_TX_Continuous
 .text.LoRa_RX  0x080010f0       0x48 build/debug/main.o
                0x080010f0                LoRa_RX
 .text.HAL_GPIO_EXTI_Callback
                0x08001138       0x10 build/debug/main.o
                0x08001138                HAL_GPIO_EXTI_Callback
 .text.Error_Handler
                0x08001148        0x4 build/debug/main.o
                0x08001148                Error_Handler
 .text.MX_I2C1_Init
                0x0800114c       0x38 build/debug/main.o
 .text.MX_TIM11_Init
                0x08001184       0x30 build/debug/main.o
 .text.MX_I2C2_Init
                0x080011b4       0x38 build/debug/main.o
 .text.MX_I2C3_Init
                0x080011ec       0x38 build/debug/main.o
 .text.MX_SPI1_Init
                0x08001224       0x40 build/debug/main.o
 .text.MX_SPI2_Init
                0x08001264       0x40 build/debug/main.o
 .text.MX_TIM10_Init
                0x080012a4       0x30 build/debug/main.o
 .text.MX_TIM9_Init
                0x080012d4       0x54 build/debug/main.o
 .text.SystemClock_Config
                0x08001328       0x90 build/debug/main.o
                0x08001328                SystemClock_Config
 .text.main     0x080013b8      0x47c build/debug/main.o
                0x080013b8                main
 .text.ssd1306_WriteCommand
                0x08001834       0x24 build/debug/ssd1306.o
 .text.ssd1306_Fill
                0x08001858       0x20 build/debug/ssd1306.o
                0x08001858                ssd1306_Fill
 .text.ssd1306_UpdateScreen
                0x08001878       0x54 build/debug/ssd1306.o
                0x08001878                ssd1306_UpdateScreen
 .text.ssd1306_Init
                0x080018cc      0x148 build/debug/ssd1306.o
                0x080018cc                ssd1306_Init
 .text.ssd1306_DrawPixel
                0x08001a14       0x5c build/debug/ssd1306.o
                0x08001a14                ssd1306_DrawPixel
 .text.ssd1306_WriteChar
                0x08001a70       0xa4 build/debug/ssd1306.o
                0x08001a70                ssd1306_WriteChar
 .text.ssd1306_WriteString
                0x08001b14       0x2e build/debug/ssd1306.o
                0x08001b14                ssd1306_WriteString
 *fill*         0x08001b42        0x2 
 .text.ssd1306_SetCursor
                0x08001b44        0xc build/debug/ssd1306.o
                0x08001b44                ssd1306_SetCursor
 .text.HAL_InitTick
                0x08001b50       0x4c build/debug/stm32f4xx_hal.o
                0x08001b50                HAL_InitTick
 .text.HAL_Init
                0x08001b9c       0x34 build/debug/stm32f4xx_hal.o
                0x08001b9c                HAL_Init
 .text.HAL_IncTick
                0x08001bd0       0x18 build/debug/stm32f4xx_hal.o
                0x08001bd0                HAL_IncTick
 .text.HAL_GetTick
                0x08001be8        0xc build/debug/stm32f4xx_hal.o
                0x08001be8                HAL_GetTick
 .text.HAL_Delay
                0x08001bf4       0x28 build/debug/stm32f4xx_hal.o
                0x08001bf4                HAL_Delay
 .text.__NVIC_EnableIRQ
                0x08001c1c       0x1c build/debug/stm32f4xx_hal_cortex.o
 .text.__NVIC_SetPriority
                0x08001c38       0x28 build/debug/stm32f4xx_hal_cortex.o
 .text.NVIC_EncodePriority
                0x08001c60       0x3e build/debug/stm32f4xx_hal_cortex.o
 *fill*         0x08001c9e        0x2 
 .text.HAL_NVIC_SetPriorityGrouping
                0x08001ca0       0x24 build/debug/stm32f4xx_hal_cortex.o
                0x08001ca0                HAL_NVIC_SetPriorityGrouping
 .text.HAL_NVIC_SetPriority
                0x08001cc4       0x20 build/debug/stm32f4xx_hal_cortex.o
                0x08001cc4                HAL_NVIC_SetPriority
 .text.HAL_NVIC_EnableIRQ
                0x08001ce4        0x8 build/debug/stm32f4xx_hal_cortex.o
                0x08001ce4                HAL_NVIC_EnableIRQ
 .text.HAL_SYSTICK_Config
                0x08001cec       0x28 build/debug/stm32f4xx_hal_cortex.o
                0x08001cec                HAL_SYSTICK_Config
 .text.DMA_CalcBaseAndBitshift
                0x08001d14       0x3c build/debug/stm32f4xx_hal_dma.o
 .text.DMA_CheckFifoParam
                0x08001d50       0x8e build/debug/stm32f4xx_hal_dma.o
 *fill*         0x08001dde        0x2 
 .text.HAL_DMA_Init
                0x08001de0       0xcc build/debug/stm32f4xx_hal_dma.o
                0x08001de0                HAL_DMA_Init
 .text.HAL_DMA_IRQHandler
                0x08001eac      0x1dc build/debug/stm32f4xx_hal_dma.o
                0x08001eac                HAL_DMA_IRQHandler
 .text.HAL_GPIO_Init
                0x08002088      0x1c8 build/debug/stm32f4xx_hal_gpio.o
                0x08002088                HAL_GPIO_Init
 .text.HAL_GPIO_ReadPin
                0x08002250        0xe build/debug/stm32f4xx_hal_gpio.o
                0x08002250                HAL_GPIO_ReadPin
 .text.HAL_GPIO_WritePin
                0x0800225e        0xc build/debug/stm32f4xx_hal_gpio.o
                0x0800225e                HAL_GPIO_WritePin
 .text.HAL_GPIO_TogglePin
                0x0800226a       0x12 build/debug/stm32f4xx_hal_gpio.o
                0x0800226a                HAL_GPIO_TogglePin
 .text.HAL_GPIO_EXTI_IRQHandler
                0x0800227c       0x1c build/debug/stm32f4xx_hal_gpio.o
                0x0800227c                HAL_GPIO_EXTI_IRQHandler
 .text.I2C_IsAcknowledgeFailed
                0x08002298       0x32 build/debug/stm32f4xx_hal_i2c.o
 .text.I2C_WaitOnFlagUntilTimeout
                0x080022ca       0xaa build/debug/stm32f4xx_hal_i2c.o
 .text.I2C_WaitOnMasterAddressFlagUntilTimeout
                0x08002374       0xd6 build/debug/stm32f4xx_hal_i2c.o
 *fill*         0x0800244a        0x2 
 .text.I2C_MasterRequestWrite
                0x0800244c       0xb4 build/debug/stm32f4xx_hal_i2c.o
 .text.I2C_MasterRequestRead
                0x08002500      0x120 build/debug/stm32f4xx_hal_i2c.o
 .text.I2C_WaitOnTXEFlagUntilTimeout
                0x08002620       0x5e build/debug/stm32f4xx_hal_i2c.o
 *fill*         0x0800267e        0x2 
 .text.I2C_RequestMemoryWrite
                0x08002680       0xd8 build/debug/stm32f4xx_hal_i2c.o
 .text.I2C_RequestMemoryRead
                0x08002758      0x154 build/debug/stm32f4xx_hal_i2c.o
 .text.I2C_WaitOnBTFFlagUntilTimeout
                0x080028ac       0x5e build/debug/stm32f4xx_hal_i2c.o
 .text.I2C_WaitOnRXNEFlagUntilTimeout
                0x0800290a       0x78 build/debug/stm32f4xx_hal_i2c.o
 *fill*         0x08002982        0x2 
 .text.HAL_I2C_Init
                0x08002984      0x1bc build/debug/stm32f4xx_hal_i2c.o
                0x08002984                HAL_I2C_Init
 .text.HAL_I2C_Master_Transmit
                0x08002b40      0x178 build/debug/stm32f4xx_hal_i2c.o
                0x08002b40                HAL_I2C_Master_Transmit
 .text.HAL_I2C_Master_Receive
                0x08002cb8      0x2fc build/debug/stm32f4xx_hal_i2c.o
                0x08002cb8                HAL_I2C_Master_Receive
 .text.HAL_I2C_Mem_Write
                0x08002fb4      0x164 build/debug/stm32f4xx_hal_i2c.o
                0x08002fb4                HAL_I2C_Mem_Write
 .text.HAL_I2C_Mem_Read
                0x08003118      0x2f8 build/debug/stm32f4xx_hal_i2c.o
                0x08003118                HAL_I2C_Mem_Read
 .text.HAL_I2C_IsDeviceReady
                0x08003410      0x194 build/debug/stm32f4xx_hal_i2c.o
                0x08003410                HAL_I2C_IsDeviceReady
 .text.HAL_MspInit
                0x080035a4       0x38 build/debug/stm32f4xx_hal_msp.o
                0x080035a4                HAL_MspInit
 .text.HAL_I2C_MspInit
                0x080035dc      0x164 build/debug/stm32f4xx_hal_msp.o
                0x080035dc                HAL_I2C_MspInit
 .text.HAL_SPI_MspInit
                0x08003740      0x100 build/debug/stm32f4xx_hal_msp.o
                0x08003740                HAL_SPI_MspInit
 .text.HAL_TIM_Base_MspInit
                0x08003840       0xa8 build/debug/stm32f4xx_hal_msp.o
                0x08003840                HAL_TIM_Base_MspInit
 .text.HAL_RCC_OscConfig
                0x080038e8      0x3f8 build/debug/stm32f4xx_hal_rcc.o
                0x080038e8                HAL_RCC_OscConfig
 .text.HAL_RCC_EnableCSS
                0x08003ce0        0xc build/debug/stm32f4xx_hal_rcc.o
                0x08003ce0                HAL_RCC_EnableCSS
 .text.HAL_RCC_GetSysClockFreq
                0x08003cec       0xa8 build/debug/stm32f4xx_hal_rcc.o
                0x08003cec                HAL_RCC_GetSysClockFreq
 .text.HAL_RCC_ClockConfig
                0x08003d94      0x160 build/debug/stm32f4xx_hal_rcc.o
                0x08003d94                HAL_RCC_ClockConfig
 .text.HAL_RCC_GetHCLKFreq
                0x08003ef4        0xc build/debug/stm32f4xx_hal_rcc.o
                0x08003ef4                HAL_RCC_GetHCLKFreq
 .text.HAL_RCC_GetPCLK1Freq
                0x08003f00       0x20 build/debug/stm32f4xx_hal_rcc.o
                0x08003f00                HAL_RCC_GetPCLK1Freq
 .text.HAL_RCC_CSSCallback
                0x08003f20        0x2 build/debug/stm32f4xx_hal_rcc.o
                0x08003f20                HAL_RCC_CSSCallback
 *fill*         0x08003f22        0x2 
 .text.HAL_RCC_NMI_IRQHandler
                0x08003f24       0x20 build/debug/stm32f4xx_hal_rcc.o
                0x08003f24                HAL_RCC_NMI_IRQHandler
 .text.SPI_WaitFlagStateUntilTimeout
                0x08003f44       0xc8 build/debug/stm32f4xx_hal_spi.o
 .text.SPI_EndRxTxTransaction
                0x0800400c       0x80 build/debug/stm32f4xx_hal_spi.o
 .text.HAL_SPI_Init
                0x0800408c       0xbe build/debug/stm32f4xx_hal_spi.o
                0x0800408c                HAL_SPI_Init
 .text.HAL_SPI_Transmit
                0x0800414a      0x1c4 build/debug/stm32f4xx_hal_spi.o
                0x0800414a                HAL_SPI_Transmit
 .text.HAL_SPI_TransmitReceive
                0x0800430e      0x254 build/debug/stm32f4xx_hal_spi.o
                0x0800430e                HAL_SPI_TransmitReceive
 .text.HAL_SPI_GetState
                0x08004562        0x6 build/debug/stm32f4xx_hal_spi.o
                0x08004562                HAL_SPI_GetState
 .text.TIM_TI1_ConfigInputStage
                0x08004568       0x26 build/debug/stm32f4xx_hal_tim.o
 .text.TIM_TI2_ConfigInputStage
                0x0800458e       0x28 build/debug/stm32f4xx_hal_tim.o
 .text.TIM_ITRx_SetConfig
                0x080045b6       0x10 build/debug/stm32f4xx_hal_tim.o
 *fill*         0x080045c6        0x2 
 .text.HAL_TIM_Base_Start_IT
                0x080045c8       0x78 build/debug/stm32f4xx_hal_tim.o
                0x080045c8                HAL_TIM_Base_Start_IT
 .text.HAL_TIM_OC_DelayElapsedCallback
                0x08004640        0x2 build/debug/stm32f4xx_hal_tim.o
                0x08004640                HAL_TIM_OC_DelayElapsedCallback
 .text.HAL_TIM_IC_CaptureCallback
                0x08004642        0x2 build/debug/stm32f4xx_hal_tim.o
                0x08004642                HAL_TIM_IC_CaptureCallback
 .text.HAL_TIM_PWM_PulseFinishedCallback
                0x08004644        0x2 build/debug/stm32f4xx_hal_tim.o
                0x08004644                HAL_TIM_PWM_PulseFinishedCallback
 .text.HAL_TIM_TriggerCallback
                0x08004646        0x2 build/debug/stm32f4xx_hal_tim.o
                0x08004646                HAL_TIM_TriggerCallback
 .text.HAL_TIM_IRQHandler
                0x08004648      0x15e build/debug/stm32f4xx_hal_tim.o
                0x08004648                HAL_TIM_IRQHandler
 *fill*         0x080047a6        0x2 
 .text.TIM_Base_SetConfig
                0x080047a8       0xa4 build/debug/stm32f4xx_hal_tim.o
                0x080047a8                TIM_Base_SetConfig
 .text.HAL_TIM_Base_Init
                0x0800484c       0x58 build/debug/stm32f4xx_hal_tim.o
                0x0800484c                HAL_TIM_Base_Init
 .text.TIM_ETR_SetConfig
                0x080048a4       0x1a build/debug/stm32f4xx_hal_tim.o
                0x080048a4                TIM_ETR_SetConfig
 .text.HAL_TIM_ConfigClockSource
                0x080048be       0xfe build/debug/stm32f4xx_hal_tim.o
                0x080048be                HAL_TIM_ConfigClockSource
 .text.HAL_TIMEx_CommutCallback
                0x080049bc        0x2 build/debug/stm32f4xx_hal_tim_ex.o
                0x080049bc                HAL_TIMEx_CommutCallback
 .text.HAL_TIMEx_BreakCallback
                0x080049be        0x2 build/debug/stm32f4xx_hal_tim_ex.o
                0x080049be                HAL_TIMEx_BreakCallback
 .text.NMI_Handler
                0x080049c0        0x8 build/debug/stm32f4xx_it.o
                0x080049c0                NMI_Handler
 .text.HardFault_Handler
                0x080049c8        0x2 build/debug/stm32f4xx_it.o
                0x080049c8                HardFault_Handler
 .text.MemManage_Handler
                0x080049ca        0x2 build/debug/stm32f4xx_it.o
                0x080049ca                MemManage_Handler
 .text.BusFault_Handler
                0x080049cc        0x2 build/debug/stm32f4xx_it.o
                0x080049cc                BusFault_Handler
 .text.UsageFault_Handler
                0x080049ce        0x2 build/debug/stm32f4xx_it.o
                0x080049ce                UsageFault_Handler
 .text.SVC_Handler
                0x080049d0        0x2 build/debug/stm32f4xx_it.o
                0x080049d0                SVC_Handler
 .text.DebugMon_Handler
                0x080049d2        0x2 build/debug/stm32f4xx_it.o
                0x080049d2                DebugMon_Handler
 .text.PendSV_Handler
                0x080049d4        0x2 build/debug/stm32f4xx_it.o
                0x080049d4                PendSV_Handler
 .text.SysTick_Handler
                0x080049d6        0x8 build/debug/stm32f4xx_it.o
                0x080049d6                SysTick_Handler
 .text.EXTI9_5_IRQHandler
                0x080049de        0xc build/debug/stm32f4xx_it.o
                0x080049de                EXTI9_5_IRQHandler
 *fill*         0x080049ea        0x2 
 .text.TIM1_BRK_TIM9_IRQHandler
                0x080049ec       0x10 build/debug/stm32f4xx_it.o
                0x080049ec                TIM1_BRK_TIM9_IRQHandler
 .text.TIM1_UP_TIM10_IRQHandler
                0x080049fc       0x10 build/debug/stm32f4xx_it.o
                0x080049fc                TIM1_UP_TIM10_IRQHandler
 .text.TIM1_TRG_COM_TIM11_IRQHandler
                0x08004a0c       0x10 build/debug/stm32f4xx_it.o
                0x08004a0c                TIM1_TRG_COM_TIM11_IRQHandler
 .text.DMA2_Stream0_IRQHandler
                0x08004a1c       0x10 build/debug/stm32f4xx_it.o
                0x08004a1c                DMA2_Stream0_IRQHandler
 .text._getpid  0x08004a2c        0x4 build/debug/syscalls.o
                0x08004a2c                _getpid
 .text._kill    0x08004a30       0x10 build/debug/syscalls.o
                0x08004a30                _kill
 .text._exit    0x08004a40        0xc build/debug/syscalls.o
                0x08004a40                _exit
 .text._read    0x08004a4c       0x20 build/debug/syscalls.o
                0x08004a4c                _read
 .text._write   0x08004a6c       0x1c build/debug/syscalls.o
                0x08004a6c                _write
 .text._close   0x08004a88        0x6 build/debug/syscalls.o
                0x08004a88                _close
 .text._fstat   0x08004a8e        0xa build/debug/syscalls.o
                0x08004a8e                _fstat
 .text._isatty  0x08004a98        0x4 build/debug/syscalls.o
                0x08004a98                _isatty
 .text._lseek   0x08004a9c        0x4 build/debug/syscalls.o
                0x08004a9c                _lseek
 .text._sbrk    0x08004aa0       0x48 build/debug/sysmem.o
                0x08004aa0                _sbrk
 .text.SystemInit
                0x08004ae8       0x14 build/debug/system_stm32f4xx.o
                0x08004ae8                SystemInit
 .text.USER_initialize
                0x08004afc        0x8 build/debug/user_diskio.o
                0x08004afc                USER_initialize
 .text.USER_status
                0x08004b04        0x8 build/debug/user_diskio.o
                0x08004b04                USER_status
 .text.USER_read
                0x08004b0c        0x8 build/debug/user_diskio.o
                0x08004b0c                USER_read
 .text.USER_write
                0x08004b14        0x8 build/debug/user_diskio.o
                0x08004b14                USER_write
 .text.USER_ioctl
                0x08004b1c        0x8 build/debug/user_diskio.o
                0x08004b1c                USER_ioctl
 .text.xchg_spi
                0x08004b24       0x2c build/debug/user_diskio_spi.o
 .text.wait_ready
                0x08004b50       0x2a build/debug/user_diskio_spi.o
 .text.rcvr_spi_multi
                0x08004b7a       0x1a build/debug/user_diskio_spi.o
 .text.despiselect
                0x08004b94       0x18 build/debug/user_diskio_spi.o
 .text.spiselect
                0x08004bac       0x30 build/debug/user_diskio_spi.o
 .text.send_cmd
                0x08004bdc       0x8c build/debug/user_diskio_spi.o
 .text.xmit_spi_multi
                0x08004c68       0x18 build/debug/user_diskio_spi.o
 .text.xmit_datablock
                0x08004c80       0x4c build/debug/user_diskio_spi.o
 .text.SPI_Timer_On
                0x08004ccc       0x1c build/debug/user_diskio_spi.o
                0x08004ccc                SPI_Timer_On
 .text.SPI_Timer_Status
                0x08004ce8       0x24 build/debug/user_diskio_spi.o
                0x08004ce8                SPI_Timer_Status
 .text.rcvr_datablock
                0x08004d0c       0x40 build/debug/user_diskio_spi.o
 .text.USER_SPI_initialize
                0x08004d4c      0x16c build/debug/user_diskio_spi.o
                0x08004d4c                USER_SPI_initialize
 .text.USER_SPI_status
                0x08004eb8       0x14 build/debug/user_diskio_spi.o
                0x08004eb8                USER_SPI_status
 .text.USER_SPI_read
                0x08004ecc       0x8c build/debug/user_diskio_spi.o
                0x08004ecc                USER_SPI_read
 .text.USER_SPI_write
                0x08004f58       0xb0 build/debug/user_diskio_spi.o
                0x08004f58                USER_SPI_write
 .text.USER_SPI_ioctl
                0x08005008      0x224 build/debug/user_diskio_spi.o
                0x08005008                USER_SPI_ioctl
 .text.Reset_Handler
                0x0800522c       0x50 build/debug/startup_stm32f401xe.o
                0x0800522c                Reset_Handler
 .text.Default_Handler
                0x0800527c        0x2 build/debug/startup_stm32f401xe.o
                0x0800527c                RTC_Alarm_IRQHandler
                0x0800527c                EXTI2_IRQHandler
                0x0800527c                SPI4_IRQHandler
                0x0800527c                TIM1_CC_IRQHandler
                0x0800527c                DMA2_Stream5_IRQHandler
                0x0800527c                DMA1_Stream5_IRQHandler
                0x0800527c                PVD_IRQHandler
                0x0800527c                SDIO_IRQHandler
                0x0800527c                TAMP_STAMP_IRQHandler
                0x0800527c                EXTI3_IRQHandler
                0x0800527c                I2C3_ER_IRQHandler
                0x0800527c                EXTI0_IRQHandler
                0x0800527c                I2C2_EV_IRQHandler
                0x0800527c                DMA1_Stream2_IRQHandler
                0x0800527c                FPU_IRQHandler
                0x0800527c                DMA2_Stream2_IRQHandler
                0x0800527c                SPI1_IRQHandler
                0x0800527c                DMA2_Stream3_IRQHandler
                0x0800527c                USART6_IRQHandler
                0x0800527c                TIM4_IRQHandler
                0x0800527c                I2C1_EV_IRQHandler
                0x0800527c                DMA1_Stream6_IRQHandler
                0x0800527c                DMA1_Stream1_IRQHandler
                0x0800527c                TIM3_IRQHandler
                0x0800527c                RCC_IRQHandler
                0x0800527c                Default_Handler
                0x0800527c                EXTI15_10_IRQHandler
                0x0800527c                ADC_IRQHandler
                0x0800527c                DMA1_Stream7_IRQHandler
                0x0800527c                TIM5_IRQHandler
                0x0800527c                DMA2_Stream7_IRQHandler
                0x0800527c                I2C3_EV_IRQHandler
                0x0800527c                RTC_WKUP_IRQHandler
                0x0800527c                SPI2_IRQHandler
                0x0800527c                DMA1_Stream0_IRQHandler
                0x0800527c                EXTI4_IRQHandler
                0x0800527c                WWDG_IRQHandler
                0x0800527c                TIM2_IRQHandler
                0x0800527c                OTG_FS_WKUP_IRQHandler
                0x0800527c                EXTI1_IRQHandler
                0x0800527c                USART2_IRQHandler
                0x0800527c                I2C2_ER_IRQHandler
                0x0800527c                DMA2_Stream1_IRQHandler
                0x0800527c                FLASH_IRQHandler
                0x0800527c                DMA2_Stream4_IRQHandler
                0x0800527c                USART1_IRQHandler
                0x0800527c                OTG_FS_IRQHandler
                0x0800527c                SPI3_IRQHandler
                0x0800527c                DMA1_Stream4_IRQHandler
                0x0800527c                I2C1_ER_IRQHandler
                0x0800527c                DMA2_Stream6_IRQHandler
                0x0800527c                DMA1_Stream3_IRQHandler
 *fill*         0x0800527e        0x2 
 .text.std      0x08005280       0x6c c:/Users/joabk/AppData/Roaming/Code/User/globalStorage/bmd.stm32-for-vscode/@xpack-dev-tools/arm-none-eabi-gcc/13.3.1-1.1.1/.content/bin/../lib/gcc/arm-none-eabi/13.3.1/../../../../arm-none-eabi/lib/thumb/v7e-m+fp/hard\libc_nano.a(libc_a-findfp.o)
 .text.stdio_exit_handler
                0x080052ec       0x18 c:/Users/joabk/AppData/Roaming/Code/User/globalStorage/bmd.stm32-for-vscode/@xpack-dev-tools/arm-none-eabi-gcc/13.3.1-1.1.1/.content/bin/../lib/gcc/arm-none-eabi/13.3.1/../../../../arm-none-eabi/lib/thumb/v7e-m+fp/hard\libc_nano.a(libc_a-findfp.o)
 .text.cleanup_stdio
                0x08005304       0x40 c:/Users/joabk/AppData/Roaming/Code/User/globalStorage/bmd.stm32-for-vscode/@xpack-dev-tools/arm-none-eabi-gcc/13.3.1-1.1.1/.content/bin/../lib/gcc/arm-none-eabi/13.3.1/../../../../arm-none-eabi/lib/thumb/v7e-m+fp/hard\libc_nano.a(libc_a-findfp.o)
 .text.global_stdio_init.part.0
                0x08005344       0x3c c:/Users/joabk/AppData/Roaming/Code/User/globalStorage/bmd.stm32-for-vscode/@xpack-dev-tools/arm-none-eabi-gcc/13.3.1-1.1.1/.content/bin/../lib/gcc/arm-none-eabi/13.3.1/../../../../arm-none-eabi/lib/thumb/v7e-m+fp/hard\libc_nano.a(libc_a-findfp.o)
 .text.__sfp_lock_acquire
                0x08005380        0xc c:/Users/joabk/AppData/Roaming/Code/User/globalStorage/bmd.stm32-for-vscode/@xpack-dev-tools/arm-none-eabi-gcc/13.3.1-1.1.1/.content/bin/../lib/gcc/arm-none-eabi/13.3.1/../../../../arm-none-eabi/lib/thumb/v7e-m+fp/hard\libc_nano.a(libc_a-findfp.o)
                0x08005380                __sfp_lock_acquire
 .text.__sfp_lock_release
                0x0800538c        0xc c:/Users/joabk/AppData/Roaming/Code/User/globalStorage/bmd.stm32-for-vscode/@xpack-dev-tools/arm-none-eabi-gcc/13.3.1-1.1.1/.content/bin/../lib/gcc/arm-none-eabi/13.3.1/../../../../arm-none-eabi/lib/thumb/v7e-m+fp/hard\libc_nano.a(libc_a-findfp.o)
                0x0800538c                __sfp_lock_release
 .text.__sinit  0x08005398       0x30 c:/Users/joabk/AppData/Roaming/Code/User/globalStorage/bmd.stm32-for-vscode/@xpack-dev-tools/arm-none-eabi-gcc/13.3.1-1.1.1/.content/bin/../lib/gcc/arm-none-eabi/13.3.1/../../../../arm-none-eabi/lib/thumb/v7e-m+fp/hard\libc_nano.a(libc_a-findfp.o)
                0x08005398                __sinit
 .text._fwalk_sglue
                0x080053c8       0x3c c:/Users/joabk/AppData/Roaming/Code/User/globalStorage/bmd.stm32-for-vscode/@xpack-dev-tools/arm-none-eabi-gcc/13.3.1-1.1.1/.content/bin/../lib/gcc/arm-none-eabi/13.3.1/../../../../arm-none-eabi/lib/thumb/v7e-m+fp/hard\libc_nano.a(libc_a-fwalk.o)
                0x080053c8                _fwalk_sglue
 .text.snprintf
                0x08005404       0x6c c:/Users/joabk/AppData/Roaming/Code/User/globalStorage/bmd.stm32-for-vscode/@xpack-dev-tools/arm-none-eabi-gcc/13.3.1-1.1.1/.content/bin/../lib/gcc/arm-none-eabi/13.3.1/../../../../arm-none-eabi/lib/thumb/v7e-m+fp/hard\libc_nano.a(libc_a-snprintf.o)
                0x08005404                sniprintf
                0x08005404                snprintf
 .text.__sread  0x08005470       0x22 c:/Users/joabk/AppData/Roaming/Code/User/globalStorage/bmd.stm32-for-vscode/@xpack-dev-tools/arm-none-eabi-gcc/13.3.1-1.1.1/.content/bin/../lib/gcc/arm-none-eabi/13.3.1/../../../../arm-none-eabi/lib/thumb/v7e-m+fp/hard\libc_nano.a(libc_a-stdio.o)
                0x08005470                __sread
 .text.__seofread
                0x08005492        0x4 c:/Users/joabk/AppData/Roaming/Code/User/globalStorage/bmd.stm32-for-vscode/@xpack-dev-tools/arm-none-eabi-gcc/13.3.1-1.1.1/.content/bin/../lib/gcc/arm-none-eabi/13.3.1/../../../../arm-none-eabi/lib/thumb/v7e-m+fp/hard\libc_nano.a(libc_a-stdio.o)
                0x08005492                __seofread
 .text.__swrite
                0x08005496       0x38 c:/Users/joabk/AppData/Roaming/Code/User/globalStorage/bmd.stm32-for-vscode/@xpack-dev-tools/arm-none-eabi-gcc/13.3.1-1.1.1/.content/bin/../lib/gcc/arm-none-eabi/13.3.1/../../../../arm-none-eabi/lib/thumb/v7e-m+fp/hard\libc_nano.a(libc_a-stdio.o)
                0x08005496                __swrite
 .text.__sseek  0x080054ce       0x24 c:/Users/joabk/AppData/Roaming/Code/User/globalStorage/bmd.stm32-for-vscode/@xpack-dev-tools/arm-none-eabi-gcc/13.3.1-1.1.1/.content/bin/../lib/gcc/arm-none-eabi/13.3.1/../../../../arm-none-eabi/lib/thumb/v7e-m+fp/hard\libc_nano.a(libc_a-stdio.o)
                0x080054ce                __sseek
 .text.__sclose
                0x080054f2        0x8 c:/Users/joabk/AppData/Roaming/Code/User/globalStorage/bmd.stm32-for-vscode/@xpack-dev-tools/arm-none-eabi-gcc/13.3.1-1.1.1/.content/bin/../lib/gcc/arm-none-eabi/13.3.1/../../../../arm-none-eabi/lib/thumb/v7e-m+fp/hard\libc_nano.a(libc_a-stdio.o)
                0x080054f2                __sclose
 .text.memset   0x080054fa       0x10 c:/Users/joabk/AppData/Roaming/Code/User/globalStorage/bmd.stm32-for-vscode/@xpack-dev-tools/arm-none-eabi-gcc/13.3.1-1.1.1/.content/bin/../lib/gcc/arm-none-eabi/13.3.1/../../../../arm-none-eabi/lib/thumb/v7e-m+fp/hard\libc_nano.a(libc_a-memset.o)
                0x080054fa                memset
 .text.strncmp  0x0800550a       0x24 c:/Users/joabk/AppData/Roaming/Code/User/globalStorage/bmd.stm32-for-vscode/@xpack-dev-tools/arm-none-eabi-gcc/13.3.1-1.1.1/.content/bin/../lib/gcc/arm-none-eabi/13.3.1/../../../../arm-none-eabi/lib/thumb/v7e-m+fp/hard\libc_nano.a(libc_a-strncmp.o)
                0x0800550a                strncmp
 *fill*         0x0800552e        0x2 
 .text.localtime
                0x08005530       0x3c c:/Users/joabk/AppData/Roaming/Code/User/globalStorage/bmd.stm32-for-vscode/@xpack-dev-tools/arm-none-eabi-gcc/13.3.1-1.1.1/.content/bin/../lib/gcc/arm-none-eabi/13.3.1/../../../../arm-none-eabi/lib/thumb/v7e-m+fp/hard\libc_nano.a(libc_a-lcltime.o)
                0x08005530                localtime
 .text.localtime_r
                0x0800556c      0x1e0 c:/Users/joabk/AppData/Roaming/Code/User/globalStorage/bmd.stm32-for-vscode/@xpack-dev-tools/arm-none-eabi-gcc/13.3.1-1.1.1/.content/bin/../lib/gcc/arm-none-eabi/13.3.1/../../../../arm-none-eabi/lib/thumb/v7e-m+fp/hard\libc_nano.a(libc_a-lcltime_r.o)
                0x0800556c                localtime_r
 .text.validate_structure
                0x0800574c      0x1a8 c:/Users/joabk/AppData/Roaming/Code/User/globalStorage/bmd.stm32-for-vscode/@xpack-dev-tools/arm-none-eabi-gcc/13.3.1-1.1.1/.content/bin/../lib/gcc/arm-none-eabi/13.3.1/../../../../arm-none-eabi/lib/thumb/v7e-m+fp/hard\libc_nano.a(libc_a-mktime.o)
 .text.mktime   0x080058f4      0x364 c:/Users/joabk/AppData/Roaming/Code/User/globalStorage/bmd.stm32-for-vscode/@xpack-dev-tools/arm-none-eabi-gcc/13.3.1-1.1.1/.content/bin/../lib/gcc/arm-none-eabi/13.3.1/../../../../arm-none-eabi/lib/thumb/v7e-m+fp/hard\libc_nano.a(libc_a-mktime.o)
                0x080058f4                mktime
 .text.iso_year_adjust
                0x08005c58       0xa4 c:/Users/joabk/AppData/Roaming/Code/User/globalStorage/bmd.stm32-for-vscode/@xpack-dev-tools/arm-none-eabi-gcc/13.3.1-1.1.1/.content/bin/../lib/gcc/arm-none-eabi/13.3.1/../../../../arm-none-eabi/lib/thumb/v7e-m+fp/hard\libc_nano.a(libc_a-strftime.o)
 .text.__strftime.isra.0
                0x08005cfc      0x99c c:/Users/joabk/AppData/Roaming/Code/User/globalStorage/bmd.stm32-for-vscode/@xpack-dev-tools/arm-none-eabi-gcc/13.3.1-1.1.1/.content/bin/../lib/gcc/arm-none-eabi/13.3.1/../../../../arm-none-eabi/lib/thumb/v7e-m+fp/hard\libc_nano.a(libc_a-strftime.o)
 .text.strftime
                0x08006698        0x4 c:/Users/joabk/AppData/Roaming/Code/User/globalStorage/bmd.stm32-for-vscode/@xpack-dev-tools/arm-none-eabi-gcc/13.3.1-1.1.1/.content/bin/../lib/gcc/arm-none-eabi/13.3.1/../../../../arm-none-eabi/lib/thumb/v7e-m+fp/hard\libc_nano.a(libc_a-strftime.o)
                0x08006698                strftime
 .text.__tzcalc_limits
                0x0800669c      0x168 c:/Users/joabk/AppData/Roaming/Code/User/globalStorage/bmd.stm32-for-vscode/@xpack-dev-tools/arm-none-eabi-gcc/13.3.1-1.1.1/.content/bin/../lib/gcc/arm-none-eabi/13.3.1/../../../../arm-none-eabi/lib/thumb/v7e-m+fp/hard\libc_nano.a(libc_a-tzcalc_limits.o)
                0x0800669c                __tzcalc_limits
 .text.__tz_lock
                0x08006804        0xc c:/Users/joabk/AppData/Roaming/Code/User/globalStorage/bmd.stm32-for-vscode/@xpack-dev-tools/arm-none-eabi-gcc/13.3.1-1.1.1/.content/bin/../lib/gcc/arm-none-eabi/13.3.1/../../../../arm-none-eabi/lib/thumb/v7e-m+fp/hard\libc_nano.a(libc_a-tzlock.o)
                0x08006804                __tz_lock
 .text.__tz_unlock
                0x08006810        0xc c:/Users/joabk/AppData/Roaming/Code/User/globalStorage/bmd.stm32-for-vscode/@xpack-dev-tools/arm-none-eabi-gcc/13.3.1-1.1.1/.content/bin/../lib/gcc/arm-none-eabi/13.3.1/../../../../arm-none-eabi/lib/thumb/v7e-m+fp/hard\libc_nano.a(libc_a-tzlock.o)
                0x08006810                __tz_unlock
 .text._tzset_unlocked
                0x0800681c        0xc c:/Users/joabk/AppData/Roaming/Code/User/globalStorage/bmd.stm32-for-vscode/@xpack-dev-tools/arm-none-eabi-gcc/13.3.1-1.1.1/.content/bin/../lib/gcc/arm-none-eabi/13.3.1/../../../../arm-none-eabi/lib/thumb/v7e-m+fp/hard\libc_nano.a(libc_a-tzset.o)
                0x0800681c                _tzset_unlocked
 .text._tzset_unlocked_r
                0x08006828      0x444 c:/Users/joabk/AppData/Roaming/Code/User/globalStorage/bmd.stm32-for-vscode/@xpack-dev-tools/arm-none-eabi-gcc/13.3.1-1.1.1/.content/bin/../lib/gcc/arm-none-eabi/13.3.1/../../../../arm-none-eabi/lib/thumb/v7e-m+fp/hard\libc_nano.a(libc_a-tzset_r.o)
                0x08006828                _tzset_unlocked_r
 .text._close_r
                0x08006c6c       0x20 c:/Users/joabk/AppData/Roaming/Code/User/globalStorage/bmd.stm32-for-vscode/@xpack-dev-tools/arm-none-eabi-gcc/13.3.1-1.1.1/.content/bin/../lib/gcc/arm-none-eabi/13.3.1/../../../../arm-none-eabi/lib/thumb/v7e-m+fp/hard\libc_nano.a(libc_a-closer.o)
                0x08006c6c                _close_r
 .text._lseek_r
                0x08006c8c       0x24 c:/Users/joabk/AppData/Roaming/Code/User/globalStorage/bmd.stm32-for-vscode/@xpack-dev-tools/arm-none-eabi-gcc/13.3.1-1.1.1/.content/bin/../lib/gcc/arm-none-eabi/13.3.1/../../../../arm-none-eabi/lib/thumb/v7e-m+fp/hard\libc_nano.a(libc_a-lseekr.o)
                0x08006c8c                _lseek_r
 .text._read_r  0x08006cb0       0x24 c:/Users/joabk/AppData/Roaming/Code/User/globalStorage/bmd.stm32-for-vscode/@xpack-dev-tools/arm-none-eabi-gcc/13.3.1-1.1.1/.content/bin/../lib/gcc/arm-none-eabi/13.3.1/../../../../arm-none-eabi/lib/thumb/v7e-m+fp/hard\libc_nano.a(libc_a-readr.o)
                0x08006cb0                _read_r
 .text._write_r
                0x08006cd4       0x24 c:/Users/joabk/AppData/Roaming/Code/User/globalStorage/bmd.stm32-for-vscode/@xpack-dev-tools/arm-none-eabi-gcc/13.3.1-1.1.1/.content/bin/../lib/gcc/arm-none-eabi/13.3.1/../../../../arm-none-eabi/lib/thumb/v7e-m+fp/hard\libc_nano.a(libc_a-writer.o)
                0x08006cd4                _write_r
 .text.__errno  0x08006cf8        0xc c:/Users/joabk/AppData/Roaming/Code/User/globalStorage/bmd.stm32-for-vscode/@xpack-dev-tools/arm-none-eabi-gcc/13.3.1-1.1.1/.content/bin/../lib/gcc/arm-none-eabi/13.3.1/../../../../arm-none-eabi/lib/thumb/v7e-m+fp/hard\libc_nano.a(libc_a-errno.o)
                0x08006cf8                __errno
 .text.__libc_init_array
                0x08006d04       0x48 c:/Users/joabk/AppData/Roaming/Code/User/globalStorage/bmd.stm32-for-vscode/@xpack-dev-tools/arm-none-eabi-gcc/13.3.1-1.1.1/.content/bin/../lib/gcc/arm-none-eabi/13.3.1/../../../../arm-none-eabi/lib/thumb/v7e-m+fp/hard\libc_nano.a(libc_a-init.o)
                0x08006d04                __libc_init_array
 .text.__retarget_lock_init_recursive
                0x08006d4c        0x2 c:/Users/joabk/AppData/Roaming/Code/User/globalStorage/bmd.stm32-for-vscode/@xpack-dev-tools/arm-none-eabi-gcc/13.3.1-1.1.1/.content/bin/../lib/gcc/arm-none-eabi/13.3.1/../../../../arm-none-eabi/lib/thumb/v7e-m+fp/hard\libc_nano.a(libc_a-lock.o)
                0x08006d4c                __retarget_lock_init_recursive
 .text.__retarget_lock_acquire
                0x08006d4e        0x2 c:/Users/joabk/AppData/Roaming/Code/User/globalStorage/bmd.stm32-for-vscode/@xpack-dev-tools/arm-none-eabi-gcc/13.3.1-1.1.1/.content/bin/../lib/gcc/arm-none-eabi/13.3.1/../../../../arm-none-eabi/lib/thumb/v7e-m+fp/hard\libc_nano.a(libc_a-lock.o)
                0x08006d4e                __retarget_lock_acquire
 .text.__retarget_lock_acquire_recursive
                0x08006d50        0x2 c:/Users/joabk/AppData/Roaming/Code/User/globalStorage/bmd.stm32-for-vscode/@xpack-dev-tools/arm-none-eabi-gcc/13.3.1-1.1.1/.content/bin/../lib/gcc/arm-none-eabi/13.3.1/../../../../arm-none-eabi/lib/thumb/v7e-m+fp/hard\libc_nano.a(libc_a-lock.o)
                0x08006d50                __retarget_lock_acquire_recursive
 .text.__retarget_lock_release
                0x08006d52        0x2 c:/Users/joabk/AppData/Roaming/Code/User/globalStorage/bmd.stm32-for-vscode/@xpack-dev-tools/arm-none-eabi-gcc/13.3.1-1.1.1/.content/bin/../lib/gcc/arm-none-eabi/13.3.1/../../../../arm-none-eabi/lib/thumb/v7e-m+fp/hard\libc_nano.a(libc_a-lock.o)
                0x08006d52                __retarget_lock_release
 .text.__retarget_lock_release_recursive
                0x08006d54        0x2 c:/Users/joabk/AppData/Roaming/Code/User/globalStorage/bmd.stm32-for-vscode/@xpack-dev-tools/arm-none-eabi-gcc/13.3.1-1.1.1/.content/bin/../lib/gcc/arm-none-eabi/13.3.1/../../../../arm-none-eabi/lib/thumb/v7e-m+fp/hard\libc_nano.a(libc_a-lock.o)
                0x08006d54                __retarget_lock_release_recursive
 .text.strcpy   0x08006d56       0x10 c:/Users/joabk/AppData/Roaming/Code/User/globalStorage/bmd.stm32-for-vscode/@xpack-dev-tools/arm-none-eabi-gcc/13.3.1-1.1.1/.content/bin/../lib/gcc/arm-none-eabi/13.3.1/../../../../arm-none-eabi/lib/thumb/v7e-m+fp/hard\libc_nano.a(libc_a-strcpy.o)
                0x08006d56                strcpy
 .text.memcpy   0x08006d66       0x1c c:/Users/joabk/AppData/Roaming/Code/User/globalStorage/bmd.stm32-for-vscode/@xpack-dev-tools/arm-none-eabi-gcc/13.3.1-1.1.1/.content/bin/../lib/gcc/arm-none-eabi/13.3.1/../../../../arm-none-eabi/lib/thumb/v7e-m+fp/hard\libc_nano.a(libc_a-memcpy-stub.o)
                0x08006d66                memcpy
 .text.abs      0x08006d82        0x8 c:/Users/joabk/AppData/Roaming/Code/User/globalStorage/bmd.stm32-for-vscode/@xpack-dev-tools/arm-none-eabi-gcc/13.3.1-1.1.1/.content/bin/../lib/gcc/arm-none-eabi/13.3.1/../../../../arm-none-eabi/lib/thumb/v7e-m+fp/hard\libc_nano.a(libc_a-abs.o)
                0x08006d82                abs
 *fill*         0x08006d8a        0x2 
 .text.__assert_func
                0x08006d8c       0x3c c:/Users/joabk/AppData/Roaming/Code/User/globalStorage/bmd.stm32-for-vscode/@xpack-dev-tools/arm-none-eabi-gcc/13.3.1-1.1.1/.content/bin/../lib/gcc/arm-none-eabi/13.3.1/../../../../arm-none-eabi/lib/thumb/v7e-m+fp/hard\libc_nano.a(libc_a-assert.o)
                0x08006d8c                __assert_func
 .text.div      0x08006dc8       0x10 c:/Users/joabk/AppData/Roaming/Code/User/globalStorage/bmd.stm32-for-vscode/@xpack-dev-tools/arm-none-eabi-gcc/13.3.1-1.1.1/.content/bin/../lib/gcc/arm-none-eabi/13.3.1/../../../../arm-none-eabi/lib/thumb/v7e-m+fp/hard\libc_nano.a(libc_a-div.o)
                0x08006dc8                div
 .text._free_r  0x08006dd8       0x94 c:/Users/joabk/AppData/Roaming/Code/User/globalStorage/bmd.stm32-for-vscode/@xpack-dev-tools/arm-none-eabi-gcc/13.3.1-1.1.1/.content/bin/../lib/gcc/arm-none-eabi/13.3.1/../../../../arm-none-eabi/lib/thumb/v7e-m+fp/hard\libc_nano.a(libc_a-freer.o)
                0x08006dd8                _free_r
 .text._findenv_r
                0x08006e6c       0x78 c:/Users/joabk/AppData/Roaming/Code/User/globalStorage/bmd.stm32-for-vscode/@xpack-dev-tools/arm-none-eabi-gcc/13.3.1-1.1.1/.content/bin/../lib/gcc/arm-none-eabi/13.3.1/../../../../arm-none-eabi/lib/thumb/v7e-m+fp/hard\libc_nano.a(libc_a-getenv_r.o)
                0x08006e6c                _findenv_r
 .text._getenv_r
                0x08006ee4        0xe c:/Users/joabk/AppData/Roaming/Code/User/globalStorage/bmd.stm32-for-vscode/@xpack-dev-tools/arm-none-eabi-gcc/13.3.1-1.1.1/.content/bin/../lib/gcc/arm-none-eabi/13.3.1/../../../../arm-none-eabi/lib/thumb/v7e-m+fp/hard\libc_nano.a(libc_a-getenv_r.o)
                0x08006ee4                _getenv_r
 .text.labs     0x08006ef2        0x8 c:/Users/joabk/AppData/Roaming/Code/User/globalStorage/bmd.stm32-for-vscode/@xpack-dev-tools/arm-none-eabi-gcc/13.3.1-1.1.1/.content/bin/../lib/gcc/arm-none-eabi/13.3.1/../../../../arm-none-eabi/lib/thumb/v7e-m+fp/hard\libc_nano.a(libc_a-labs.o)
                0x08006ef2                labs
 *fill*         0x08006efa        0x2 
 .text.malloc   0x08006efc       0x10 c:/Users/joabk/AppData/Roaming/Code/User/globalStorage/bmd.stm32-for-vscode/@xpack-dev-tools/arm-none-eabi-gcc/13.3.1-1.1.1/.content/bin/../lib/gcc/arm-none-eabi/13.3.1/../../../../arm-none-eabi/lib/thumb/v7e-m+fp/hard\libc_nano.a(libc_a-malloc.o)
                0x08006efc                malloc
 .text.free     0x08006f0c       0x10 c:/Users/joabk/AppData/Roaming/Code/User/globalStorage/bmd.stm32-for-vscode/@xpack-dev-tools/arm-none-eabi-gcc/13.3.1-1.1.1/.content/bin/../lib/gcc/arm-none-eabi/13.3.1/../../../../arm-none-eabi/lib/thumb/v7e-m+fp/hard\libc_nano.a(libc_a-malloc.o)
                0x08006f0c                free
 .text.sbrk_aligned
                0x08006f1c       0x44 c:/Users/joabk/AppData/Roaming/Code/User/globalStorage/bmd.stm32-for-vscode/@xpack-dev-tools/arm-none-eabi-gcc/13.3.1-1.1.1/.content/bin/../lib/gcc/arm-none-eabi/13.3.1/../../../../arm-none-eabi/lib/thumb/v7e-m+fp/hard\libc_nano.a(libc_a-mallocr.o)
 .text._malloc_r
                0x08006f60      0x100 c:/Users/joabk/AppData/Roaming/Code/User/globalStorage/bmd.stm32-for-vscode/@xpack-dev-tools/arm-none-eabi-gcc/13.3.1-1.1.1/.content/bin/../lib/gcc/arm-none-eabi/13.3.1/../../../../arm-none-eabi/lib/thumb/v7e-m+fp/hard\libc_nano.a(libc_a-mallocr.o)
                0x08006f60                _malloc_r
 .text.__malloc_lock
                0x08007060        0xc c:/Users/joabk/AppData/Roaming/Code/User/globalStorage/bmd.stm32-for-vscode/@xpack-dev-tools/arm-none-eabi-gcc/13.3.1-1.1.1/.content/bin/../lib/gcc/arm-none-eabi/13.3.1/../../../../arm-none-eabi/lib/thumb/v7e-m+fp/hard\libc_nano.a(libc_a-mlock.o)
                0x08007060                __malloc_lock
 .text.__malloc_unlock
                0x0800706c        0xc c:/Users/joabk/AppData/Roaming/Code/User/globalStorage/bmd.stm32-for-vscode/@xpack-dev-tools/arm-none-eabi-gcc/13.3.1-1.1.1/.content/bin/../lib/gcc/arm-none-eabi/13.3.1/../../../../arm-none-eabi/lib/thumb/v7e-m+fp/hard\libc_nano.a(libc_a-mlock.o)
                0x0800706c                __malloc_unlock
 .text._strtoul_l.isra.0
                0x08007078       0xdc c:/Users/joabk/AppData/Roaming/Code/User/globalStorage/bmd.stm32-for-vscode/@xpack-dev-tools/arm-none-eabi-gcc/13.3.1-1.1.1/.content/bin/../lib/gcc/arm-none-eabi/13.3.1/../../../../arm-none-eabi/lib/thumb/v7e-m+fp/hard\libc_nano.a(libc_a-strtoul.o)
 .text._strtoul_r
                0x08007154        0x4 c:/Users/joabk/AppData/Roaming/Code/User/globalStorage/bmd.stm32-for-vscode/@xpack-dev-tools/arm-none-eabi-gcc/13.3.1-1.1.1/.content/bin/../lib/gcc/arm-none-eabi/13.3.1/../../../../arm-none-eabi/lib/thumb/v7e-m+fp/hard\libc_nano.a(libc_a-strtoul.o)
                0x08007154                _strtoul_r
 .text.strtoul  0x08007158       0x14 c:/Users/joabk/AppData/Roaming/Code/User/globalStorage/bmd.stm32-for-vscode/@xpack-dev-tools/arm-none-eabi-gcc/13.3.1-1.1.1/.content/bin/../lib/gcc/arm-none-eabi/13.3.1/../../../../arm-none-eabi/lib/thumb/v7e-m+fp/hard\libc_nano.a(libc_a-strtoul.o)
                0x08007158                strtoul
 .text.__ssputs_r
                0x0800716c       0xb6 c:/Users/joabk/AppData/Roaming/Code/User/globalStorage/bmd.stm32-for-vscode/@xpack-dev-tools/arm-none-eabi-gcc/13.3.1-1.1.1/.content/bin/../lib/gcc/arm-none-eabi/13.3.1/../../../../arm-none-eabi/lib/thumb/v7e-m+fp/hard\libc_nano.a(libc_a-nano-svfprintf.o)
                0x0800716c                __ssputs_r
 *fill*         0x08007222        0x2 
 .text._svfprintf_r
                0x08007224      0x1f8 c:/Users/joabk/AppData/Roaming/Code/User/globalStorage/bmd.stm32-for-vscode/@xpack-dev-tools/arm-none-eabi-gcc/13.3.1-1.1.1/.content/bin/../lib/gcc/arm-none-eabi/13.3.1/../../../../arm-none-eabi/lib/thumb/v7e-m+fp/hard\libc_nano.a(libc_a-nano-svfprintf.o)
                0x08007224                _svfiprintf_r
                0x08007224                _svfprintf_r
 .text._printf_common
                0x0800741c       0xda c:/Users/joabk/AppData/Roaming/Code/User/globalStorage/bmd.stm32-for-vscode/@xpack-dev-tools/arm-none-eabi-gcc/13.3.1-1.1.1/.content/bin/../lib/gcc/arm-none-eabi/13.3.1/../../../../arm-none-eabi/lib/thumb/v7e-m+fp/hard\libc_nano.a(libc_a-nano-vfprintf_i.o)
                0x0800741c                _printf_common
 *fill*         0x080074f6        0x2 
 .text._printf_i
                0x080074f8      0x23c c:/Users/joabk/AppData/Roaming/Code/User/globalStorage/bmd.stm32-for-vscode/@xpack-dev-tools/arm-none-eabi-gcc/13.3.1-1.1.1/.content/bin/../lib/gcc/arm-none-eabi/13.3.1/../../../../arm-none-eabi/lib/thumb/v7e-m+fp/hard\libc_nano.a(libc_a-nano-vfprintf_i.o)
                0x080074f8                _printf_i
 .text.__sflush_r
                0x08007734      0x108 c:/Users/joabk/AppData/Roaming/Code/User/globalStorage/bmd.stm32-for-vscode/@xpack-dev-tools/arm-none-eabi-gcc/13.3.1-1.1.1/.content/bin/../lib/gcc/arm-none-eabi/13.3.1/../../../../arm-none-eabi/lib/thumb/v7e-m+fp/hard\libc_nano.a(libc_a-fflush.o)
                0x08007734                __sflush_r
 .text._fflush_r
                0x0800783c       0x50 c:/Users/joabk/AppData/Roaming/Code/User/globalStorage/bmd.stm32-for-vscode/@xpack-dev-tools/arm-none-eabi-gcc/13.3.1-1.1.1/.content/bin/../lib/gcc/arm-none-eabi/13.3.1/../../../../arm-none-eabi/lib/thumb/v7e-m+fp/hard\libc_nano.a(libc_a-fflush.o)
                0x0800783c                _fflush_r
 .text.fprintf  0x0800788c       0x24 c:/Users/joabk/AppData/Roaming/Code/User/globalStorage/bmd.stm32-for-vscode/@xpack-dev-tools/arm-none-eabi-gcc/13.3.1-1.1.1/.content/bin/../lib/gcc/arm-none-eabi/13.3.1/../../../../arm-none-eabi/lib/thumb/v7e-m+fp/hard\libc_nano.a(libc_a-fprintf.o)
                0x0800788c                fiprintf
                0x0800788c                fprintf
 .text.sscanf   0x080078b0       0x58 c:/Users/joabk/AppData/Roaming/Code/User/globalStorage/bmd.stm32-for-vscode/@xpack-dev-tools/arm-none-eabi-gcc/13.3.1-1.1.1/.content/bin/../lib/gcc/arm-none-eabi/13.3.1/../../../../arm-none-eabi/lib/thumb/v7e-m+fp/hard\libc_nano.a(libc_a-sscanf.o)
                0x080078b0                siscanf
                0x080078b0                sscanf
 .text.memmove  0x08007908       0x34 c:/Users/joabk/AppData/Roaming/Code/User/globalStorage/bmd.stm32-for-vscode/@xpack-dev-tools/arm-none-eabi-gcc/13.3.1-1.1.1/.content/bin/../lib/gcc/arm-none-eabi/13.3.1/../../../../arm-none-eabi/lib/thumb/v7e-m+fp/hard\libc_nano.a(libc_a-memmove.o)
                0x08007908                memmove
 .text.__gettzinfo
                0x0800793c        0x8 c:/Users/joabk/AppData/Roaming/Code/User/globalStorage/bmd.stm32-for-vscode/@xpack-dev-tools/arm-none-eabi-gcc/13.3.1-1.1.1/.content/bin/../lib/gcc/arm-none-eabi/13.3.1/../../../../arm-none-eabi/lib/thumb/v7e-m+fp/hard\libc_nano.a(libc_a-gettzinfo.o)
                0x0800793c                __gettzinfo
 .text.gmtime_r
                0x08007944      0x14c c:/Users/joabk/AppData/Roaming/Code/User/globalStorage/bmd.stm32-for-vscode/@xpack-dev-tools/arm-none-eabi-gcc/13.3.1-1.1.1/.content/bin/../lib/gcc/arm-none-eabi/13.3.1/../../../../arm-none-eabi/lib/thumb/v7e-m+fp/hard\libc_nano.a(libc_a-gmtime_r.o)
                0x08007944                gmtime_r
 .text._sbrk_r  0x08007a90       0x20 c:/Users/joabk/AppData/Roaming/Code/User/globalStorage/bmd.stm32-for-vscode/@xpack-dev-tools/arm-none-eabi-gcc/13.3.1-1.1.1/.content/bin/../lib/gcc/arm-none-eabi/13.3.1/../../../../arm-none-eabi/lib/thumb/v7e-m+fp/hard\libc_nano.a(libc_a-sbrkr.o)
                0x08007a90                _sbrk_r
 .text.abort    0x08007ab0        0xe c:/Users/joabk/AppData/Roaming/Code/User/globalStorage/bmd.stm32-for-vscode/@xpack-dev-tools/arm-none-eabi-gcc/13.3.1-1.1.1/.content/bin/../lib/gcc/arm-none-eabi/13.3.1/../../../../arm-none-eabi/lib/thumb/v7e-m+fp/hard\libc_nano.a(libc_a-abort.o)
                0x08007ab0                abort
 *fill*         0x08007abe        0x2 
 .text.__env_lock
                0x08007ac0        0xc c:/Users/joabk/AppData/Roaming/Code/User/globalStorage/bmd.stm32-for-vscode/@xpack-dev-tools/arm-none-eabi-gcc/13.3.1-1.1.1/.content/bin/../lib/gcc/arm-none-eabi/13.3.1/../../../../arm-none-eabi/lib/thumb/v7e-m+fp/hard\libc_nano.a(libc_a-envlock.o)
                0x08007ac0                __env_lock
 .text.__env_unlock
                0x08007acc        0xc c:/Users/joabk/AppData/Roaming/Code/User/globalStorage/bmd.stm32-for-vscode/@xpack-dev-tools/arm-none-eabi-gcc/13.3.1-1.1.1/.content/bin/../lib/gcc/arm-none-eabi/13.3.1/../../../../arm-none-eabi/lib/thumb/v7e-m+fp/hard\libc_nano.a(libc_a-envlock.o)
                0x08007acc                __env_unlock
 .text._realloc_r
                0x08007ad8       0x5c c:/Users/joabk/AppData/Roaming/Code/User/globalStorage/bmd.stm32-for-vscode/@xpack-dev-tools/arm-none-eabi-gcc/13.3.1-1.1.1/.content/bin/../lib/gcc/arm-none-eabi/13.3.1/../../../../arm-none-eabi/lib/thumb/v7e-m+fp/hard\libc_nano.a(libc_a-reallocr.o)
                0x08007ad8                _realloc_r
 .text._sungetc_r
                0x08007b34       0x7a c:/Users/joabk/AppData/Roaming/Code/User/globalStorage/bmd.stm32-for-vscode/@xpack-dev-tools/arm-none-eabi-gcc/13.3.1-1.1.1/.content/bin/../lib/gcc/arm-none-eabi/13.3.1/../../../../arm-none-eabi/lib/thumb/v7e-m+fp/hard\libc_nano.a(libc_a-nano-svfscanf.o)
                0x08007b34                _sungetc_r
 .text.__ssrefill_r
                0x08007bae       0x3a c:/Users/joabk/AppData/Roaming/Code/User/globalStorage/bmd.stm32-for-vscode/@xpack-dev-tools/arm-none-eabi-gcc/13.3.1-1.1.1/.content/bin/../lib/gcc/arm-none-eabi/13.3.1/../../../../arm-none-eabi/lib/thumb/v7e-m+fp/hard\libc_nano.a(libc_a-nano-svfscanf.o)
                0x08007bae                __ssrefill_r
 .text.__ssvfscanf_r
                0x08007be8      0x2ec c:/Users/joabk/AppData/Roaming/Code/User/globalStorage/bmd.stm32-for-vscode/@xpack-dev-tools/arm-none-eabi-gcc/13.3.1-1.1.1/.content/bin/../lib/gcc/arm-none-eabi/13.3.1/../../../../arm-none-eabi/lib/thumb/v7e-m+fp/hard\libc_nano.a(libc_a-nano-svfscanf.o)
                0x08007be8                __ssvfiscanf_r
                0x08007be8                __ssvfscanf_r
 .text.__sfputc_r
                0x08007ed4       0x2e c:/Users/joabk/AppData/Roaming/Code/User/globalStorage/bmd.stm32-for-vscode/@xpack-dev-tools/arm-none-eabi-gcc/13.3.1-1.1.1/.content/bin/../lib/gcc/arm-none-eabi/13.3.1/../../../../arm-none-eabi/lib/thumb/v7e-m+fp/hard\libc_nano.a(libc_a-nano-vfprintf.o)
 .text.__sfputs_r
                0x08007f02       0x24 c:/Users/joabk/AppData/Roaming/Code/User/globalStorage/bmd.stm32-for-vscode/@xpack-dev-tools/arm-none-eabi-gcc/13.3.1-1.1.1/.content/bin/../lib/gcc/arm-none-eabi/13.3.1/../../../../arm-none-eabi/lib/thumb/v7e-m+fp/hard\libc_nano.a(libc_a-nano-vfprintf.o)
                0x08007f02                __sfputs_r
 *fill*         0x08007f26        0x2 
 .text._vfprintf_r
                0x08007f28      0x230 c:/Users/joabk/AppData/Roaming/Code/User/globalStorage/bmd.stm32-for-vscode/@xpack-dev-tools/arm-none-eabi-gcc/13.3.1-1.1.1/.content/bin/../lib/gcc/arm-none-eabi/13.3.1/../../../../arm-none-eabi/lib/thumb/v7e-m+fp/hard\libc_nano.a(libc_a-nano-vfprintf.o)
                0x08007f28                _vfprintf_r
                0x08007f28                _vfiprintf_r
 .text._scanf_chars
                0x08008158       0xb4 c:/Users/joabk/AppData/Roaming/Code/User/globalStorage/bmd.stm32-for-vscode/@xpack-dev-tools/arm-none-eabi-gcc/13.3.1-1.1.1/.content/bin/../lib/gcc/arm-none-eabi/13.3.1/../../../../arm-none-eabi/lib/thumb/v7e-m+fp/hard\libc_nano.a(libc_a-nano-vfscanf_i.o)
                0x08008158                _scanf_chars
 .text._scanf_i
                0x0800820c      0x1e8 c:/Users/joabk/AppData/Roaming/Code/User/globalStorage/bmd.stm32-for-vscode/@xpack-dev-tools/arm-none-eabi-gcc/13.3.1-1.1.1/.content/bin/../lib/gcc/arm-none-eabi/13.3.1/../../../../arm-none-eabi/lib/thumb/v7e-m+fp/hard\libc_nano.a(libc_a-nano-vfscanf_i.o)
                0x0800820c                _scanf_i
 .text.__sccl   0x080083f4       0x72 c:/Users/joabk/AppData/Roaming/Code/User/globalStorage/bmd.stm32-for-vscode/@xpack-dev-tools/arm-none-eabi-gcc/13.3.1-1.1.1/.content/bin/../lib/gcc/arm-none-eabi/13.3.1/../../../../arm-none-eabi/lib/thumb/v7e-m+fp/hard\libc_nano.a(libc_a-sccl.o)
                0x080083f4                __sccl
 .text.__submore
                0x08008466       0x74 c:/Users/joabk/AppData/Roaming/Code/User/globalStorage/bmd.stm32-for-vscode/@xpack-dev-tools/arm-none-eabi-gcc/13.3.1-1.1.1/.content/bin/../lib/gcc/arm-none-eabi/13.3.1/../../../../arm-none-eabi/lib/thumb/v7e-m+fp/hard\libc_nano.a(libc_a-ungetc.o)
                0x08008466                __submore
 .text.__swbuf_r
                0x080084da       0x7c c:/Users/joabk/AppData/Roaming/Code/User/globalStorage/bmd.stm32-for-vscode/@xpack-dev-tools/arm-none-eabi-gcc/13.3.1-1.1.1/.content/bin/../lib/gcc/arm-none-eabi/13.3.1/../../../../arm-none-eabi/lib/thumb/v7e-m+fp/hard\libc_nano.a(libc_a-wbuf.o)
                0x080084da                __swbuf_r
 *fill*         0x08008556        0x2 
 .text.__swsetup_r
                0x08008558       0xac c:/Users/joabk/AppData/Roaming/Code/User/globalStorage/bmd.stm32-for-vscode/@xpack-dev-tools/arm-none-eabi-gcc/13.3.1-1.1.1/.content/bin/../lib/gcc/arm-none-eabi/13.3.1/../../../../arm-none-eabi/lib/thumb/v7e-m+fp/hard\libc_nano.a(libc_a-wsetup.o)
                0x08008558                __swsetup_r
 .text._raise_r
                0x08008604       0x50 c:/Users/joabk/AppData/Roaming/Code/User/globalStorage/bmd.stm32-for-vscode/@xpack-dev-tools/arm-none-eabi-gcc/13.3.1-1.1.1/.content/bin/../lib/gcc/arm-none-eabi/13.3.1/../../../../arm-none-eabi/lib/thumb/v7e-m+fp/hard\libc_nano.a(libc_a-signal.o)
                0x08008604                _raise_r
 .text.raise    0x08008654       0x10 c:/Users/joabk/AppData/Roaming/Code/User/globalStorage/bmd.stm32-for-vscode/@xpack-dev-tools/arm-none-eabi-gcc/13.3.1-1.1.1/.content/bin/../lib/gcc/arm-none-eabi/13.3.1/../../../../arm-none-eabi/lib/thumb/v7e-m+fp/hard\libc_nano.a(libc_a-signal.o)
                0x08008654                raise
 .text._kill_r  0x08008664       0x24 c:/Users/joabk/AppData/Roaming/Code/User/globalStorage/bmd.stm32-for-vscode/@xpack-dev-tools/arm-none-eabi-gcc/13.3.1-1.1.1/.content/bin/../lib/gcc/arm-none-eabi/13.3.1/../../../../arm-none-eabi/lib/thumb/v7e-m+fp/hard\libc_nano.a(libc_a-signalr.o)
                0x08008664                _kill_r
 .text._getpid_r
                0x08008688        0x4 c:/Users/joabk/AppData/Roaming/Code/User/globalStorage/bmd.stm32-for-vscode/@xpack-dev-tools/arm-none-eabi-gcc/13.3.1-1.1.1/.content/bin/../lib/gcc/arm-none-eabi/13.3.1/../../../../arm-none-eabi/lib/thumb/v7e-m+fp/hard\libc_nano.a(libc_a-signalr.o)
                0x08008688                _getpid_r
 .text._malloc_usable_size_r
                0x0800868c       0x10 c:/Users/joabk/AppData/Roaming/Code/User/globalStorage/bmd.stm32-for-vscode/@xpack-dev-tools/arm-none-eabi-gcc/13.3.1-1.1.1/.content/bin/../lib/gcc/arm-none-eabi/13.3.1/../../../../arm-none-eabi/lib/thumb/v7e-m+fp/hard\libc_nano.a(libc_a-msizer.o)
                0x0800868c                _malloc_usable_size_r
 .text._strtol_l.isra.0
                0x0800869c       0xf4 c:/Users/joabk/AppData/Roaming/Code/User/globalStorage/bmd.stm32-for-vscode/@xpack-dev-tools/arm-none-eabi-gcc/13.3.1-1.1.1/.content/bin/../lib/gcc/arm-none-eabi/13.3.1/../../../../arm-none-eabi/lib/thumb/v7e-m+fp/hard\libc_nano.a(libc_a-strtol.o)
 .text._strtol_r
                0x08008790        0x4 c:/Users/joabk/AppData/Roaming/Code/User/globalStorage/bmd.stm32-for-vscode/@xpack-dev-tools/arm-none-eabi-gcc/13.3.1-1.1.1/.content/bin/../lib/gcc/arm-none-eabi/13.3.1/../../../../arm-none-eabi/lib/thumb/v7e-m+fp/hard\libc_nano.a(libc_a-strtol.o)
                0x08008790                _strtol_r
 .text.__swhatbuf_r
                0x08008794       0x4c c:/Users/joabk/AppData/Roaming/Code/User/globalStorage/bmd.stm32-for-vscode/@xpack-dev-tools/arm-none-eabi-gcc/13.3.1-1.1.1/.content/bin/../lib/gcc/arm-none-eabi/13.3.1/../../../../arm-none-eabi/lib/thumb/v7e-m+fp/hard\libc_nano.a(libc_a-makebuf.o)
                0x08008794                __swhatbuf_r
 .text.__smakebuf_r
                0x080087e0       0x78 c:/Users/joabk/AppData/Roaming/Code/User/globalStorage/bmd.stm32-for-vscode/@xpack-dev-tools/arm-none-eabi-gcc/13.3.1-1.1.1/.content/bin/../lib/gcc/arm-none-eabi/13.3.1/../../../../arm-none-eabi/lib/thumb/v7e-m+fp/hard\libc_nano.a(libc_a-makebuf.o)
                0x080087e0                __smakebuf_r
 .text._fstat_r
                0x08008858       0x24 c:/Users/joabk/AppData/Roaming/Code/User/globalStorage/bmd.stm32-for-vscode/@xpack-dev-tools/arm-none-eabi-gcc/13.3.1-1.1.1/.content/bin/../lib/gcc/arm-none-eabi/13.3.1/../../../../arm-none-eabi/lib/thumb/v7e-m+fp/hard\libc_nano.a(libc_a-fstatr.o)
                0x08008858                _fstat_r
 .text._isatty_r
                0x0800887c       0x20 c:/Users/joabk/AppData/Roaming/Code/User/globalStorage/bmd.stm32-for-vscode/@xpack-dev-tools/arm-none-eabi-gcc/13.3.1-1.1.1/.content/bin/../lib/gcc/arm-none-eabi/13.3.1/../../../../arm-none-eabi/lib/thumb/v7e-m+fp/hard\libc_nano.a(libc_a-isattyr.o)
                0x0800887c                _isatty_r
 .text.__udivmoddi4
                0x0800889c      0x2bc c:/Users/joabk/AppData/Roaming/Code/User/globalStorage/bmd.stm32-for-vscode/@xpack-dev-tools/arm-none-eabi-gcc/13.3.1-1.1.1/.content/bin/../lib/gcc/arm-none-eabi/13.3.1/thumb/v7e-m+fp/hard\libgcc.a(_udivmoddi4.o)
                0x0800889c                __udivmoddi4
 *(.glue_7)
 .glue_7        0x08008b58        0x0 linker stubs
 *(.glue_7t)
 .glue_7t       0x08008b58        0x0 linker stubs
 *(.eh_frame)
 .eh_frame      0x08008b58        0x0 c:/Users/joabk/AppData/Roaming/Code/User/globalStorage/bmd.stm32-for-vscode/@xpack-dev-tools/arm-none-eabi-gcc/13.3.1-1.1.1/.content/bin/../lib/gcc/arm-none-eabi/13.3.1/thumb/v7e-m+fp/hard/crtbegin.o
 *(.init)
 .init          0x08008b58        0x4 c:/Users/joabk/AppData/Roaming/Code/User/globalStorage/bmd.stm32-for-vscode/@xpack-dev-tools/arm-none-eabi-gcc/13.3.1-1.1.1/.content/bin/../lib/gcc/arm-none-eabi/13.3.1/thumb/v7e-m+fp/hard/crti.o
                0x08008b58                _init
 .init          0x08008b5c        0x8 c:/Users/joabk/AppData/Roaming/Code/User/globalStorage/bmd.stm32-for-vscode/@xpack-dev-tools/arm-none-eabi-gcc/13.3.1-1.1.1/.content/bin/../lib/gcc/arm-none-eabi/13.3.1/thumb/v7e-m+fp/hard/crtn.o
 *(.fini)
 .fini          0x08008b64        0x4 c:/Users/joabk/AppData/Roaming/Code/User/globalStorage/bmd.stm32-for-vscode/@xpack-dev-tools/arm-none-eabi-gcc/13.3.1-1.1.1/.content/bin/../lib/gcc/arm-none-eabi/13.3.1/thumb/v7e-m+fp/hard/crti.o
                0x08008b64                _fini
 .fini          0x08008b68        0x8 c:/Users/joabk/AppData/Roaming/Code/User/globalStorage/bmd.stm32-for-vscode/@xpack-dev-tools/arm-none-eabi-gcc/13.3.1-1.1.1/.content/bin/../lib/gcc/arm-none-eabi/13.3.1/thumb/v7e-m+fp/hard/crtn.o
                0x08008b70                        . = ALIGN (0x4)
                0x08008b70                        _etext = .

.vfp11_veneer   0x08008b70        0x0
 .vfp11_veneer  0x08008b70        0x0 linker stubs

.v4_bx          0x08008b70        0x0
 .v4_bx         0x08008b70        0x0 linker stubs

.iplt           0x08008b70        0x0
 .iplt          0x08008b70        0x0 c:/Users/joabk/AppData/Roaming/Code/User/globalStorage/bmd.stm32-for-vscode/@xpack-dev-tools/arm-none-eabi-gcc/13.3.1-1.1.1/.content/bin/../lib/gcc/arm-none-eabi/13.3.1/thumb/v7e-m+fp/hard/crtbegin.o

.rodata         0x08008b70      0xf0c
                0x08008b70                        . = ALIGN (0x4)
 *(.rodata)
 .rodata        0x08008b70        0xc c:/Users/joabk/AppData/Roaming/Code/User/globalStorage/bmd.stm32-for-vscode/@xpack-dev-tools/arm-none-eabi-gcc/13.3.1-1.1.1/.content/bin/../lib/gcc/arm-none-eabi/13.3.1/../../../../arm-none-eabi/lib/thumb/v7e-m+fp/hard\libc_nano.a(libc_a-nano-vfscanf_i.o)
 *(.rodata*)
 .rodata.SX1278_CRC_Sum
                0x08008b7c        0x2 build/debug/SX1278.o
 *fill*         0x08008b7e        0x2 
 .rodata.SX1278_CodingRate
                0x08008b80        0x4 build/debug/SX1278.o
 .rodata.SX1278_LoRaBandwidth
                0x08008b84        0xa build/debug/SX1278.o
 *fill*         0x08008b8e        0x2 
 .rodata.SX1278_SpreadFactor
                0x08008b90        0x7 build/debug/SX1278.o
 *fill*         0x08008b97        0x1 
 .rodata.SX1278_Power
                0x08008b98        0x4 build/debug/SX1278.o
 .rodata.Font7x10
                0x08008b9c      0x76c build/debug/fonts.o
 .rodata.Atlas_Sleep.str1.4
                0x08009308      0x18d build/debug/main.o
                                  0x6 (size before relaxing)
 .rodata.main.str1.4
                0x08009495      0x185 build/debug/main.o
 *fill*         0x08009495        0x3 
 .rodata.flagBitshiftOffset.0
                0x08009498        0x8 build/debug/stm32f4xx_hal_dma.o
 .rodata.APBPrescTable
                0x080094a0        0x8 build/debug/system_stm32f4xx.o
                0x080094a0                APBPrescTable
 .rodata.AHBPrescTable
                0x080094a8       0x10 build/debug/system_stm32f4xx.o
                0x080094a8                AHBPrescTable
 .rodata.localtime.str1.1
                0x080094b8      0x303 c:/Users/joabk/AppData/Roaming/Code/User/globalStorage/bmd.stm32-for-vscode/@xpack-dev-tools/arm-none-eabi-gcc/13.3.1-1.1.1/.content/bin/../lib/gcc/arm-none-eabi/13.3.1/../../../../arm-none-eabi/lib/thumb/v7e-m+fp/hard\libc_nano.a(libc_a-lcltime.o)
                                 0x9a (size before relaxing)
 *fill*         0x080097bb        0x1 
 .rodata._DAYS_BEFORE_MONTH
                0x080097bc       0x30 c:/Users/joabk/AppData/Roaming/Code/User/globalStorage/bmd.stm32-for-vscode/@xpack-dev-tools/arm-none-eabi-gcc/13.3.1-1.1.1/.content/bin/../lib/gcc/arm-none-eabi/13.3.1/../../../../arm-none-eabi/lib/thumb/v7e-m+fp/hard\libc_nano.a(libc_a-mktime.o)
 .rodata.DAYS_IN_MONTH
                0x080097ec       0x30 c:/Users/joabk/AppData/Roaming/Code/User/globalStorage/bmd.stm32-for-vscode/@xpack-dev-tools/arm-none-eabi-gcc/13.3.1-1.1.1/.content/bin/../lib/gcc/arm-none-eabi/13.3.1/../../../../arm-none-eabi/lib/thumb/v7e-m+fp/hard\libc_nano.a(libc_a-mktime.o)
 .rodata.__month_lengths
                0x0800981c       0x60 c:/Users/joabk/AppData/Roaming/Code/User/globalStorage/bmd.stm32-for-vscode/@xpack-dev-tools/arm-none-eabi-gcc/13.3.1-1.1.1/.content/bin/../lib/gcc/arm-none-eabi/13.3.1/../../../../arm-none-eabi/lib/thumb/v7e-m+fp/hard\libc_nano.a(libc_a-month_lengths.o)
                0x0800981c                __month_lengths
 .rodata.__strftime.isra.0.str1.1
                0x0800987c       0x7a c:/Users/joabk/AppData/Roaming/Code/User/globalStorage/bmd.stm32-for-vscode/@xpack-dev-tools/arm-none-eabi-gcc/13.3.1-1.1.1/.content/bin/../lib/gcc/arm-none-eabi/13.3.1/../../../../arm-none-eabi/lib/thumb/v7e-m+fp/hard\libc_nano.a(libc_a-strftime.o)
 .rodata._tzset_unlocked_r.str1.1
                0x0800987c       0x61 c:/Users/joabk/AppData/Roaming/Code/User/globalStorage/bmd.stm32-for-vscode/@xpack-dev-tools/arm-none-eabi-gcc/13.3.1-1.1.1/.content/bin/../lib/gcc/arm-none-eabi/13.3.1/../../../../arm-none-eabi/lib/thumb/v7e-m+fp/hard\libc_nano.a(libc_a-tzset_r.o)
 .rodata.str1.1
                0x0800987c        0x4 c:/Users/joabk/AppData/Roaming/Code/User/globalStorage/bmd.stm32-for-vscode/@xpack-dev-tools/arm-none-eabi-gcc/13.3.1-1.1.1/.content/bin/../lib/gcc/arm-none-eabi/13.3.1/../../../../arm-none-eabi/lib/thumb/v7e-m+fp/hard\libc_nano.a(libc_a-tzvars.o)
 .rodata.str1.1
                0x0800987c      0x12c c:/Users/joabk/AppData/Roaming/Code/User/globalStorage/bmd.stm32-for-vscode/@xpack-dev-tools/arm-none-eabi-gcc/13.3.1-1.1.1/.content/bin/../lib/gcc/arm-none-eabi/13.3.1/../../../../arm-none-eabi/lib/thumb/v7e-m+fp/hard\libc_nano.a(libc_a-timelocal.o)
 .rodata._C_time_locale
                0x0800987c       0xfc c:/Users/joabk/AppData/Roaming/Code/User/globalStorage/bmd.stm32-for-vscode/@xpack-dev-tools/arm-none-eabi-gcc/13.3.1-1.1.1/.content/bin/../lib/gcc/arm-none-eabi/13.3.1/../../../../arm-none-eabi/lib/thumb/v7e-m+fp/hard\libc_nano.a(libc_a-timelocal.o)
                0x0800987c                _C_time_locale
 .rodata.__assert_func.str1.1
                0x08009978       0x3d c:/Users/joabk/AppData/Roaming/Code/User/globalStorage/bmd.stm32-for-vscode/@xpack-dev-tools/arm-none-eabi-gcc/13.3.1-1.1.1/.content/bin/../lib/gcc/arm-none-eabi/13.3.1/../../../../arm-none-eabi/lib/thumb/v7e-m+fp/hard\libc_nano.a(libc_a-assert.o)
 .rodata._ctype_
                0x08009978      0x101 c:/Users/joabk/AppData/Roaming/Code/User/globalStorage/bmd.stm32-for-vscode/@xpack-dev-tools/arm-none-eabi-gcc/13.3.1-1.1.1/.content/bin/../lib/gcc/arm-none-eabi/13.3.1/../../../../arm-none-eabi/lib/thumb/v7e-m+fp/hard\libc_nano.a(libc_a-ctype_.o)
                0x08009978                _ctype_
 .rodata._svfprintf_r.str1.1
                0x08009a79       0x11 c:/Users/joabk/AppData/Roaming/Code/User/globalStorage/bmd.stm32-for-vscode/@xpack-dev-tools/arm-none-eabi-gcc/13.3.1-1.1.1/.content/bin/../lib/gcc/arm-none-eabi/13.3.1/../../../../arm-none-eabi/lib/thumb/v7e-m+fp/hard\libc_nano.a(libc_a-nano-svfprintf.o)
 .rodata._printf_i.str1.1
                0x08009a79       0x22 c:/Users/joabk/AppData/Roaming/Code/User/globalStorage/bmd.stm32-for-vscode/@xpack-dev-tools/arm-none-eabi-gcc/13.3.1-1.1.1/.content/bin/../lib/gcc/arm-none-eabi/13.3.1/../../../../arm-none-eabi/lib/thumb/v7e-m+fp/hard\libc_nano.a(libc_a-nano-vfprintf_i.o)
 .rodata.__ssvfscanf_r.str1.1
                0x08009a79        0x4 c:/Users/joabk/AppData/Roaming/Code/User/globalStorage/bmd.stm32-for-vscode/@xpack-dev-tools/arm-none-eabi-gcc/13.3.1-1.1.1/.content/bin/../lib/gcc/arm-none-eabi/13.3.1/../../../../arm-none-eabi/lib/thumb/v7e-m+fp/hard\libc_nano.a(libc_a-nano-svfscanf.o)
 .rodata._vfprintf_r.str1.1
                0x08009a79       0x11 c:/Users/joabk/AppData/Roaming/Code/User/globalStorage/bmd.stm32-for-vscode/@xpack-dev-tools/arm-none-eabi-gcc/13.3.1-1.1.1/.content/bin/../lib/gcc/arm-none-eabi/13.3.1/../../../../arm-none-eabi/lib/thumb/v7e-m+fp/hard\libc_nano.a(libc_a-nano-vfprintf.o)
 .rodata._scanf_i.str1.1
                0x08009a79       0x12 c:/Users/joabk/AppData/Roaming/Code/User/globalStorage/bmd.stm32-for-vscode/@xpack-dev-tools/arm-none-eabi-gcc/13.3.1-1.1.1/.content/bin/../lib/gcc/arm-none-eabi/13.3.1/../../../../arm-none-eabi/lib/thumb/v7e-m+fp/hard\libc_nano.a(libc_a-nano-vfscanf_i.o)
 .rodata.str1.1
                0x08009a79        0x9 c:/Users/joabk/AppData/Roaming/Code/User/globalStorage/bmd.stm32-for-vscode/@xpack-dev-tools/arm-none-eabi-gcc/13.3.1-1.1.1/.content/bin/../lib/gcc/arm-none-eabi/13.3.1/../../../../arm-none-eabi/lib/thumb/v7e-m+fp/hard\libc_nano.a(libc_a-nano-vfscanf_i.o)
                0x08009a9c                        . = ALIGN (0x4)
 *fill*         0x08009a79        0x3 

.ARM.extab      0x08009a7c        0x0
                0x08009a7c                        . = ALIGN (0x4)
 *(.ARM.extab* .gnu.linkonce.armextab.*)
                0x08009a7c                        . = ALIGN (0x4)

.ARM            0x08009a7c        0x8
                0x08009a7c                        . = ALIGN (0x4)
                0x08009a7c                        __exidx_start = .
 *(.ARM.exidx*)
 .ARM.exidx     0x08009a7c        0x8 c:/Users/joabk/AppData/Roaming/Code/User/globalStorage/bmd.stm32-for-vscode/@xpack-dev-tools/arm-none-eabi-gcc/13.3.1-1.1.1/.content/bin/../lib/gcc/arm-none-eabi/13.3.1/../../../../arm-none-eabi/lib/thumb/v7e-m+fp/hard\libc_nano.a(libc_a-strcmp.o)
 .ARM.exidx     0x08009a84        0x0 c:/Users/joabk/AppData/Roaming/Code/User/globalStorage/bmd.stm32-for-vscode/@xpack-dev-tools/arm-none-eabi-gcc/13.3.1-1.1.1/.content/bin/../lib/gcc/arm-none-eabi/13.3.1/../../../../arm-none-eabi/lib/thumb/v7e-m+fp/hard\libc_nano.a(libc_a-strlen.o)
                                  0x8 (size before relaxing)
 .ARM.exidx     0x08009a84        0x0 c:/Users/joabk/AppData/Roaming/Code/User/globalStorage/bmd.stm32-for-vscode/@xpack-dev-tools/arm-none-eabi-gcc/13.3.1-1.1.1/.content/bin/../lib/gcc/arm-none-eabi/13.3.1/../../../../arm-none-eabi/lib/thumb/v7e-m+fp/hard\libc_nano.a(libc_a-memchr.o)
                                  0x8 (size before relaxing)
 .ARM.exidx.text.__udivmoddi4
                0x08009a84        0x0 c:/Users/joabk/AppData/Roaming/Code/User/globalStorage/bmd.stm32-for-vscode/@xpack-dev-tools/arm-none-eabi-gcc/13.3.1-1.1.1/.content/bin/../lib/gcc/arm-none-eabi/13.3.1/thumb/v7e-m+fp/hard\libgcc.a(_udivmoddi4.o)
                                  0x8 (size before relaxing)
                0x08009a84                        __exidx_end = .
                0x08009a84                        . = ALIGN (0x4)

.preinit_array  0x08009a84        0x0
                0x08009a84                        . = ALIGN (0x4)
                0x08009a84                        PROVIDE (__preinit_array_start = .)
 *(.preinit_array*)
                0x08009a84                        PROVIDE (__preinit_array_end = .)
                0x08009a84                        . = ALIGN (0x4)

.init_array     0x08009a84        0x4
                0x08009a84                        . = ALIGN (0x4)
                0x08009a84                        PROVIDE (__init_array_start = .)
 *(SORT_BY_NAME(.init_array.*))
 *(.init_array*)
 .init_array    0x08009a84        0x4 c:/Users/joabk/AppData/Roaming/Code/User/globalStorage/bmd.stm32-for-vscode/@xpack-dev-tools/arm-none-eabi-gcc/13.3.1-1.1.1/.content/bin/../lib/gcc/arm-none-eabi/13.3.1/thumb/v7e-m+fp/hard/crtbegin.o
                0x08009a88                        PROVIDE (__init_array_end = .)
                0x08009a88                        . = ALIGN (0x4)

.fini_array     0x08009a88        0x4
                0x08009a88                        . = ALIGN (0x4)
                0x08009a88                        PROVIDE (__fini_array_start = .)
 *(SORT_BY_NAME(.fini_array.*))
 *(.fini_array*)
 .fini_array    0x08009a88        0x4 c:/Users/joabk/AppData/Roaming/Code/User/globalStorage/bmd.stm32-for-vscode/@xpack-dev-tools/arm-none-eabi-gcc/13.3.1-1.1.1/.content/bin/../lib/gcc/arm-none-eabi/13.3.1/thumb/v7e-m+fp/hard/crtbegin.o
                0x08009a8c                        PROVIDE (__fini_array_end = .)
                0x08009a8c                        . = ALIGN (0x4)
                0x08009a8c                        _sidata = LOADADDR (.data)

.rel.dyn        0x08009a8c        0x0
 .rel.iplt      0x08009a8c        0x0 c:/Users/joabk/AppData/Roaming/Code/User/globalStorage/bmd.stm32-for-vscode/@xpack-dev-tools/arm-none-eabi-gcc/13.3.1-1.1.1/.content/bin/../lib/gcc/arm-none-eabi/13.3.1/thumb/v7e-m+fp/hard/crtbegin.o

.data           0x20000000      0x108 load address 0x08009a8c
                0x20000000                        . = ALIGN (0x4)
                0x20000000                        _sdata = .
 *(.data)
 *(.data*)
 .data.Font_7x10
                0x20000000        0x8 build/debug/fonts.o
                0x20000000                Font_7x10
 .data.Measure_Tim
                0x20000008        0x4 build/debug/main.o
                0x20000008                Measure_Tim
 .data.Live_Tim
                0x2000000c        0x4 build/debug/main.o
                0x2000000c                Live_Tim
 .data.LED_Tim  0x20000010        0x4 build/debug/main.o
                0x20000010                LED_Tim
 .data.Lora_SPI
                0x20000014        0x4 build/debug/main.o
                0x20000014                Lora_SPI
 .data.RTC_I2C  0x20000018        0x4 build/debug/main.o
                0x20000018                RTC_I2C
 .data.Oled_I2C
                0x2000001c        0x4 build/debug/main.o
                0x2000001c                Oled_I2C
 .data.Atlas_I2C
                0x20000020        0x4 build/debug/main.o
                0x20000020                Atlas_I2C
 .data.uwTickFreq
                0x20000024        0x1 build/debug/stm32f4xx_hal.o
                0x20000024                uwTickFreq
 *fill*         0x20000025        0x3 
 .data.uwTickPrio
                0x20000028        0x4 build/debug/stm32f4xx_hal.o
                0x20000028                uwTickPrio
 .data.environ  0x2000002c        0x4 build/debug/syscalls.o
                0x2000002c                environ
 .data.SystemCoreClock
                0x20000030        0x4 build/debug/system_stm32f4xx.o
                0x20000030                SystemCoreClock
 .data.USER_Driver
                0x20000034       0x14 build/debug/user_diskio.o
                0x20000034                USER_Driver
 .data.Stat     0x20000048        0x1 build/debug/user_diskio_spi.o
 *fill*         0x20000049        0x3 
 .data.__sglue  0x2000004c        0xc c:/Users/joabk/AppData/Roaming/Code/User/globalStorage/bmd.stm32-for-vscode/@xpack-dev-tools/arm-none-eabi-gcc/13.3.1-1.1.1/.content/bin/../lib/gcc/arm-none-eabi/13.3.1/../../../../arm-none-eabi/lib/thumb/v7e-m+fp/hard\libc_nano.a(libc_a-findfp.o)
                0x2000004c                __sglue
 .data._tzname  0x20000058        0x8 c:/Users/joabk/AppData/Roaming/Code/User/globalStorage/bmd.stm32-for-vscode/@xpack-dev-tools/arm-none-eabi-gcc/13.3.1-1.1.1/.content/bin/../lib/gcc/arm-none-eabi/13.3.1/../../../../arm-none-eabi/lib/thumb/v7e-m+fp/hard\libc_nano.a(libc_a-tzvars.o)
                0x20000058                _tzname
 .data._impure_ptr
                0x20000060        0x4 c:/Users/joabk/AppData/Roaming/Code/User/globalStorage/bmd.stm32-for-vscode/@xpack-dev-tools/arm-none-eabi-gcc/13.3.1-1.1.1/.content/bin/../lib/gcc/arm-none-eabi/13.3.1/../../../../arm-none-eabi/lib/thumb/v7e-m+fp/hard\libc_nano.a(libc_a-impure.o)
                0x20000060                _impure_ptr
 .data._impure_data
                0x20000064       0x4c c:/Users/joabk/AppData/Roaming/Code/User/globalStorage/bmd.stm32-for-vscode/@xpack-dev-tools/arm-none-eabi-gcc/13.3.1-1.1.1/.content/bin/../lib/gcc/arm-none-eabi/13.3.1/../../../../arm-none-eabi/lib/thumb/v7e-m+fp/hard\libc_nano.a(libc_a-impure.o)
                0x20000064                _impure_data
 .data.tzinfo   0x200000b0       0x58 c:/Users/joabk/AppData/Roaming/Code/User/globalStorage/bmd.stm32-for-vscode/@xpack-dev-tools/arm-none-eabi-gcc/13.3.1-1.1.1/.content/bin/../lib/gcc/arm-none-eabi/13.3.1/../../../../arm-none-eabi/lib/thumb/v7e-m+fp/hard\libc_nano.a(libc_a-gettzinfo.o)
 *(.RamFunc)
 *(.RamFunc*)
                0x20000108                        . = ALIGN (0x4)
                0x20000108                        _edata = .

.igot.plt       0x20000108        0x0 load address 0x08009b94
 .igot.plt      0x20000108        0x0 c:/Users/joabk/AppData/Roaming/Code/User/globalStorage/bmd.stm32-for-vscode/@xpack-dev-tools/arm-none-eabi-gcc/13.3.1-1.1.1/.content/bin/../lib/gcc/arm-none-eabi/13.3.1/thumb/v7e-m+fp/hard/crtbegin.o
                0x20000108                        . = ALIGN (0x4)

.bss            0x20000108      0xaf0 load address 0x08009b94
                0x20000108                        _sbss = .
                0x20000108                        __bss_start__ = _sbss
 *(.bss)
 *(.bss*)
 .bss.completed.1
                0x20000108        0x1 c:/Users/joabk/AppData/Roaming/Code/User/globalStorage/bmd.stm32-for-vscode/@xpack-dev-tools/arm-none-eabi-gcc/13.3.1-1.1.1/.content/bin/../lib/gcc/arm-none-eabi/13.3.1/thumb/v7e-m+fp/hard/crtbegin.o
 *fill*         0x20000109        0x3 
 .bss.object.0  0x2000010c       0x18 c:/Users/joabk/AppData/Roaming/Code/User/globalStorage/bmd.stm32-for-vscode/@xpack-dev-tools/arm-none-eabi-gcc/13.3.1-1.1.1/.content/bin/../lib/gcc/arm-none-eabi/13.3.1/thumb/v7e-m+fp/hard/crtbegin.o
 .bss.USERPath  0x20000124        0x4 build/debug/fatfs.o
                0x20000124                USERPath
 .bss.retUSER   0x20000128        0x1 build/debug/fatfs.o
                0x20000128                retUSER
 *fill*         0x20000129        0x3 
 .bss.disk      0x2000012c        0xc build/debug/ff_gen_drv.o
                0x2000012c                disk
 .bss.Atlas_measure
                0x20000138        0x1 build/debug/main.o
                0x20000138                Atlas_measure
 .bss.Atlas_Send_live
                0x20000139        0x1 build/debug/main.o
                0x20000139                Atlas_Send_live
 .bss.Atlas4_Connected
                0x2000013a        0x1 build/debug/main.o
                0x2000013a                Atlas4_Connected
 .bss.Atlas3_Connected
                0x2000013b        0x1 build/debug/main.o
                0x2000013b                Atlas3_Connected
 .bss.Atlas2_Connected
                0x2000013c        0x1 build/debug/main.o
                0x2000013c                Atlas2_Connected
 .bss.Atlas1_Connected
                0x2000013d        0x1 build/debug/main.o
                0x2000013d                Atlas1_Connected
 .bss.SD_Connected
                0x2000013e        0x1 build/debug/main.o
                0x2000013e                SD_Connected
 .bss.RTC_Update_Oled
                0x2000013f        0x1 build/debug/main.o
                0x2000013f                RTC_Update_Oled
 .bss.RTC_Connected
                0x20000140        0x1 build/debug/main.o
                0x20000140                RTC_Connected
 .bss.OLED_Connected
                0x20000141        0x1 build/debug/main.o
                0x20000141                OLED_Connected
 .bss.LoRa_RX_Flag
                0x20000142        0x1 build/debug/main.o
                0x20000142                LoRa_RX_Flag
 .bss.LoRa_Connected
                0x20000143        0x1 build/debug/main.o
                0x20000143                LoRa_Connected
 .bss.connected_buffer
                0x20000144       0x14 build/debug/main.o
                0x20000144                connected_buffer
 .bss.Mode      0x20000158        0x1 build/debug/main.o
                0x20000158                Mode
 .bss.Mode_Changed
                0x20000159        0x1 build/debug/main.o
                0x20000159                Mode_Changed
 *fill*         0x2000015a        0x2 
 .bss.mode_buffer
                0x2000015c        0x3 build/debug/main.o
                0x2000015c                mode_buffer
 *fill*         0x2000015f        0x1 
 .bss.Atlas_Buffer_4
                0x20000160       0x11 build/debug/main.o
                0x20000160                Atlas_Buffer_4
 *fill*         0x20000171        0x3 
 .bss.Atlas_Buffer_3
                0x20000174       0x11 build/debug/main.o
                0x20000174                Atlas_Buffer_3
 *fill*         0x20000185        0x3 
 .bss.Atlas_Buffer_2
                0x20000188       0x11 build/debug/main.o
                0x20000188                Atlas_Buffer_2
 *fill*         0x20000199        0x3 
 .bss.Atlas_Buffer_1
                0x2000019c       0x11 build/debug/main.o
                0x2000019c                Atlas_Buffer_1
 *fill*         0x200001ad        0x3 
 .bss.LoRa_TX_Buffer
                0x200001b0       0x64 build/debug/main.o
                0x200001b0                LoRa_TX_Buffer
 .bss.LoRa_RX_Length
                0x20000214        0x1 build/debug/main.o
                0x20000214                LoRa_RX_Length
 *fill*         0x20000215        0x3 
 .bss.LoRa_RX_Buffer
                0x20000218       0x32 build/debug/main.o
                0x20000218                LoRa_RX_Buffer
 *fill*         0x2000024a        0x6 
 .bss.SX1278    0x20000250      0x118 build/debug/main.o
                0x20000250                SX1278
 .bss.SX1278_hw
                0x20000368       0x1c build/debug/main.o
                0x20000368                SX1278_hw
 .bss.htim11    0x20000384       0x48 build/debug/main.o
                0x20000384                htim11
 .bss.htim10    0x200003cc       0x48 build/debug/main.o
                0x200003cc                htim10
 .bss.htim9     0x20000414       0x48 build/debug/main.o
                0x20000414                htim9
 .bss.hdma_spi1_rx
                0x2000045c       0x60 build/debug/main.o
                0x2000045c                hdma_spi1_rx
 .bss.hspi2     0x200004bc       0x58 build/debug/main.o
                0x200004bc                hspi2
 .bss.hspi1     0x20000514       0x58 build/debug/main.o
                0x20000514                hspi1
 .bss.hi2c3     0x2000056c       0x54 build/debug/main.o
                0x2000056c                hi2c3
 .bss.hi2c2     0x200005c0       0x54 build/debug/main.o
                0x200005c0                hi2c2
 .bss.hi2c1     0x20000614       0x54 build/debug/main.o
                0x20000614                hi2c1
 .bss.SSD1306   0x20000668        0x6 build/debug/ssd1306.o
 *fill*         0x2000066e        0x2 
 .bss.SSD1306_Buffer
                0x20000670      0x400 build/debug/ssd1306.o
 .bss.uwTick    0x20000a70        0x4 build/debug/stm32f4xx_hal.o
                0x20000a70                uwTick
 .bss.__env     0x20000a74        0x4 build/debug/syscalls.o
                0x20000a74                __env
 .bss.__sbrk_heap_end
                0x20000a78        0x4 build/debug/sysmem.o
 .bss.spiTimerTickDelay
                0x20000a7c        0x4 build/debug/user_diskio_spi.o
                0x20000a7c                spiTimerTickDelay
 .bss.spiTimerTickStart
                0x20000a80        0x4 build/debug/user_diskio_spi.o
                0x20000a80                spiTimerTickStart
 .bss.CardType  0x20000a84        0x1 build/debug/user_diskio_spi.o
 *fill*         0x20000a85        0x3 
 .bss.__sf      0x20000a88      0x138 c:/Users/joabk/AppData/Roaming/Code/User/globalStorage/bmd.stm32-for-vscode/@xpack-dev-tools/arm-none-eabi-gcc/13.3.1-1.1.1/.content/bin/../lib/gcc/arm-none-eabi/13.3.1/../../../../arm-none-eabi/lib/thumb/v7e-m+fp/hard\libc_nano.a(libc_a-findfp.o)
                0x20000a88                __sf
 .bss.__stdio_exit_handler
                0x20000bc0        0x4 c:/Users/joabk/AppData/Roaming/Code/User/globalStorage/bmd.stm32-for-vscode/@xpack-dev-tools/arm-none-eabi-gcc/13.3.1-1.1.1/.content/bin/../lib/gcc/arm-none-eabi/13.3.1/../../../../arm-none-eabi/lib/thumb/v7e-m+fp/hard\libc_nano.a(libc_a-findfp.o)
                0x20000bc0                __stdio_exit_handler
 .bss.prev_tzenv
                0x20000bc4        0x4 c:/Users/joabk/AppData/Roaming/Code/User/globalStorage/bmd.stm32-for-vscode/@xpack-dev-tools/arm-none-eabi-gcc/13.3.1-1.1.1/.content/bin/../lib/gcc/arm-none-eabi/13.3.1/../../../../arm-none-eabi/lib/thumb/v7e-m+fp/hard\libc_nano.a(libc_a-tzset_r.o)
 .bss.__tzname_dst
                0x20000bc8        0xc c:/Users/joabk/AppData/Roaming/Code/User/globalStorage/bmd.stm32-for-vscode/@xpack-dev-tools/arm-none-eabi-gcc/13.3.1-1.1.1/.content/bin/../lib/gcc/arm-none-eabi/13.3.1/../../../../arm-none-eabi/lib/thumb/v7e-m+fp/hard\libc_nano.a(libc_a-tzset_r.o)
 .bss.__tzname_std