Archive member included to satisfy reference by file (symbol)

c:/Users/joabk/AppData/Roaming/Code/User/globalStorage/bmd.stm32-for-vscode/@xpack-dev-tools/arm-none-eabi-gcc/13.3.1-1.1.1/.content/bin/../lib/gcc/arm-none-eabi/13.3.1/../../../../arm-none-eabi/lib/thumb/v7e-m+fp/hard\libc_nano.a(libc_a-atexit.o)
                              c:/Users/joabk/AppData/Roaming/Code/User/globalStorage/bmd.stm32-for-vscode/@xpack-dev-tools/arm-none-eabi-gcc/13.3.1-1.1.1/.content/bin/../lib/gcc/arm-none-eabi/13.3.1/../../../../arm-none-eabi/lib/thumb/v7e-m+fp/hard/crt0.o (atexit)
c:/Users/joabk/AppData/Roaming/Code/User/globalStorage/bmd.stm32-for-vscode/@xpack-dev-tools/arm-none-eabi-gcc/13.3.1-1.1.1/.content/bin/../lib/gcc/arm-none-eabi/13.3.1/../../../../arm-none-eabi/lib/thumb/v7e-m+fp/hard\libc_nano.a(libc_a-exit.o)
                              c:/Users/joabk/AppData/Roaming/Code/User/globalStorage/bmd.stm32-for-vscode/@xpack-dev-tools/arm-none-eabi-gcc/13.3.1-1.1.1/.content/bin/../lib/gcc/arm-none-eabi/13.3.1/../../../../arm-none-eabi/lib/thumb/v7e-m+fp/hard/crt0.o (exit)
c:/Users/joabk/AppData/Roaming/Code/User/globalStorage/bmd.stm32-for-vscode/@xpack-dev-tools/arm-none-eabi-gcc/13.3.1-1.1.1/.content/bin/../lib/gcc/arm-none-eabi/13.3.1/../../../../arm-none-eabi/lib/thumb/v7e-m+fp/hard\libc_nano.a(libc_a-findfp.o)
                              c:/Users/joabk/AppData/Roaming/Code/User/globalStorage/bmd.stm32-for-vscode/@xpack-dev-tools/arm-none-eabi-gcc/13.3.1-1.1.1/.content/bin/../lib/gcc/arm-none-eabi/13.3.1/../../../../arm-none-eabi/lib/thumb/v7e-m+fp/hard\libc_nano.a(libc_a-exit.o) (__stdio_exit_handler)
c:/Users/joabk/AppData/Roaming/Code/User/globalStorage/bmd.stm32-for-vscode/@xpack-dev-tools/arm-none-eabi-gcc/13.3.1-1.1.1/.content/bin/../lib/gcc/arm-none-eabi/13.3.1/../../../../arm-none-eabi/lib/thumb/v7e-m+fp/hard\libc_nano.a(libc_a-fwalk.o)
                              c:/Users/joabk/AppData/Roaming/Code/User/globalStorage/bmd.stm32-for-vscode/@xpack-dev-tools/arm-none-eabi-gcc/13.3.1-1.1.1/.content/bin/../lib/gcc/arm-none-eabi/13.3.1/../../../../arm-none-eabi/lib/thumb/v7e-m+fp/hard\libc_nano.a(libc_a-findfp.o) (_fwalk_sglue)
c:/Users/joabk/AppData/Roaming/Code/User/globalStorage/bmd.stm32-for-vscode/@xpack-dev-tools/arm-none-eabi-gcc/13.3.1-1.1.1/.content/bin/../lib/gcc/arm-none-eabi/13.3.1/../../../../arm-none-eabi/lib/thumb/v7e-m+fp/hard\libc_nano.a(libc_a-stdio.o)
                              c:/Users/joabk/AppData/Roaming/Code/User/globalStorage/bmd.stm32-for-vscode/@xpack-dev-tools/arm-none-eabi-gcc/13.3.1-1.1.1/.content/bin/../lib/gcc/arm-none-eabi/13.3.1/../../../../arm-none-eabi/lib/thumb/v7e-m+fp/hard\libc_nano.a(libc_a-findfp.o) (__sread)
c:/Users/joabk/AppData/Roaming/Code/User/globalStorage/bmd.stm32-for-vscode/@xpack-dev-tools/arm-none-eabi-gcc/13.3.1-1.1.1/.content/bin/../lib/gcc/arm-none-eabi/13.3.1/../../../../arm-none-eabi/lib/thumb/v7e-m+fp/hard\libc_nano.a(libc_a-memset.o)
                              c:/Users/joabk/AppData/Roaming/Code/User/globalStorage/bmd.stm32-for-vscode/@xpack-dev-tools/arm-none-eabi-gcc/13.3.1-1.1.1/.content/bin/../lib/gcc/arm-none-eabi/13.3.1/../../../../arm-none-eabi/lib/thumb/v7e-m+fp/hard/crt0.o (memset)
c:/Users/joabk/AppData/Roaming/Code/User/globalStorage/bmd.stm32-for-vscode/@xpack-dev-tools/arm-none-eabi-gcc/13.3.1-1.1.1/.content/bin/../lib/gcc/arm-none-eabi/13.3.1/../../../../arm-none-eabi/lib/thumb/v7e-m+fp/hard\libc_nano.a(libc_a-closer.o)
                              c:/Users/joabk/AppData/Roaming/Code/User/globalStorage/bmd.stm32-for-vscode/@xpack-dev-tools/arm-none-eabi-gcc/13.3.1-1.1.1/.content/bin/../lib/gcc/arm-none-eabi/13.3.1/../../../../arm-none-eabi/lib/thumb/v7e-m+fp/hard\libc_nano.a(libc_a-stdio.o) (_close_r)
c:/Users/joabk/AppData/Roaming/Code/User/globalStorage/bmd.stm32-for-vscode/@xpack-dev-tools/arm-none-eabi-gcc/13.3.1-1.1.1/.content/bin/../lib/gcc/arm-none-eabi/13.3.1/../../../../arm-none-eabi/lib/thumb/v7e-m+fp/hard\libc_nano.a(libc_a-reent.o)
                              c:/Users/joabk/AppData/Roaming/Code/User/globalStorage/bmd.stm32-for-vscode/@xpack-dev-tools/arm-none-eabi-gcc/13.3.1-1.1.1/.content/bin/../lib/gcc/arm-none-eabi/13.3.1/../../../../arm-none-eabi/lib/thumb/v7e-m+fp/hard\libc_nano.a(libc_a-closer.o) (errno)
c:/Users/joabk/AppData/Roaming/Code/User/globalStorage/bmd.stm32-for-vscode/@xpack-dev-tools/arm-none-eabi-gcc/13.3.1-1.1.1/.content/bin/../lib/gcc/arm-none-eabi/13.3.1/../../../../arm-none-eabi/lib/thumb/v7e-m+fp/hard\libc_nano.a(libc_a-impure.o)
                              c:/Users/joabk/AppData/Roaming/Code/User/globalStorage/bmd.stm32-for-vscode/@xpack-dev-tools/arm-none-eabi-gcc/13.3.1-1.1.1/.content/bin/../lib/gcc/arm-none-eabi/13.3.1/../../../../arm-none-eabi/lib/thumb/v7e-m+fp/hard\libc_nano.a(libc_a-reent.o) (_impure_ptr)
[...]
Memory Configuration

Name             Origin             Length             Attributes
RAM              0x20000000         0x00018000         xrw
FLASH            0x08000000         0x00080000         xr
*default*        0x00000000         0xffffffff

Linker script and memory map

LOAD c:/Users/joabk/AppData/Roaming/Code/User/globalStorage/bmd.stm32-for-vscode/@xpack-dev-tools/arm-none-eabi-gcc/13.3.1-1.1.1/.content/bin/../lib/gcc/arm-none-eabi/13.3.1/thumb/v7e-m+fp/hard/crti.o
LOAD c:/Users/joabk/AppData/Roaming/Code/User/globalStorage/bmd.stm32-for-vscode/@xpack-dev-tools/arm-none-eabi-gcc/13.3.1-1.1.1/.content/bin/../lib/gcc/arm-none-eabi/13.3.1/thumb/v7e-m+fp/hard/crtbegin.o
LOAD c:/Users/joabk/AppData/Roaming/Code/User/globalStorage/bmd.stm32-for-vscode/@xpack-dev-tools/arm-none-eabi-gcc/13.3.1-1.1.1/.content/bin/../lib/gcc/arm-none-eabi/13.3.1/../../../../arm-none-eabi/lib/thumb/v7e-m+fp/hard/crt0.o
LOAD build/debug/diskio.o
LOAD build/debug/fatfs.o
LOAD build/debug/ff.o
LOAD build/debug/ff_gen_drv.o
LOAD build/debug/fonts.o
LOAD build/debug/main.o
LOAD build/debug/ssd1306.o
LOAD build/debug/stm32f4xx_hal.o
LOAD build/debug/stm32f4xx_hal_cortex.o
LOAD build/debug/stm32f4xx_hal_dma.o
LOAD build/debug/stm32f4xx_hal_dma_ex.o
LOAD build/debug/stm32f4xx_hal_exti.o
LOAD build/debug/stm32f4xx_hal_flash.o
LOAD build/debug/stm32f4xx_hal_flash_ex.o
LOAD build/debug/stm32f4xx_hal_flash_ramfunc.o
LOAD build/debug/stm32f4xx_hal_gpio.o
LOAD build/debug/stm32f4xx_hal_i2c.o
LOAD build/debug/stm32f4xx_hal_i2c_ex.o
LOAD build/debug/stm32f4xx_hal_msp.o
LOAD build/debug/stm32f4xx_hal_pwr.o
LOAD build/debug/stm32f4xx_hal_pwr_ex.o
LOAD build/debug/stm32f4xx_hal_rcc.o
LOAD build/debug/stm32f4xx_hal_rcc_ex.o
LOAD build/debug/stm32f4xx_hal_spi.o
LOAD build/debug/stm32f4xx_hal_tim.o
LOAD build/debug/stm32f4xx_hal_tim_ex.o
LOAD build/debug/stm32f4xx_it.o
LOAD build/debug/syscall.o
LOAD build/debug/syscalls.o
LOAD build/debug/sysmem.o
LOAD build/debug/system_stm32f4xx.o
LOAD build/debug/user_diskio.o
LOAD build/debug/user_diskio_spi.o
LOAD build/debug/startup_stm32f401xe.o
LOAD c:/Users/joabk/AppData/Roaming/Code/User/globalStorage/bmd.stm32-for-vscode/@xpack-dev-tools/arm-none-eabi-gcc/13.3.1-1.1.1/.content/bin/../lib/gcc/arm-none-eabi/13.3.1/../../../../arm-none-eabi/lib/thumb/v7e-m+fp/hard\libc_nano.a
LOAD c:/Users/joabk/AppData/Roaming/Code/User/globalStorage/bmd.stm32-for-vscode/@xpack-dev-tools/arm-none-eabi-gcc/13.3.1-1.1.1/.content/bin/../lib/gcc/arm-none-eabi/13.3.1/../../../../arm-none-eabi/lib/thumb/v7e-m+fp/hard\libm.a
LOAD c:/Users/joabk/AppData/Roaming/Code/User/globalStorage/bmd.stm32-for-vscode/@xpack-dev-tools/arm-none-eabi-gcc/13.3.1-1.1.1/.content/bin/../lib/gcc/arm-none-eabi/13.3.1/../../../../arm-none-eabi/lib/thumb/v7e-m+fp/hard\libnosys.a
START GROUP
LOAD c:/Users/joabk/AppData/Roaming/Code/User/globalStorage/bmd.stm32-for-vscode/@xpack-dev-tools/arm-none-eabi-gcc/13.3.1-1.1.1/.content/bin/../lib/gcc/arm-none-eabi/13.3.1/thumb/v7e-m+fp/hard\libgcc.a
LOAD c:/Users/joabk/AppData/Roaming/Code/User/globalStorage/bmd.stm32-for-vscode/@xpack-dev-tools/arm-none-eabi-gcc/13.3.1-1.1.1/.content/bin/../lib/gcc/arm-none-eabi/13.3.1/../../../../arm-none-eabi/lib/thumb/v7e-m+fp/hard\libc_nano.a
END GROUP
START GROUP
LOAD c:/Users/joabk/AppData/Roaming/Code/User/globalStorage/bmd.stm32-for-vscode/@xpack-dev-tools/arm-none-eabi-gcc/13.3.1-1.1.1/.content/bin/../lib/gcc/arm-none-eabi/13.3.1/thumb/v7e-m+fp/hard\libgcc.a
LOAD c:/Users/joabk/AppData/Roaming/Code/User/globalStorage/bmd.stm32-for-vscode/@xpack-dev-tools/arm-none-eabi-gcc/13.3.1-1.1.1/.content/bin/../lib/gcc/arm-none-eabi/13.3.1/../../../../arm-none-eabi/lib/thumb/v7e-m+fp/hard\libc_nano.a
END GROUP
LOAD c:/Users/joabk/AppData/Roaming/Code/User/globalStorage/bmd.stm32-for-vscode/@xpack-dev-tools/arm-none-eabi-gcc/13.3.1-1.1.1/.content/bin/../lib/gcc/arm-none-eabi/13.3.1/thumb/v7e-m+fp/hard/crtend.o
LOAD c:/Users/joabk/AppData/Roaming/Code/User/globalStorage/bmd.stm32-for-vscode/@xpack-dev-tools/arm-none-eabi-gcc/13.3.1-1.1.1/.content/bin/../lib/gcc/arm-none-eabi/13.3.1/thumb/v7e-m+fp/hard/crtn.o
                0x20018000                        _estack = (ORIGIN (RAM) + LENGTH (RAM))
                0x20017c00                        _sstack = (_estack - _Min_Stack_Size)
                0x00000200                        _Min_Heap_Size = 0x200
                0x00000400                        _Min_Stack_Size = 0x400

.isr_vector     0x08000000      0x194
                0x08000000                        . = ALIGN (0x4)
 *(.isr_vector)
 .isr_vector    0x08000000      0x194 build/debug/startup_stm32f401xe.o
                0x08000000                g_pfnVectors
                0x08000194                        . = ALIGN (0x4)

.text           0x08000194     0x3e88
                0x08000194                        . = ALIGN (0x4)
 *(.text)
 .text          0x08000194       0x30 c:/Users/joabk/AppData/Roaming/Code/User/globalStorage/bmd.stm32-for-vscode/@xpack-dev-tools/arm-none-eabi-gcc/13.3.1-1.1.1/.content/bin/../lib/gcc/arm-none-eabi/13.3.1/thumb/v7e-m+fp/hard\libgcc.a(_aeabi_uldivmod.o)
                0x08000194                __aeabi_uldivmod
 .text          0x080001c4        0x4 c:/Users/joabk/AppData/Roaming/Code/User/globalStorage/bmd.stm32-for-vscode/@xpack-dev-tools/arm-none-eabi-gcc/13.3.1-1.1.1/.content/bin/../lib/gcc/arm-none-eabi/13.3.1/thumb/v7e-m+fp/hard\libgcc.a(_dvmd_tls.o)
                0x080001c4                __aeabi_idiv0
                0x080001c4                __aeabi_ldiv0
 *(.text*)
 .text.__do_global_dtors_aux
                0x080001c8       0x24 c:/Users/joabk/AppData/Roaming/Code/User/globalStorage/bmd.stm32-for-vscode/@xpack-dev-tools/arm-none-eabi-gcc/13.3.1-1.1.1/.content/bin/../lib/gcc/arm-none-eabi/13.3.1/thumb/v7e-m+fp/hard/crtbegin.o
 .text.frame_dummy
                0x080001ec       0x1c c:/Users/joabk/AppData/Roaming/Code/User/globalStorage/bmd.stm32-for-vscode/@xpack-dev-tools/arm-none-eabi-gcc/13.3.1-1.1.1/.content/bin/../lib/gcc/arm-none-eabi/13.3.1/thumb/v7e-m+fp/hard/crtbegin.o
 .text.disk_status
                0x08000208       0x18 build/debug/diskio.o
                0x08000208                disk_status
 .text.disk_initialize
                0x08000220       0x2c build/debug/diskio.o
                0x08000220                disk_initialize
 .text.disk_read
                0x0800024c       0x18 build/debug/diskio.o
                0x0800024c                disk_read
 .text.disk_write
                0x08000264       0x18 build/debug/diskio.o
                0x08000264                disk_write
 .text.disk_ioctl
                0x0800027c       0x18 build/debug/diskio.o
                0x0800027c                disk_ioctl
 .text.MX_FATFS_Init
                0x08000294       0x1c build/debug/fatfs.o
                0x08000294                MX_FATFS_Init
 .text.get_fattime
                0x080002b0        0x4 build/debug/fatfs.o
                0x080002b0                get_fattime
 .text.ld_word  0x080002b4        0xa build/debug/ff.o
 .text.ld_dword
                0x080002be       0x16 build/debug/ff.o
 .text.st_word  0x080002d4        0x8 build/debug/ff.o
 .text.st_dword
                0x080002dc       0x14 build/debug/ff.o
 .text.mem_cpy  0x080002f0       0x14 build/debug/ff.o
 .text.mem_set  0x08000304        0xa build/debug/ff.o
 .text.mem_cmp  0x0800030e       0x1a build/debug/ff.o
 .text.chk_chr  0x08000328       0x10 build/debug/ff.o
 .text.chk_lock
                0x08000338       0x74 build/debug/ff.o
 .text.enq_lock
                0x080003ac       0x20 build/debug/ff.o
 .text.inc_lock
                0x080003cc       0xa0 build/debug/ff.o
 .text.dec_lock
                0x0800046c       0x40 build/debug/ff.o
 .text.clear_lock
                0x080004ac       0x3c build/debug/ff.o
 .text.clust2sect
                0x080004e8       0x18 build/debug/ff.o
 .text.clmt_clust
                0x08000500       0x22 build/debug/ff.o
 .text.ld_clust
                0x08000522       0x26 build/debug/ff.o
 .text.st_clust
                0x08000548       0x26 build/debug/ff.o
 *fill*         0x0800056e        0x2 
 .text.create_name
                0x08000570       0xcc build/debug/ff.o
 .text.get_ldnumber
                0x0800063c       0x54 build/debug/ff.o
 .text.validate
                0x08000690       0x46 build/debug/ff.o
 .text.sync_window
                0x080006d6       0x54 build/debug/ff.o
 .text.move_window
                0x0800072a       0x36 build/debug/ff.o
 .text.check_fs
                0x08000760       0x78 build/debug/ff.o
 .text.find_volume
                0x080007d8      0x2fc build/debug/ff.o
 .text.put_fat  0x08000ad4      0x104 build/debug/ff.o
 .text.get_fat  0x08000bd8       0xd0 build/debug/ff.o
 .text.dir_sdi  0x08000ca8       0xac build/debug/ff.o
 .text.create_chain
                0x08000d54       0xcc build/debug/ff.o
 .text.remove_chain
                0x08000e20       0x7e build/debug/ff.o
 .text.dir_next
                0x08000e9e      0x108 build/debug/ff.o
 .text.dir_find
                0x08000fa6       0x5a build/debug/ff.o
 .text.follow_path
                0x08001000       0x8c build/debug/ff.o
 .text.dir_alloc
                0x0800108c       0x50 build/debug/ff.o
 .text.dir_register
                0x080010dc       0x3e build/debug/ff.o
 *fill*         0x0800111a        0x2 
 .text.sync_fs  0x0800111c       0x8c build/debug/ff.o
 .text.f_mount  0x080011a8       0x5c build/debug/ff.o
                0x080011a8                f_mount
 .text.f_open   0x08001204      0x21c build/debug/ff.o
                0x08001204                f_open
 .text.f_write  0x08001420      0x1fc build/debug/ff.o
                0x08001420                f_write
 .text.f_sync   0x0800161c       0x98 build/debug/ff.o
                0x0800161c                f_sync
 .text.f_close  0x080016b4       0x2a build/debug/ff.o
                0x080016b4                f_close
 *fill*         0x080016de        0x2 
 .text.FATFS_LinkDriverEx
                0x080016e0       0x54 build/debug/ff_gen_drv.o
                0x080016e0                FATFS_LinkDriverEx
 .text.FATFS_LinkDriver
                0x08001734        0xa build/debug/ff_gen_drv.o
                0x08001734                FATFS_LinkDriver
 *fill*         0x0800173e        0x2 
 .text.MX_GPIO_Init
                0x08001740       0xb8 build/debug/main.o
 .text.MX_DMA_Init
                0x080017f8       0x34 build/debug/main.o
 .text.HAL_TIM_PeriodElapsedCallback
                0x0800182c       0x20 build/debug/main.o
                0x0800182c                HAL_TIM_PeriodElapsedCallback
 .text.Error_Handler
                0x0800184c        0x4 build/debug/main.o
                0x0800184c                Error_Handler
 .text.MX_I2C1_Init
                0x08001850       0x38 build/debug/main.o
 .text.MX_TIM11_Init
                0x08001888       0x30 build/debug/main.o
 .text.MX_I2C2_Init
                0x080018b8       0x38 build/debug/main.o
 .text.MX_I2C3_Init
                0x080018f0       0x38 build/debug/main.o
 .text.MX_SPI1_Init
                0x08001928       0x40 build/debug/main.o
 .text.SystemClock_Config
                0x08001968       0x90 build/debug/main.o
                0x08001968                SystemClock_Config
 .text.main     0x080019f8       0x8c build/debug/main.o
                0x080019f8                main
 .text.HAL_InitTick
                0x08001a84       0x4c build/debug/stm32f4xx_hal.o
                0x08001a84                HAL_InitTick
 .text.HAL_Init
                0x08001ad0       0x34 build/debug/stm32f4xx_hal.o
                0x08001ad0                HAL_Init
 .text.HAL_IncTick
                0x08001b04       0x18 build/debug/stm32f4xx_hal.o
                0x08001b04                HAL_IncTick
 .text.HAL_GetTick
                0x08001b1c        0xc build/debug/stm32f4xx_hal.o
                0x08001b1c                HAL_GetTick
 .text.__NVIC_EnableIRQ
                0x08001b28       0x1c build/debug/stm32f4xx_hal_cortex.o
 .text.__NVIC_SetPriority
                0x08001b44       0x28 build/debug/stm32f4xx_hal_cortex.o
 .text.NVIC_EncodePriority
                0x08001b6c       0x3e build/debug/stm32f4xx_hal_cortex.o
 *fill*         0x08001baa        0x2 
 .text.HAL_NVIC_SetPriorityGrouping
                0x08001bac       0x24 build/debug/stm32f4xx_hal_cortex.o
                0x08001bac                HAL_NVIC_SetPriorityGrouping
 .text.HAL_NVIC_SetPriority
                0x08001bd0       0x20 build/debug/stm32f4xx_hal_cortex.o
                0x08001bd0                HAL_NVIC_SetPriority
 .text.HAL_NVIC_EnableIRQ
                0x08001bf0        0x8 build/debug/stm32f4xx_hal_cortex.o
                0x08001bf0                HAL_NVIC_EnableIRQ
 .text.HAL_SYSTICK_Config
                0x08001bf8       0x28 build/debug/stm32f4xx_hal_cortex.o
                0x08001bf8                HAL_SYSTICK_Config
 .text.DMA_CalcBaseAndBitshift
                0x08001c20       0x3c build/debug/stm32f4xx_hal_dma.o
 .text.DMA_CheckFifoParam
                0x08001c5c       0x8e build/debug/stm32f4xx_hal_dma.o
 *fill*         0x08001cea        0x2 
 .text.HAL_DMA_Init
                0x08001cec       0xcc build/debug/stm32f4xx_hal_dma.o
                0x08001cec                HAL_DMA_Init
 .text.HAL_DMA_IRQHandler
                0x08001db8      0x1dc build/debug/stm32f4xx_hal_dma.o
                0x08001db8                HAL_DMA_IRQHandler
 .text.HAL_GPIO_Init
                0x08001f94      0x1c8 build/debug/stm32f4xx_hal_gpio.o
                0x08001f94                HAL_GPIO_Init
 .text.HAL_GPIO_WritePin
                0x0800215c        0xc build/debug/stm32f4xx_hal_gpio.o
                0x0800215c                HAL_GPIO_WritePin
 .text.HAL_GPIO_TogglePin
                0x08002168       0x12 build/debug/stm32f4xx_hal_gpio.o
                0x08002168                HAL_GPIO_TogglePin
 *fill*         0x0800217a        0x2 
 .text.HAL_I2C_Init
                0x0800217c      0x1bc build/debug/stm32f4xx_hal_i2c.o
                0x0800217c                HAL_I2C_Init
 .text.HAL_MspInit
                0x08002338       0x38 build/debug/stm32f4xx_hal_msp.o
                0x08002338                HAL_MspInit
 .text.HAL_I2C_MspInit
                0x08002370      0x164 build/debug/stm32f4xx_hal_msp.o
                0x08002370                HAL_I2C_MspInit
 .text.HAL_SPI_MspInit
                0x080024d4       0xa8 build/debug/stm32f4xx_hal_msp.o
                0x080024d4                HAL_SPI_MspInit
 .text.HAL_TIM_Base_MspInit
                0x0800257c       0x40 build/debug/stm32f4xx_hal_msp.o
                0x0800257c                HAL_TIM_Base_MspInit
 .text.HAL_RCC_OscConfig
                0x080025bc      0x3f8 build/debug/stm32f4xx_hal_rcc.o
                0x080025bc                HAL_RCC_OscConfig
 .text.HAL_RCC_EnableCSS
                0x080029b4        0xc build/debug/stm32f4xx_hal_rcc.o
                0x080029b4                HAL_RCC_EnableCSS
 .text.HAL_RCC_GetSysClockFreq
                0x080029c0       0xa8 build/debug/stm32f4xx_hal_rcc.o
                0x080029c0                HAL_RCC_GetSysClockFreq
 .text.HAL_RCC_ClockConfig
                0x08002a68      0x160 build/debug/stm32f4xx_hal_rcc.o
                0x08002a68                HAL_RCC_ClockConfig
 .text.HAL_RCC_GetHCLKFreq
                0x08002bc8        0xc build/debug/stm32f4xx_hal_rcc.o
                0x08002bc8                HAL_RCC_GetHCLKFreq
 .text.HAL_RCC_GetPCLK1Freq
                0x08002bd4       0x20 build/debug/stm32f4xx_hal_rcc.o
                0x08002bd4                HAL_RCC_GetPCLK1Freq
 .text.HAL_RCC_CSSCallback
                0x08002bf4        0x2 build/debug/stm32f4xx_hal_rcc.o
                0x08002bf4                HAL_RCC_CSSCallback
 *fill*         0x08002bf6        0x2 
 .text.HAL_RCC_NMI_IRQHandler
                0x08002bf8       0x20 build/debug/stm32f4xx_hal_rcc.o
                0x08002bf8                HAL_RCC_NMI_IRQHandler
 .text.SPI_WaitFlagStateUntilTimeout
                0x08002c18       0xc8 build/debug/stm32f4xx_hal_spi.o
 .text.SPI_EndRxTxTransaction
                0x08002ce0       0x80 build/debug/stm32f4xx_hal_spi.o
 .text.HAL_SPI_Init
                0x08002d60       0xbe build/debug/stm32f4xx_hal_spi.o
                0x08002d60                HAL_SPI_Init
 .text.HAL_SPI_Transmit
                0x08002e1e      0x1c4 build/debug/stm32f4xx_hal_spi.o
                0x08002e1e                HAL_SPI_Transmit
 .text.HAL_SPI_TransmitReceive
                0x08002fe2      0x254 build/debug/stm32f4xx_hal_spi.o
                0x08002fe2                HAL_SPI_TransmitReceive
 *fill*         0x08003236        0x2 
 .text.HAL_TIM_Base_Start_IT
                0x08003238       0x78 build/debug/stm32f4xx_hal_tim.o
                0x08003238                HAL_TIM_Base_Start_IT
 .text.HAL_TIM_OC_DelayElapsedCallback
                0x080032b0        0x2 build/debug/stm32f4xx_hal_tim.o
                0x080032b0                HAL_TIM_OC_DelayElapsedCallback
 .text.HAL_TIM_IC_CaptureCallback
                0x080032b2        0x2 build/debug/stm32f4xx_hal_tim.o
                0x080032b2                HAL_TIM_IC_CaptureCallback
 .text.HAL_TIM_PWM_PulseFinishedCallback
                0x080032b4        0x2 build/debug/stm32f4xx_hal_tim.o
                0x080032b4                HAL_TIM_PWM_PulseFinishedCallback
 .text.HAL_TIM_TriggerCallback
                0x080032b6        0x2 build/debug/stm32f4xx_hal_tim.o
                0x080032b6                HAL_TIM_TriggerCallback
 .text.HAL_TIM_IRQHandler
                0x080032b8      0x15e build/debug/stm32f4xx_hal_tim.o
                0x080032b8                HAL_TIM_IRQHandler
 *fill*         0x08003416        0x2 
 .text.TIM_Base_SetConfig
                0x08003418       0xa4 build/debug/stm32f4xx_hal_tim.o
                0x08003418                TIM_Base_SetConfig
 .text.HAL_TIM_Base_Init
                0x080034bc       0x58 build/debug/stm32f4xx_hal_tim.o
                0x080034bc                HAL_TIM_Base_Init
 .text.HAL_TIMEx_CommutCallback
                0x08003514        0x2 build/debug/stm32f4xx_hal_tim_ex.o
                0x08003514                HAL_TIMEx_CommutCallback
 .text.HAL_TIMEx_BreakCallback
                0x08003516        0x2 build/debug/stm32f4xx_hal_tim_ex.o
                0x08003516                HAL_TIMEx_BreakCallback
 .text.NMI_Handler
                0x08003518        0x8 build/debug/stm32f4xx_it.o
                0x08003518                NMI_Handler
 .text.HardFault_Handler
                0x08003520        0x2 build/debug/stm32f4xx_it.o
                0x08003520                HardFault_Handler
 .text.MemManage_Handler
                0x08003522        0x2 build/debug/stm32f4xx_it.o
                0x08003522                MemManage_Handler
 .text.BusFault_Handler
                0x08003524        0x2 build/debug/stm32f4xx_it.o
                0x08003524                BusFault_Handler
 .text.UsageFault_Handler
                0x08003526        0x2 build/debug/stm32f4xx_it.o
                0x08003526                UsageFault_Handler
 .text.SVC_Handler
                0x08003528        0x2 build/debug/stm32f4xx_it.o
                0x08003528                SVC_Handler
 .text.DebugMon_Handler
                0x0800352a        0x2 build/debug/stm32f4xx_it.o
                0x0800352a                DebugMon_Handler
 .text.PendSV_Handler
                0x0800352c        0x2 build/debug/stm32f4xx_it.o
                0x0800352c                PendSV_Handler
 .text.SysTick_Handler
                0x0800352e        0x8 build/debug/stm32f4xx_it.o
                0x0800352e                SysTick_Handler
 *fill*         0x08003536        0x2 
 .text.TIM1_TRG_COM_TIM11_IRQHandler
                0x08003538       0x10 build/debug/stm32f4xx_it.o
                0x08003538                TIM1_TRG_COM_TIM11_IRQHandler
 .text.DMA2_Stream0_IRQHandler
                0x08003548       0x10 build/debug/stm32f4xx_it.o
                0x08003548                DMA2_Stream0_IRQHandler
 .text.SystemInit
                0x08003558       0x14 build/debug/system_stm32f4xx.o
                0x08003558                SystemInit
 .text.USER_initialize
                0x0800356c        0x8 build/debug/user_diskio.o
                0x0800356c                USER_initialize
 .text.USER_status
                0x08003574        0x8 build/debug/user_diskio.o
                0x08003574                USER_status
 .text.USER_read
                0x0800357c        0x8 build/debug/user_diskio.o
                0x0800357c                USER_read
 .text.USER_write
                0x08003584        0x8 build/debug/user_diskio.o
                0x08003584                USER_write
 .text.USER_ioctl
                0x0800358c        0x8 build/debug/user_diskio.o
                0x0800358c                USER_ioctl
 .text.xchg_spi
                0x08003594       0x2c build/debug/user_diskio_spi.o
 .text.wait_ready
                0x080035c0       0x2a build/debug/user_diskio_spi.o
 .text.rcvr_spi_multi
                0x080035ea       0x1a build/debug/user_diskio_spi.o
 .text.despiselect
                0x08003604       0x18 build/debug/user_diskio_spi.o
 .text.spiselect
                0x0800361c       0x30 build/debug/user_diskio_spi.o
 .text.send_cmd
                0x0800364c       0x8c build/debug/user_diskio_spi.o
 .text.xmit_spi_multi
                0x080036d8       0x18 build/debug/user_diskio_spi.o
 .text.xmit_datablock
                0x080036f0       0x4c build/debug/user_diskio_spi.o
 .text.SPI_Timer_On
                0x0800373c       0x1c build/debug/user_diskio_spi.o
                0x0800373c                SPI_Timer_On
 .text.SPI_Timer_Status
                0x08003758       0x24 build/debug/user_diskio_spi.o
                0x08003758                SPI_Timer_Status
 .text.rcvr_datablock
                0x0800377c       0x40 build/debug/user_diskio_spi.o
 .text.USER_SPI_initialize
                0x080037bc      0x16c build/debug/user_diskio_spi.o
                0x080037bc                USER_SPI_initialize
 .text.USER_SPI_status
                0x08003928       0x14 build/debug/user_diskio_spi.o
                0x08003928                USER_SPI_status
 .text.USER_SPI_read
                0x0800393c       0x8c build/debug/user_diskio_spi.o
                0x0800393c                USER_SPI_read
 .text.USER_SPI_write
                0x080039c8       0xb0 build/debug/user_diskio_spi.o
                0x080039c8                USER_SPI_write
 .text.USER_SPI_ioctl
                0x08003a78      0x224 build/debug/user_diskio_spi.o
                0x08003a78                USER_SPI_ioctl
 .text.Reset_Handler
                0x08003c9c       0x50 build/debug/startup_stm32f401xe.o
                0x08003c9c                Reset_Handler
 .text.Default_Handler
                0x08003cec        0x2 build/debug/startup_stm32f401xe.o
                0x08003cec                RTC_Alarm_IRQHandler
                0x08003cec                EXTI2_IRQHandler
                0x08003cec                SPI4_IRQHandler
                0x08003cec                TIM1_CC_IRQHandler
                0x08003cec                DMA2_Stream5_IRQHandler
                0x08003cec                DMA1_Stream5_IRQHandler
                0x08003cec                PVD_IRQHandler
                0x08003cec                SDIO_IRQHandler
                0x08003cec                TAMP_STAMP_IRQHandler
                0x08003cec                EXTI3_IRQHandler
                0x08003cec                TIM1_UP_TIM10_IRQHandler
                0x08003cec                I2C3_ER_IRQHandler
                0x08003cec                EXTI0_IRQHandler
                0x08003cec                I2C2_EV_IRQHandler
                0x08003cec                DMA1_Stream2_IRQHandler
                0x08003cec                FPU_IRQHandler
                0x08003cec                DMA2_Stream2_IRQHandler
                0x08003cec                SPI1_IRQHandler
                0x08003cec                TIM1_BRK_TIM9_IRQHandler
                0x08003cec                DMA2_Stream3_IRQHandler
                0x08003cec                USART6_IRQHandler
                0x08003cec                TIM4_IRQHandler
                0x08003cec                I2C1_EV_IRQHandler
                0x08003cec                DMA1_Stream6_IRQHandler
                0x08003cec                DMA1_Stream1_IRQHandler
                0x08003cec                TIM3_IRQHandler
                0x08003cec                RCC_IRQHandler
                0x08003cec                Default_Handler
                0x08003cec                EXTI15_10_IRQHandler
                0x08003cec                ADC_IRQHandler
                0x08003cec                DMA1_Stream7_IRQHandler
                0x08003cec                TIM5_IRQHandler
                0x08003cec                DMA2_Stream7_IRQHandler
                0x08003cec                I2C3_EV_IRQHandler
                0x08003cec                EXTI9_5_IRQHandler
                0x08003cec                RTC_WKUP_IRQHandler
                0x08003cec                SPI2_IRQHandler
                0x08003cec                DMA1_Stream0_IRQHandler
                0x08003cec                EXTI4_IRQHandler
                0x08003cec                WWDG_IRQHandler
                0x08003cec                TIM2_IRQHandler
                0x08003cec                OTG_FS_WKUP_IRQHandler
                0x08003cec                EXTI1_IRQHandler
                0x08003cec                USART2_IRQHandler
                0x08003cec                I2C2_ER_IRQHandler
                0x08003cec                DMA2_Stream1_IRQHandler
                0x08003cec                FLASH_IRQHandler
                0x08003cec                DMA2_Stream4_IRQHandler
                0x08003cec                USART1_IRQHandler
                0x08003cec                OTG_FS_IRQHandler
                0x08003cec                SPI3_IRQHandler
                0x08003cec                DMA1_Stream4_IRQHandler
                0x08003cec                I2C1_ER_IRQHandler
                0x08003cec                DMA2_Stream6_IRQHandler
                0x08003cec                DMA1_Stream3_IRQHandler
 .text.memset   0x08003cee       0x10 c:/Users/joabk/AppData/Roaming/Code/User/globalStorage/bmd.stm32-for-vscode/@xpack-dev-tools/arm-none-eabi-gcc/13.3.1-1.1.1/.content/bin/../lib/gcc/arm-none-eabi/13.3.1/../../../../arm-none-eabi/lib/thumb/v7e-m+fp/hard\libc_nano.a(libc_a-memset.o)
                0x08003cee                memset
 *fill*         0x08003cfe        0x2 
 .text.__libc_init_array
                0x08003d00       0x48 c:/Users/joabk/AppData/Roaming/Code/User/globalStorage/bmd.stm32-for-vscode/@xpack-dev-tools/arm-none-eabi-gcc/13.3.1-1.1.1/.content/bin/../lib/gcc/arm-none-eabi/13.3.1/../../../../arm-none-eabi/lib/thumb/v7e-m+fp/hard\libc_nano.a(libc_a-init.o)
                0x08003d00                __libc_init_array
 .text.__udivmoddi4
                0x08003d48      0x2bc c:/Users/joabk/AppData/Roaming/Code/User/globalStorage/bmd.stm32-for-vscode/@xpack-dev-tools/arm-none-eabi-gcc/13.3.1-1.1.1/.content/bin/../lib/gcc/arm-none-eabi/13.3.1/thumb/v7e-m+fp/hard\libgcc.a(_udivmoddi4.o)
                0x08003d48                __udivmoddi4
 *(.glue_7)
 .glue_7        0x08004004        0x0 linker stubs
 *(.glue_7t)
 .glue_7t       0x08004004        0x0 linker stubs
 *(.eh_frame)
 .eh_frame      0x08004004        0x0 c:/Users/joabk/AppData/Roaming/Code/User/globalStorage/bmd.stm32-for-vscode/@xpack-dev-tools/arm-none-eabi-gcc/13.3.1-1.1.1/.content/bin/../lib/gcc/arm-none-eabi/13.3.1/thumb/v7e-m+fp/hard/crtbegin.o
 *(.init)
 .init          0x08004004        0x4 c:/Users/joabk/AppData/Roaming/Code/User/globalStorage/bmd.stm32-for-vscode/@xpack-dev-tools/arm-none-eabi-gcc/13.3.1-1.1.1/.content/bin/../lib/gcc/arm-none-eabi/13.3.1/thumb/v7e-m+fp/hard/crti.o
                0x08004004                _init
 .init          0x08004008        0x8 c:/Users/joabk/AppData/Roaming/Code/User/globalStorage/bmd.stm32-for-vscode/@xpack-dev-tools/arm-none-eabi-gcc/13.3.1-1.1.1/.content/bin/../lib/gcc/arm-none-eabi/13.3.1/thumb/v7e-m+fp/hard/crtn.o
 *(.fini)
 .fini          0x08004010        0x4 c:/Users/joabk/AppData/Roaming/Code/User/globalStorage/bmd.stm32-for-vscode/@xpack-dev-tools/arm-none-eabi-gcc/13.3.1-1.1.1/.content/bin/../lib/gcc/arm-none-eabi/13.3.1/thumb/v7e-m+fp/hard/crti.o
                0x08004010                _fini
 .fini          0x08004014        0x8 c:/Users/joabk/AppData/Roaming/Code/User/globalStorage/bmd.stm32-for-vscode/@xpack-dev-tools/arm-none-eabi-gcc/13.3.1-1.1.1/.content/bin/../lib/gcc/arm-none-eabi/13.3.1/thumb/v7e-m+fp/hard/crtn.o
                0x0800401c                        . = ALIGN (0x4)
                0x0800401c                        _etext = .

.vfp11_veneer   0x0800401c        0x0
 .vfp11_veneer  0x0800401c        0x0 linker stubs

.v4_bx          0x0800401c        0x0
 .v4_bx         0x0800401c        0x0 linker stubs

.iplt           0x0800401c        0x0
 .iplt          0x0800401c        0x0 c:/Users/joabk/AppData/Roaming/Code/User/globalStorage/bmd.stm32-for-vscode/@xpack-dev-tools/arm-none-eabi-gcc/13.3.1-1.1.1/.content/bin/../lib/gcc/arm-none-eabi/13.3.1/thumb/v7e-m+fp/hard/crtbegin.o

.rodata         0x0800401c       0xd4
                0x0800401c                        . = ALIGN (0x4)
 *(.rodata)
 *(.rodata*)
 .rodata.create_name.str1.4
                0x0800401c       0x34 build/debug/ff.o
                                  0xf (size before relaxing)
 .rodata.ExCvt  0x08004050       0x80 build/debug/ff.o
 .rodata.main.str1.4
                0x080040d0       0x24 build/debug/main.o
 .rodata.flagBitshiftOffset.0
                0x080040d0        0x8 build/debug/stm32f4xx_hal_dma.o
 .rodata.APBPrescTable
                0x080040d8        0x8 build/debug/system_stm32f4xx.o
                0x080040d8                APBPrescTable
 .rodata.AHBPrescTable
                0x080040e0       0x10 build/debug/system_stm32f4xx.o
                0x080040e0                AHBPrescTable
                0x080040f4                        . = ALIGN (0x4)

.ARM.extab      0x080040f0        0x0
                0x080040f0                        . = ALIGN (0x4)
 *(.ARM.extab* .gnu.linkonce.armextab.*)
                0x080040f0                        . = ALIGN (0x4)

.ARM            0x080040f0        0x8
                0x080040f0                        . = ALIGN (0x4)
                0x080040f0                        __exidx_start = .
 *(.ARM.exidx*)
 .ARM.exidx.text.__udivmoddi4
                0x080040f0        0x8 c:/Users/joabk/AppData/Roaming/Code/User/globalStorage/bmd.stm32-for-vscode/@xpack-dev-tools/arm-none-eabi-gcc/13.3.1-1.1.1/.content/bin/../lib/gcc/arm-none-eabi/13.3.1/thumb/v7e-m+fp/hard\libgcc.a(_udivmoddi4.o)
                0x080040f8                        __exidx_end = .
                0x080040f8                        . = ALIGN (0x4)

.preinit_array  0x080040f8        0x0
                0x080040f8                        . = ALIGN (0x4)
                0x080040f8                        PROVIDE (__preinit_array_start = .)
 *(.preinit_array*)
                0x080040f8                        PROVIDE (__preinit_array_end = .)
                0x080040f8                        . = ALIGN (0x4)

.init_array     0x080040f8        0x4
                0x080040f8                        . = ALIGN (0x4)
                0x080040f8                        PROVIDE (__init_array_start = .)
 *(SORT_BY_NAME(.init_array.*))
 *(.init_array*)
 .init_array    0x080040f8        0x4 c:/Users/joabk/AppData/Roaming/Code/User/globalStorage/bmd.stm32-for-vscode/@xpack-dev-tools/arm-none-eabi-gcc/13.3.1-1.1.1/.content/bin/../lib/gcc/arm-none-eabi/13.3.1/thumb/v7e-m+fp/hard/crtbegin.o
                0x080040fc                        PROVIDE (__init_array_end = .)
                0x080040fc                        . = ALIGN (0x4)

.fini_array     0x080040fc        0x4
                0x080040fc                        . = ALIGN (0x4)
                0x080040fc                        PROVIDE (__fini_array_start = .)
 *(SORT_BY_NAME(.fini_array.*))
 *(.fini_array*)
 .fini_array    0x080040fc        0x4 c:/Users/joabk/AppData/Roaming/Code/User/globalStorage/bmd.stm32-for-vscode/@xpack-dev-tools/arm-none-eabi-gcc/13.3.1-1.1.1/.content/bin/../lib/gcc/arm-none-eabi/13.3.1/thumb/v7e-m+fp/hard/crtbegin.o
                0x08004100                        PROVIDE (__fini_array_end = .)
                0x08004100                        . = ALIGN (0x4)
                0x08004100                        _sidata = LOADADDR (.data)

.rel.dyn        0x08004100        0x0
 .rel.iplt      0x08004100        0x0 c:/Users/joabk/AppData/Roaming/Code/User/globalStorage/bmd.stm32-for-vscode/@xpack-dev-tools/arm-none-eabi-gcc/13.3.1-1.1.1/.content/bin/../lib/gcc/arm-none-eabi/13.3.1/thumb/v7e-m+fp/hard/crtbegin.o

.data           0x20000000       0x28 load address 0x08004100
                0x20000000                        . = ALIGN (0x4)
                0x20000000                        _sdata = .
 *(.data)
 *(.data*)
 .data.LED_Tim  0x20000000        0x4 build/debug/main.o
                0x20000000                LED_Tim
 .data.uwTickFreq
                0x20000004        0x1 build/debug/stm32f4xx_hal.o
                0x20000004                uwTickFreq
 *fill*         0x20000005        0x3 
 .data.uwTickPrio
                0x20000008        0x4 build/debug/stm32f4xx_hal.o
                0x20000008                uwTickPrio
 .data.SystemCoreClock
                0x2000000c        0x4 build/debug/system_stm32f4xx.o
                0x2000000c                SystemCoreClock
 .data.USER_Driver
                0x20000010       0x14 build/debug/user_diskio.o
                0x20000010                USER_Driver
 .data.Stat     0x20000024        0x1 build/debug/user_diskio_spi.o
 *(.RamFunc)
 *(.RamFunc*)
                0x20000028                        . = ALIGN (0x4)
 *fill*         0x20000025        0x3 
                0x20000028                        _edata = .

.igot.plt       0x20000028        0x0 load address 0x08004128
 .igot.plt      0x20000028        0x0 c:/Users/joabk/AppData/Roaming/Code/User/globalStorage/bmd.stm32-for-vscode/@xpack-dev-tools/arm-none-eabi-gcc/13.3.1-1.1.1/.content/bin/../lib/gcc/arm-none-eabi/13.3.1/thumb/v7e-m+fp/hard/crtbegin.o
                0x20000028                        . = ALIGN (0x4)

.bss            0x20000028      0x264 load address 0x08004128
                0x20000028                        _sbss = .
                0x20000028                        __bss_start__ = _sbss
 *(.bss)
 *(.bss*)
 .bss.completed.1
                0x20000028        0x1 c:/Users/joabk/AppData/Roaming/Code/User/globalStorage/bmd.stm32-for-vscode/@xpack-dev-tools/arm-none-eabi-gcc/13.3.1-1.1.1/.content/bin/../lib/gcc/arm-none-eabi/13.3.1/thumb/v7e-m+fp/hard/crtbegin.o
 *fill*         0x20000029        0x3 
 .bss.object.0  0x2000002c       0x18 c:/Users/joabk/AppData/Roaming/Code/User/globalStorage/bmd.stm32-for-vscode/@xpack-dev-tools/arm-none-eabi-gcc/13.3.1-1.1.1/.content/bin/../lib/gcc/arm-none-eabi/13.3.1/thumb/v7e-m+fp/hard/crtbegin.o
 .bss.USERPath  0x20000044        0x4 build/debug/fatfs.o
                0x20000044                USERPath
 .bss.retUSER   0x20000048        0x1 build/debug/fatfs.o
                0x20000048                retUSER
 *fill*         0x20000049        0x3 
 .bss.Files     0x2000004c       0x20 build/debug/ff.o
 .bss.Fsid      0x2000006c        0x2 build/debug/ff.o
 *fill*         0x2000006e        0x2 
 .bss.FatFs     0x20000070        0x4 build/debug/ff.o
 .bss.disk      0x20000074        0xc build/debug/ff_gen_drv.o
                0x20000074                disk
 .bss.htim11    0x20000080       0x48 build/debug/main.o
                0x20000080                htim11
 .bss.hdma_spi1_rx
                0x200000c8       0x60 build/debug/main.o
                0x200000c8                hdma_spi1_rx
 .bss.hspi1     0x20000128       0x58 build/debug/main.o
                0x20000128                hspi1
 .bss.hi2c3     0x20000180       0x54 build/debug/main.o
                0x20000180                hi2c3
 .bss.hi2c2     0x200001d4       0x54 build/debug/main.o
                0x200001d4                hi2c2
 .bss.hi2c1     0x20000228       0x54 build/debug/main.o
                0x20000228                hi2c1
 .bss.uwTick    0x2000027c        0x4 build/debug/stm32f4xx_hal.o
                0x2000027c                uwTick
 .bss.spiTimerTickDelay
                0x20000280        0x4 build/debug/user_diskio_spi.o
                0x20000280                spiTimerTickDelay
 .bss.spiTimerTickStart
                0x20000284        0x4 build/debug/user_diskio_spi.o
                0x20000284                spiTimerTickStart
 .bss.CardType  0x20000288        0x1 build/debug/user_diskio_spi.o
 *(COMMON)
                0x2000028c                        . = ALIGN (0x4)
 *fill*         0x20000289        0x3 
                0x2000028c                        _ebss = .
                0x2000028c                        __bss_end__ = _ebss

._user_heap_stack
                0x2000028c      0x604 load address 0x08004128
                0x20000290                        . = ALIGN (0x8)
 *fill*         0x2000028c        0x4 
                [!provide]                        PROVIDE (end = .)
                0x20000290                        PROVIDE (_end = .)
                0x20000490                        . = (. + _Min_Heap_Size)
 *fill*         0x20000290      0x200 
                0x20000890                        . = (. + _Min_Stack_Size)
 *fill*         0x20000490      0x400 
                0x20000890                        . = ALIGN (0x8)

/DISCARD/
 libc.a(*)
 libm.a(*)
 libgcc.a(*)
OUTPUT(build/debug/Design_Embedded_Subsystem.elf elf32-littlearm)
LOAD linker stubs
LOAD c:/Users/joabk/AppData/Roaming/Code/User/globalStorage/bmd.stm32-for-vscode/@xpack-dev-tools/arm-none-eabi-gcc/13.3.1-1.1.1/.content/bin/../lib/gcc/arm-none-eabi/13.3.1/../../../../arm-none-eabi/lib/thumb/v7e-m+fp/hard\libc.a
LOAD c:/Users/joabk/AppData/Roaming/Code/User/globalStorage/bmd.stm32-for-vscode/@xpack-dev-tools/arm-none-eabi-gcc/13.3.1-1.1.1/.content/bin/../lib/gcc/arm-none-eabi/13.3.1/../../../../arm-none-eabi/lib/thumb/v7e-m+fp/hard\libm.a
LOAD c:/Users/joabk/AppData/Roaming/Code/User/globalStorage/bmd.stm32-for-vscode/@xpack-dev-tools/arm-none-eabi-gcc/13.3.1-1.1.1/.content/bin/../lib/gcc/arm-none-eabi/13.3.1/thumb/v7e-m+fp/hard\libgcc.a

.ARM.attributes
                0x00000000       0x30
 .ARM.attributes
                0x00000000       0x22 c:/Users/joabk/AppData/Roaming/Code/User/globalStorage/bmd.stm32-for-vscode/@xpack-dev-tools/arm-none-eabi-gcc/13.3.1-1.1.1/.content/bin/../lib/gcc/arm-none-eabi/13.3.1/thumb/v7e-m+fp/hard/crti.o
 .ARM.attributes
                0x00000022       0x34 c:/Users/joabk/AppData/Roaming/Code/User/globalStorage/bmd.stm32-for-vscode/@xpack-dev-tools/arm-none-eabi-gcc/13.3.1-1.1.1/.content/bin/../lib/gcc/arm-none-eabi/13.3.1/thumb/v7e-m+fp/hard/crtbegin.o
 .ARM.attributes
                0x00000056       0x34 build/debug/diskio.o
 .ARM.attributes
                0x0000008a       0x34 build/debug/fatfs.o
 .ARM.attributes
                0x000000be       0x34 build/debug/ff.o
 .ARM.attributes
                0x000000f2       0x34 build/debug/ff_gen_drv.o
 .ARM.attributes
                0x00000126       0x34 build/debug/main.o
 .ARM.attributes
                0x0000015a       0x34 build/debug/stm32f4xx_hal.o
 .ARM.attributes
                0x0000018e       0x34 build/debug/stm32f4xx_hal_cortex.o
 .ARM.attributes
                0x000001c2       0x34 build/debug/stm32f4xx_hal_dma.o
 .ARM.attributes
                0x000001f6       0x34 build/debug/stm32f4xx_hal_gpio.o
 .ARM.attributes
                0x0000022a       0x34 build/debug/stm32f4xx_hal_i2c.o
 .ARM.attributes
                0x0000025e       0x34 build/debug/stm32f4xx_hal_msp.o
 .ARM.attributes
                0x00000292       0x34 build/debug/stm32f4xx_hal_rcc.o
 .ARM.attributes
                0x000002c6       0x34 build/debug/stm32f4xx_hal_spi.o
 .ARM.attributes
                0x000002fa       0x34 build/debug/stm32f4xx_hal_tim.o
 .ARM.attributes
                0x0000032e       0x34 build/debug/stm32f4xx_hal_tim_ex.o
 .ARM.attributes
                0x00000362       0x34 build/debug/stm32f4xx_it.o
 .ARM.attributes
                0x00000396       0x34 build/debug/system_stm32f4xx.o
 .ARM.attributes
                0x000003ca       0x34 build/debug/user_diskio.o
 .ARM.attributes
                0x000003fe       0x34 build/debug/user_diskio_spi.o
 .ARM.attributes
                0x00000432       0x21 build/debug/startup_stm32f401xe.o
 .ARM.attributes
                0x00000453       0x34 c:/Users/joabk/AppData/Roaming/Code/User/globalStorage/bmd.stm32-for-vscode/@xpack-dev-tools/arm-none-eabi-gcc/13.3.1-1.1.1/.content/bin/../lib/gcc/arm-none-eabi/13.3.1/../../../../arm-none-eabi/lib/thumb/v7e-m+fp/hard\libc_nano.a(libc_a-memset.o)
 .ARM.attributes
                0x00000487       0x34 c:/Users/joabk/AppData/Roaming/Code/User/globalStorage/bmd.stm32-for-vscode/@xpack-dev-tools/arm-none-eabi-gcc/13.3.1-1.1.1/.content/bin/../lib/gcc/arm-none-eabi/13.3.1/../../../../arm-none-eabi/lib/thumb/v7e-m+fp/hard\libc_nano.a(libc_a-init.o)
 .ARM.attributes
                0x000004bb       0x22 c:/Users/joabk/AppData/Roaming/Code/User/globalStorage/bmd.stm32-for-vscode/@xpack-dev-tools/arm-none-eabi-gcc/13.3.1-1.1.1/.content/bin/../lib/gcc/arm-none-eabi/13.3.1/thumb/v7e-m+fp/hard\libgcc.a(_aeabi_uldivmod.o)
 .ARM.attributes
                0x000004dd       0x34 c:/Users/joabk/AppData/Roaming/Code/User/globalStorage/bmd.stm32-for-vscode/@xpack-dev-tools/arm-none-eabi-gcc/13.3.1-1.1.1/.content/bin/../lib/gcc/arm-none-eabi/13.3.1/thumb/v7e-m+fp/hard\libgcc.a(_udivmoddi4.o)
 .ARM.attributes
                0x00000511       0x22 c:/Users/joabk/AppData/Roaming/Code/User/globalStorage/bmd.stm32-for-vscode/@xpack-dev-tools/arm-none-eabi-gcc/13.3.1-1.1.1/.content/bin/../lib/gcc/arm-none-eabi/13.3.1/thumb/v7e-m+fp/hard\libgcc.a(_dvmd_tls.o)
 .ARM.attributes
                0x00000533       0x22 c:/Users/joabk/AppData/Roaming/Code/User/globalStorage/bmd.stm32-for-vscode/@xpack-dev-tools/arm-none-eabi-gcc/13.3.1-1.1.1/.content/bin/../lib/gcc/arm-none-eabi/13.3.1/thumb/v7e-m+fp/hard/crtn.o

.comment        0x00000000       0x39
 .comment       0x00000000       0x39 c:/Users/joabk/AppData/Roaming/Code/User/globalStorage/bmd.stm32-for-vscode/@xpack-dev-tools/arm-none-eabi-gcc/13.3.1-1.1.1/.content/bin/../lib/gcc/arm-none-eabi/13.3.1/thumb/v7e-m+fp/hard/crtbegin.o
                                 0x3a (size before relaxing)
 .comment       0x00000039       0x3a build/debug/diskio.o
 .comment       0x00000039       0x3a build/debug/fatfs.o
 .comment       0x00000039       0x3a build/debug/ff.o
 .comment       0x00000039       0x3a build/debug/ff_gen_drv.o
 .comment       0x00000039       0x3a build/debug/main.o
 .comment       0x00000039       0x3a build/debug/stm32f4xx_hal.o
 .comment       0x00000039       0x3a build/debug/stm32f4xx_hal_cortex.o
 .comment       0x00000039       0x3a build/debug/stm32f4xx_hal_dma.o
 .comment       0x00000039       0x3a build/debug/stm32f4xx_hal_gpio.o
 .comment       0x00000039       0x3a build/debug/stm32f4xx_hal_i2c.o
 .comment       0x00000039       0x3a build/debug/stm32f4xx_hal_msp.o
 .comment       0x00000039       0x3a build/debug/stm32f4xx_hal_rcc.o
 .comment       0x00000039       0x3a build/debug/stm32f4xx_hal_spi.o
 .comment       0x00000039       0x3a build/debug/stm32f4xx_hal_tim.o
 .comment       0x00000039       0x3a build/debug/stm32f4xx_hal_tim_ex.o
 .comment       0x00000039       0x3a build/debug/stm32f4xx_it.o
 .comment       0x00000039       0x3a build/debug/system_stm32f4xx.o
 .comment       0x00000039       0x3a build/debug/user_diskio.o
 .comment       0x00000039       0x3a build/debug/user_diskio_spi.o
 .comment       0x00000039       0x3a c:/Users/joabk/AppData/Roaming/Code/User/globalStorage/bmd.stm32-for-vscode/@xpack-dev-tools/arm-none-eabi-gcc/13.3.1-1.1.1/.content/bin/../lib/gcc/arm-none-eabi/13.3.1/../../../../arm-none-eabi/lib/thumb/v7e-m+fp/hard\libc_nano.a(libc_a-memset.o)
 .comment       0x00000039       0x3a c:/Users/joabk/AppData/Roaming/Code/User/globalStorage/bmd.stm32-for-vscode/@xpack-dev-tools/arm-none-eabi-gcc/13.3.1-1.1.1/.content/bin/../lib/gcc/arm-none-eabi/13.3.1/../../../../arm-none-eabi/lib/thumb/v7e-m+fp/hard\libc_nano.a(libc_a-init.o)
 .comment       0x00000039       0x3a c:/Users/joabk/AppData/Roaming/Code/User/globalStorage/bmd.stm32-for-vscode/@xpack-dev-tools/arm-none-eabi-gcc/13.3.1-1.1.1/.content/bin/../lib/gcc/arm-none-eabi/13.3.1/thumb/v7e-m+fp/hard\libgcc.a(_udivmoddi4.o)

.debug_info     0x00000000    0x19097
 .debug_info    0x00000000      0x4ba build/debug/diskio.o
 .debug_info    0x000004ba      0x4e9 build/debug/fatfs.o
 .debug_info    0x000009a3     0x43a6 build/debug/ff.o
 .debug_info    0x00004d49      0x3f5 build/debug/ff_gen_drv.o
 .debug_info    0x0000513e     0x1c65 build/debug/main.o
 .debug_info    0x00006da3      0x959 build/debug/stm32f4xx_hal.o
 .debug_info    0x000076fc      0xf5f build/debug/stm32f4xx_hal_cortex.o
 .debug_info    0x0000865b      0xad8 build/debug/stm32f4xx_hal_dma.o
 .debug_info    0x00009133      0x73a build/debug/stm32f4xx_hal_gpio.o
 .debug_info    0x0000986d     0x3816 build/debug/stm32f4xx_hal_i2c.o
 .debug_info    0x0000d083     0x1504 build/debug/stm32f4xx_hal_msp.o
 .debug_info    0x0000e587      0xac3 build/debug/stm32f4xx_hal_rcc.o
 .debug_info    0x0000f04a     0x1cd7 build/debug/stm32f4xx_hal_spi.o
 .debug_info    0x00010d21     0x3c4c build/debug/stm32f4xx_hal_tim.o
 .debug_info    0x0001496d     0x1ae5 build/debug/stm32f4xx_hal_tim_ex.o
 .debug_info    0x00016452      0x740 build/debug/stm32f4xx_it.o
 .debug_info    0x00016b92      0x553 build/debug/system_stm32f4xx.o
 .debug_info    0x000170e5      0x4c2 build/debug/user_diskio.o
 .debug_info    0x000175a7     0x135d build/debug/user_diskio_spi.o
 .debug_info    0x00018904       0x30 build/debug/startup_stm32f401xe.o
 .debug_info    0x00018934       0x24 c:/Users/joabk/AppData/Roaming/Code/User/globalStorage/bmd.stm32-for-vscode/@xpack-dev-tools/arm-none-eabi-gcc/13.3.1-1.1.1/.content/bin/../lib/gcc/arm-none-eabi/13.3.1/thumb/v7e-m+fp/hard\libgcc.a(_aeabi_uldivmod.o)
 .debug_info    0x00018958      0x703 c:/Users/joabk/AppData/Roaming/Code/User/globalStorage/bmd.stm32-for-vscode/@xpack-dev-tools/arm-none-eabi-gcc/13.3.1-1.1.1/.content/bin/../lib/gcc/arm-none-eabi/13.3.1/thumb/v7e-m+fp/hard\libgcc.a(_udivmoddi4.o)
 .debug_info    0x0001905b       0x3c c:/Users/joabk/AppData/Roaming/Code/User/globalStorage/bmd.stm32-for-vscode/@xpack-dev-tools/arm-none-eabi-gcc/13.3.1-1.1.1/.content/bin/../lib/gcc/arm-none-eabi/13.3.1/thumb/v7e-m+fp/hard\libgcc.a(_dvmd_tls.o)

.debug_abbrev   0x00000000     0x2e7f
 .debug_abbrev  0x00000000      0x1bb build/debug/diskio.o
 .debug_abbrev  0x000001bb      0x170 build/debug/fatfs.o
 .debug_abbrev  0x0000032b      0x2d5 build/debug/ff.o
 .debug_abbrev  0x00000600      0x1af build/debug/ff_gen_drv.o
 .debug_abbrev  0x000007af      0x36c build/debug/main.o
 .debug_abbrev  0x00000b1b      0x277 build/debug/stm32f4xx_hal.o
 .debug_abbrev  0x00000d92      0x391 build/debug/stm32f4xx_hal_cortex.o
 .debug_abbrev  0x00001123      0x27d build/debug/stm32f4xx_hal_dma.o
 .debug_abbrev  0x000013a0      0x201 build/debug/stm32f4xx_hal_gpio.o
 .debug_abbrev  0x000015a1      0x2d2 build/debug/stm32f4xx_hal_i2c.o
 .debug_abbrev  0x00001873      0x288 build/debug/stm32f4xx_hal_msp.o
 .debug_abbrev  0x00001afb      0x2c6 build/debug/stm32f4xx_hal_rcc.o
 .debug_abbrev  0x00001dc1      0x26e build/debug/stm32f4xx_hal_spi.o
 .debug_abbrev  0x0000202f      0x284 build/debug/stm32f4xx_hal_tim.o
 .debug_abbrev  0x000022b3      0x282 build/debug/stm32f4xx_hal_tim_ex.o
 .debug_abbrev  0x00002535      0x1dc build/debug/stm32f4xx_it.o
 .debug_abbrev  0x00002711      0x11e build/debug/system_stm32f4xx.o
 .debug_abbrev  0x0000282f      0x159 build/debug/user_diskio.o
 .debug_abbrev  0x00002988      0x32f build/debug/user_diskio_spi.o
 .debug_abbrev  0x00002cb7       0x24 build/debug/startup_stm32f401xe.o
 .debug_abbrev  0x00002cdb       0x14 c:/Users/joabk/AppData/Roaming/Code/User/globalStorage/bmd.stm32-for-vscode/@xpack-dev-tools/arm-none-eabi-gcc/13.3.1-1.1.1/.content/bin/../lib/gcc/arm-none-eabi/13.3.1/thumb/v7e-m+fp/hard\libgcc.a(_aeabi_uldivmod.o)
 .debug_abbrev  0x00002cef      0x16a c:/Users/joabk/AppData/Roaming/Code/User/globalStorage/bmd.stm32-for-vscode/@xpack-dev-tools/arm-none-eabi-gcc/13.3.1-1.1.1/.content/bin/../lib/gcc/arm-none-eabi/13.3.1/thumb/v7e-m+fp/hard\libgcc.a(_udivmoddi4.o)
 .debug_abbrev  0x00002e59       0x26 c:/Users/joabk/AppData/Roaming/Code/User/globalStorage/bmd.stm32-for-vscode/@xpack-dev-tools/arm-none-eabi-gcc/13.3.1-1.1.1/.content/bin/../lib/gcc/arm-none-eabi/13.3.1/thumb/v7e-m+fp/hard\libgcc.a(_dvmd_tls.o)

.debug_loclists
                0x00000000     0xfa07
 .debug_loclists
                0x00000000      0x1e3 build/debug/diskio.o
 .debug_loclists
                0x000001e3     0x3737 build/debug/ff.o
 .debug_loclists
                0x0000391a      0x1fe build/debug/ff_gen_drv.o
 .debug_loclists
                0x00003b18       0x4b build/debug/main.o
 .debug_loclists
                0x00003b63       0xe1 build/debug/stm32f4xx_hal.o
 .debug_loclists
                0x00003c44      0x54d build/debug/stm32f4xx_hal_cortex.o
 .debug_loclists
                0x00004191      0x88a build/debug/stm32f4xx_hal_dma.o
 .debug_loclists
                0x00004a1b      0x386 build/debug/stm32f4xx_hal_gpio.o
 .debug_loclists
                0x00004da1     0x31d0 build/debug/stm32f4xx_hal_i2c.o
 .debug_loclists
                0x00007f71      0x179 build/debug/stm32f4xx_hal_msp.o
 .debug_loclists
                0x000080ea      0x3e5 build/debug/stm32f4xx_hal_rcc.o
 .debug_loclists
                0x000084cf     0x14f7 build/debug/stm32f4xx_hal_spi.o
 .debug_loclists
                0x000099c6     0x37d2 build/debug/stm32f4xx_hal_tim.o
 .debug_loclists
                0x0000d198     0x13e0 build/debug/stm32f4xx_hal_tim_ex.o
 .debug_loclists
                0x0000e578       0x79 build/debug/system_stm32f4xx.o
 .debug_loclists
                0x0000e5f1      0x185 build/debug/user_diskio.o
 .debug_loclists
                0x0000e776      0x87c build/debug/user_diskio_spi.o
 .debug_loclists
                0x0000eff2      0xa15 c:/Users/joabk/AppData/Roaming/Code/User/globalStorage/bmd.stm32-for-vscode/@xpack-dev-tools/arm-none-eabi-gcc/13.3.1-1.1.1/.content/bin/../lib/gcc/arm-none-eabi/13.3.1/thumb/v7e-m+fp/hard\libgcc.a(_udivmoddi4.o)

.debug_aranges  0x00000000     0x1278
 .debug_aranges
                0x00000000       0x48 build/debug/diskio.o
 .debug_aranges
                0x00000048       0x28 build/debug/fatfs.o
 .debug_aranges
                0x00000070      0x208 build/debug/ff.o
 .debug_aranges
                0x00000278       0x40 build/debug/ff_gen_drv.o
 .debug_aranges
                0x000002b8       0x70 build/debug/main.o
 .debug_aranges
                0x00000328       0xf0 build/debug/stm32f4xx_hal.o
 .debug_aranges
                0x00000418       0xf8 build/debug/stm32f4xx_hal_cortex.o
 .debug_aranges
                0x00000510       0x90 build/debug/stm32f4xx_hal_dma.o
 .debug_aranges
                0x000005a0       0x58 build/debug/stm32f4xx_hal_gpio.o
 .debug_aranges
                0x000005f8      0x2a8 build/debug/stm32f4xx_hal_i2c.o
 .debug_aranges
                0x000008a0       0x50 build/debug/stm32f4xx_hal_msp.o
 .debug_aranges
                0x000008f0       0x88 build/debug/stm32f4xx_hal_rcc.o
 .debug_aranges
                0x00000978      0x1d0 build/debug/stm32f4xx_hal_spi.o
 .debug_aranges
                0x00000b48      0x3d0 build/debug/stm32f4xx_hal_tim.o
 .debug_aranges
                0x00000f18      0x168 build/debug/stm32f4xx_hal_tim_ex.o
 .debug_aranges
                0x00001080       0x70 build/debug/stm32f4xx_it.o
 .debug_aranges
                0x000010f0       0x28 build/debug/system_stm32f4xx.o
 .debug_aranges
                0x00001118       0x40 build/debug/user_diskio.o
 .debug_aranges
                0x00001158       0x98 build/debug/user_diskio_spi.o
 .debug_aranges
                0x000011f0       0x28 build/debug/startup_stm32f401xe.o
 .debug_aranges
                0x00001218       0x20 c:/Users/joabk/AppData/Roaming/Code/User/globalStorage/bmd.stm32-for-vscode/@xpack-dev-tools/arm-none-eabi-gcc/13.3.1-1.1.1/.content/bin/../lib/gcc/arm-none-eabi/13.3.1/thumb/v7e-m+fp/hard\libgcc.a(_aeabi_uldivmod.o)
 .debug_aranges
                0x00001238       0x20 c:/Users/joabk/AppData/Roaming/Code/User/globalStorage/bmd.stm32-for-vscode/@xpack-dev-tools/arm-none-eabi-gcc/13.3.1-1.1.1/.content/bin/../lib/gcc/arm-none-eabi/13.3.1/thumb/v7e-m+fp/hard\libgcc.a(_udivmoddi4.o)
 .debug_aranges
                0x00001258       0x20 c:/Users/joabk/AppData/Roaming/Code/User/globalStorage/bmd.stm32-for-vscode/@xpack-dev-tools/arm-none-eabi-gcc/13.3.1-1.1.1/.content/bin/../lib/gcc/arm-none-eabi/13.3.1/thumb/v7e-m+fp/hard\libgcc.a(_dvmd_tls.o)

.debug_rnglists
                0x00000000      0xe8e
 .debug_rnglists
                0x00000000       0x31 build/debug/diskio.o
 .debug_rnglists
                0x00000031       0x19 build/debug/fatfs.o
 .debug_rnglists
                0x0000004a      0x198 build/debug/ff.o
 .debug_rnglists
                0x000001e2       0x2b build/debug/ff_gen_drv.o
 .debug_rnglists
                0x0000020d       0x52 build/debug/main.o
 .debug_rnglists
                0x0000025f       0xaf build/debug/stm32f4xx_hal.o
 .debug_rnglists
                0x0000030e       0xb5 build/debug/stm32f4xx_hal_cortex.o
 .debug_rnglists
                0x000003c3       0x6c build/debug/stm32f4xx_hal_dma.o
 .debug_rnglists
                0x0000042f       0x3f build/debug/stm32f4xx_hal_gpio.o
 .debug_rnglists
                0x0000046e      0x236 build/debug/stm32f4xx_hal_i2c.o
 .debug_rnglists
                0x000006a4       0x3a build/debug/stm32f4xx_hal_msp.o
 .debug_rnglists
                0x000006de       0x75 build/debug/stm32f4xx_hal_rcc.o
 .debug_rnglists
                0x00000753      0x16a build/debug/stm32f4xx_hal_spi.o
 .debug_rnglists
                0x000008bd      0x2ff build/debug/stm32f4xx_hal_tim.o
 .debug_rnglists
                0x00000bbc      0x11a build/debug/stm32f4xx_hal_tim_ex.o
 .debug_rnglists
                0x00000cd6       0x4f build/debug/stm32f4xx_it.o
 .debug_rnglists
                0x00000d25       0x1a build/debug/system_stm32f4xx.o
 .debug_rnglists
                0x00000d3f       0x2b build/debug/user_diskio.o
 .debug_rnglists
                0x00000d6a       0x72 build/debug/user_diskio_spi.o
 .debug_rnglists
                0x00000ddc       0x19 build/debug/startup_stm32f401xe.o
 .debug_rnglists
                0x00000df5       0x99 c:/Users/joabk/AppData/Roaming/Code/User/globalStorage/bmd.stm32-for-vscode/@xpack-dev-tools/arm-none-eabi-gcc/13.3.1-1.1.1/.content/bin/../lib/gcc/arm-none-eabi/13.3.1/thumb/v7e-m+fp/hard\libgcc.a(_udivmoddi4.o)

.debug_line     0x00000000    0x1809f
 .debug_line    0x00000000      0x2f2 build/debug/diskio.o
 .debug_line    0x000002f2      0x24b build/debug/fatfs.o
 .debug_line    0x0000053d     0x4242 build/debug/ff.o
 .debug_line    0x0000477f      0x324 build/debug/ff_gen_drv.o
 .debug_line    0x00004aa3      0x77b build/debug/main.o
 .debug_line    0x0000521e      0x60f build/debug/stm32f4xx_hal.o
 .debug_line    0x0000582d      0x8d2 build/debug/stm32f4xx_hal_cortex.o
 .debug_line    0x000060ff      0xedb build/debug/stm32f4xx_hal_dma.o
 .debug_line    0x00006fda      0x761 build/debug/stm32f4xx_hal_gpio.o
 .debug_line    0x0000773b     0x5513 build/debug/stm32f4xx_hal_i2c.o
 .debug_line    0x0000cc4e      0x5cd build/debug/stm32f4xx_hal_msp.o
 .debug_line    0x0000d21b      0xc65 build/debug/stm32f4xx_hal_rcc.o
 .debug_line    0x0000de80     0x2519 build/debug/stm32f4xx_hal_spi.o
 .debug_line    0x00010399     0x4709 build/debug/stm32f4xx_hal_tim.o
 .debug_line    0x00014aa2     0x1afb build/debug/stm32f4xx_hal_tim_ex.o
 .debug_line    0x0001659d      0x36c build/debug/stm32f4xx_it.o
 .debug_line    0x00016909      0x2f6 build/debug/system_stm32f4xx.o
 .debug_line    0x00016bff      0x136 build/debug/user_diskio.o
 .debug_line    0x00016d35      0xc9c build/debug/user_diskio_spi.o
 .debug_line    0x000179d1       0x76 build/debug/startup_stm32f401xe.o
 .debug_line    0x00017a47       0x4e c:/Users/joabk/AppData/Roaming/Code/User/globalStorage/bmd.stm32-for-vscode/@xpack-dev-tools/arm-none-eabi-gcc/13.3.1-1.1.1/.content/bin/../lib/gcc/arm-none-eabi/13.3.1/thumb/v7e-m+fp/hard\libgcc.a(_aeabi_uldivmod.o)
 .debug_line    0x00017a95      0x5c0 c:/Users/joabk/AppData/Roaming/Code/User/globalStorage/bmd.stm32-for-vscode/@xpack-dev-tools/arm-none-eabi-gcc/13.3.1-1.1.1/.content/bin/../lib/gcc/arm-none-eabi/13.3.1/thumb/v7e-m+fp/hard\libgcc.a(_udivmoddi4.o)
 .debug_line    0x00018055       0x4a c:/Users/joabk/AppData/Roaming/Code/User/globalStorage/bmd.stm32-for-vscode/@xpack-dev-tools/arm-none-eabi-gcc/13.3.1-1.1.1/.content/bin/../lib/gcc/arm-none-eabi/13.3.1/thumb/v7e-m+fp/hard\libgcc.a(_dvmd_tls.o)

.debug_str      0x00000000     0x55cc
 .debug_str     0x00000000     0x55cc build/debug/diskio.o
                                0x2c3 (size before relaxing)
 .debug_str     0x000055cc      0x398 build/debug/fatfs.o
 .debug_str     0x000055cc      0x841 build/debug/ff.o
 .debug_str     0x000055cc      0x314 build/debug/ff_gen_drv.o
 .debug_str     0x000055cc     0x164f build/debug/main.o
 .debug_str     0x000055cc      0xa2f build/debug/stm32f4xx_hal.o
 .debug_str     0x000055cc      0xb2e build/debug/stm32f4xx_hal_cortex.o
 .debug_str     0x000055cc      0x791 build/debug/stm32f4xx_hal_dma.o
 .debug_str     0x000055cc      0x50d build/debug/stm32f4xx_hal_gpio.o
 .debug_str     0x000055cc     0x105d build/debug/stm32f4xx_hal_i2c.o
 .debug_str     0x000055cc     0x11cc build/debug/stm32f4xx_hal_msp.o
 .debug_str     0x000055cc      0x733 build/debug/stm32f4xx_hal_rcc.o
 .debug_str     0x000055cc      0xc0f build/debug/stm32f4xx_hal_spi.o
 .debug_str     0x000055cc     0x171a build/debug/stm32f4xx_hal_tim.o
 .debug_str     0x000055cc      0xf26 build/debug/stm32f4xx_hal_tim_ex.o
 .debug_str     0x000055cc      0x806 build/debug/stm32f4xx_it.o
 .debug_str     0x000055cc      0x3a2 build/debug/system_stm32f4xx.o
 .debug_str     0x000055cc      0x309 build/debug/user_diskio.o
 .debug_str     0x000055cc      0x8c1 build/debug/user_diskio_spi.o
 .debug_str     0x000055cc       0x99 build/debug/startup_stm32f401xe.o
 .debug_str     0x000055cc      0x13a c:/Users/joabk/AppData/Roaming/Code/User/globalStorage/bmd.stm32-for-vscode/@xpack-dev-tools/arm-none-eabi-gcc/13.3.1-1.1.1/.content/bin/../lib/gcc/arm-none-eabi/13.3.1/thumb/v7e-m+fp/hard\libgcc.a(_aeabi_uldivmod.o)
 .debug_str     0x000055cc      0x753 c:/Users/joabk/AppData/Roaming/Code/User/globalStorage/bmd.stm32-for-vscode/@xpack-dev-tools/arm-none-eabi-gcc/13.3.1-1.1.1/.content/bin/../lib/gcc/arm-none-eabi/13.3.1/thumb/v7e-m+fp/hard\libgcc.a(_udivmoddi4.o)
 .debug_str     0x000055cc      0x15a c:/Users/joabk/AppData/Roaming/Code/User/globalStorage/bmd.stm32-for-vscode/@xpack-dev-tools/arm-none-eabi-gcc/13.3.1-1.1.1/.content/bin/../lib/gcc/arm-none-eabi/13.3.1/thumb/v7e-m+fp/hard\libgcc.a(_dvmd_tls.o)

.debug_frame    0x00000000     0x3580
 .debug_frame   0x00000000       0xa4 build/debug/diskio.o
 .debug_frame   0x000000a4       0x38 build/debug/fatfs.o
 .debug_frame   0x000000dc      0x7cc build/debug/ff.o
 .debug_frame   0x000008a8       0x7c build/debug/ff_gen_drv.o
 .debug_frame   0x00000924      0x12c build/debug/main.o
 .debug_frame   0x00000a50      0x1ec build/debug/stm32f4xx_hal.o
 .debug_frame   0x00000c3c      0x214 build/debug/stm32f4xx_hal_cortex.o
 .debug_frame   0x00000e50      0x188 build/debug/stm32f4xx_hal_dma.o
 .debug_frame   0x00000fd8       0xd8 build/debug/stm32f4xx_hal_gpio.o
 .debug_frame   0x000010b0      0x988 build/debug/stm32f4xx_hal_i2c.o
 .debug_frame   0x00001a38       0xd8 build/debug/stm32f4xx_hal_msp.o
 .debug_frame   0x00001b10      0x16c build/debug/stm32f4xx_hal_rcc.o
 .debug_frame   0x00001c7c      0x5d0 build/debug/stm32f4xx_hal_spi.o
 .debug_frame   0x0000224c      0xb20 build/debug/stm32f4xx_hal_tim.o
 .debug_frame   0x00002d6c      0x418 build/debug/stm32f4xx_hal_tim_ex.o
 .debug_frame   0x00003184       0xe0 build/debug/stm32f4xx_it.o
 .debug_frame   0x00003264       0x30 build/debug/system_stm32f4xx.o
 .debug_frame   0x00003294       0x88 build/debug/user_diskio.o
 .debug_frame   0x0000331c      0x204 build/debug/user_diskio_spi.o
 .debug_frame   0x00003520       0x2c c:/Users/joabk/AppData/Roaming/Code/User/globalStorage/bmd.stm32-for-vscode/@xpack-dev-tools/arm-none-eabi-gcc/13.3.1-1.1.1/.content/bin/../lib/gcc/arm-none-eabi/13.3.1/thumb/v7e-m+fp/hard\libgcc.a(_aeabi_uldivmod.o)
 .debug_frame   0x0000354c       0x34 c:/Users/joabk/AppData/Roaming/Code/User/globalStorage/bmd.stm32-for-vscode/@xpack-dev-tools/arm-none-eabi-gcc/13.3.1-1.1.1/.content/bin/../lib/gcc/arm-none-eabi/13.3.1/thumb/v7e-m+fp/hard\libgcc.a(_udivmoddi4.o)

.debug_line_str
                0x00000000      0x1b5
 .debug_line_str
                0x00000000      0x1b5 build/debug/startup_stm32f401xe.o
                                 0x7d (size before relaxing)
 .debug_line_str
                0x000001b5      0x12c c:/Users/joabk/AppData/Roaming/Code/User/globalStorage/bmd.stm32-for-vscode/@xpack-dev-tools/arm-none-eabi-gcc/13.3.1-1.1.1/.content/bin/../lib/gcc/arm-none-eabi/13.3.1/thumb/v7e-m+fp/hard\libgcc.a(_aeabi_uldivmod.o)
 .debug_line_str
                0x000001b5      0x130 c:/Users/joabk/AppData/Roaming/Code/User/globalStorage/bmd.stm32-for-vscode/@xpack-dev-tools/arm-none-eabi-gcc/13.3.1-1.1.1/.content/bin/../lib/gcc/arm-none-eabi/13.3.1/thumb/v7e-m+fp/hard\libgcc.a(_dvmd_tls.o)

Cross Reference Table

Symbol                                            File
ADC_IRQHandler                                    build/debug/startup_stm32f401xe.o
AHBPrescTable                                     build/debug/system_stm32f4xx.o
                                                  build/debug/stm32f4xx_hal_rcc.o
APBPrescTable                                     build/debug/system_stm32f4xx.o
                                                  build/debug/stm32f4xx_hal_rcc.o
Atlas_I2C                                         build/debug/main.o
BusFault_Handler                                  build/debug/stm32f4xx_it.o
DMA1_Stream0_IRQHandler                           build/debug/startup_stm32f401xe.o
DMA1_Stream1_IRQHandler                           build/debug/startup_stm32f401xe.o
DMA1_Stream2_IRQHandler                           build/debug/startup_stm32f401xe.o
DMA1_Stream3_IRQHandler                           build/debug/startup_stm32f401xe.o
DMA1_Stream4_IRQHandler                           build/debug/startup_stm32f401xe.o
DMA1_Stream5_IRQHandler                           build/debug/startup_stm32f401xe.o
DMA1_Stream6_IRQHandler                           build/debug/startup_stm32f401xe.o
DMA1_Stream7_IRQHandler                           build/debug/startup_stm32f401xe.o
DMA2_Stream0_IRQHandler                           build/debug/stm32f4xx_it.o
DMA2_Stream1_IRQHandler                           build/debug/startup_stm32f401xe.o
DMA2_Stream2_IRQHandler                           build/debug/startup_stm32f401xe.o
DMA2_Stream3_IRQHandler                           build/debug/startup_stm32f401xe.o
DMA2_Stream4_IRQHandler                           build/debug/startup_stm32f401xe.o
DMA2_Stream5_IRQHandler                           build/debug/startup_stm32f401xe.o
DMA2_Stream6_IRQHandler                           build/debug/startup_stm32f401xe.o
DMA2_Stream7_IRQHandler                           build/debug/startup_stm32f401xe.o
DebugMon_Handler                                  build/debug/stm32f4xx_it.o
Default_Handler                                   build/debug/startup_stm32f401xe.o
EXTI0_IRQHandler                                  build/debug/startup_stm32f401xe.o
EXTI15_10_IRQHandler                              build/debug/startup_stm32f401xe.o
EXTI1_IRQHandler                                  build/debug/startup_stm32f401xe.o
EXTI2_IRQHandler                                  build/debug/startup_stm32f401xe.o
EXTI3_IRQHandler                                  build/debug/startup_stm32f401xe.o
EXTI4_IRQHandler                                  build/debug/startup_stm32f401xe.o
EXTI9_5_IRQHandler                                build/debug/startup_stm32f401xe.o
Error_Handler                                     build/debug/main.o
                                                  build/debug/stm32f4xx_hal_msp.o
FATFS_GetAttachedDriversNbr                       build/debug/ff_gen_drv.o
FATFS_LinkDriver                                  build/debug/ff_gen_drv.o
                                                  build/debug/fatfs.o
FATFS_LinkDriverEx                                build/debug/ff_gen_drv.o
FATFS_UnLinkDriver                                build/debug/ff_gen_drv.o
FATFS_UnLinkDriverEx                              build/debug/ff_gen_drv.o
FLASH_Erase_Sector                                build/debug/stm32f4xx_hal_flash_ex.o
                                                  build/debug/stm32f4xx_hal_flash.o
FLASH_FlushCaches                                 build/debug/stm32f4xx_hal_flash_ex.o
                                                  build/debug/stm32f4xx_hal_flash.o
FLASH_IRQHandler                                  build/debug/startup_stm32f401xe.o
FLASH_WaitForLastOperation                        build/debug/stm32f4xx_hal_flash.o
                                                  build/debug/stm32f4xx_hal_flash_ex.o
FPU_IRQHandler                                    build/debug/startup_stm32f401xe.o
Font_11x18                                        build/debug/fonts.o
Font_16x26                                        build/debug/fonts.o
Font_7x10                                         build/debug/fonts.o
HAL_CORTEX_ClearEvent                             build/debug/stm32f4xx_hal_cortex.o
HAL_DBGMCU_DisableDBGSleepMode                    build/debug/stm32f4xx_hal.o
HAL_DBGMCU_DisableDBGStandbyMode                  build/debug/stm32f4xx_hal.o
HAL_DBGMCU_DisableDBGStopMode                     build/debug/stm32f4xx_hal.o
HAL_DBGMCU_EnableDBGSleepMode                     build/debug/stm32f4xx_hal.o
HAL_DBGMCU_EnableDBGStandbyMode                   build/debug/stm32f4xx_hal.o
HAL_DBGMCU_EnableDBGStopMode                      build/debug/stm32f4xx_hal.o
HAL_DMAEx_ChangeMemory                            build/debug/stm32f4xx_hal_dma_ex.o
HAL_DMAEx_MultiBufferStart                        build/debug/stm32f4xx_hal_dma_ex.o
HAL_DMAEx_MultiBufferStart_IT                     build/debug/stm32f4xx_hal_dma_ex.o
HAL_DMA_Abort                                     build/debug/stm32f4xx_hal_dma.o
                                                  build/debug/stm32f4xx_hal_spi.o
HAL_DMA_Abort_IT                                  build/debug/stm32f4xx_hal_dma.o
                                                  build/debug/stm32f4xx_hal_tim_ex.o
                                                  build/debug/stm32f4xx_hal_tim.o
                                                  build/debug/stm32f4xx_hal_spi.o
                                                  build/debug/stm32f4xx_hal_i2c.o
HAL_DMA_DeInit                                    build/debug/stm32f4xx_hal_dma.o
                                                  build/debug/stm32f4xx_hal_msp.o
HAL_DMA_GetError                                  build/debug/stm32f4xx_hal_dma.o
                                                  build/debug/stm32f4xx_hal_i2c.o
HAL_DMA_GetState                                  build/debug/stm32f4xx_hal_dma.o
                                                  build/debug/stm32f4xx_hal_i2c.o
HAL_DMA_IRQHandler                                build/debug/stm32f4xx_hal_dma.o
                                                  build/debug/stm32f4xx_it.o
HAL_DMA_Init                                      build/debug/stm32f4xx_hal_dma.o
                                                  build/debug/stm32f4xx_hal_msp.o
HAL_DMA_PollForTransfer                           build/debug/stm32f4xx_hal_dma.o
HAL_DMA_RegisterCallback                          build/debug/stm32f4xx_hal_dma.o
HAL_DMA_Start                                     build/debug/stm32f4xx_hal_dma.o
HAL_DMA_Start_IT                                  build/debug/stm32f4xx_hal_dma.o
                                                  build/debug/stm32f4xx_hal_tim_ex.o
                                                  build/debug/stm32f4xx_hal_tim.o
                                                  build/debug/stm32f4xx_hal_spi.o
                                                  build/debug/stm32f4xx_hal_i2c.o
HAL_DMA_UnRegisterCallback                        build/debug/stm32f4xx_hal_dma.o
HAL_DeInit                                        build/debug/stm32f4xx_hal.o
HAL_Delay                                         build/debug/stm32f4xx_hal.o
                                                  build/debug/ssd1306.o
HAL_DisableCompensationCell                       build/debug/stm32f4xx_hal.o
HAL_EXTI_ClearConfigLine                          build/debug/stm32f4xx_hal_exti.o
HAL_EXTI_ClearPending                             build/debug/stm32f4xx_hal_exti.o
HAL_EXTI_GenerateSWI                              build/debug/stm32f4xx_hal_exti.o
HAL_EXTI_GetConfigLine                            build/debug/stm32f4xx_hal_exti.o
HAL_EXTI_GetHandle                                build/debug/stm32f4xx_hal_exti.o
HAL_EXTI_GetPending                               build/debug/stm32f4xx_hal_exti.o
HAL_EXTI_IRQHandler                               build/debug/stm32f4xx_hal_exti.o
HAL_EXTI_RegisterCallback                         build/debug/stm32f4xx_hal_exti.o
HAL_EXTI_SetConfigLine                            build/debug/stm32f4xx_hal_exti.o
HAL_EnableCompensationCell                        build/debug/stm32f4xx_hal.o
HAL_FLASHEx_AdvOBGetConfig                        build/debug/stm32f4xx_hal_flash_ex.o
HAL_FLASHEx_AdvOBProgram                          build/debug/stm32f4xx_hal_flash_ex.o
HAL_FLASHEx_Erase                                 build/debug/stm32f4xx_hal_flash_ex.o
HAL_FLASHEx_Erase_IT                              build/debug/stm32f4xx_hal_flash_ex.o
HAL_FLASHEx_OBGetConfig                           build/debug/stm32f4xx_hal_flash_ex.o
HAL_FLASHEx_OBProgram                             build/debug/stm32f4xx_hal_flash_ex.o
HAL_FLASHEx_OB_DeSelectPCROP                      build/debug/stm32f4xx_hal_flash_ex.o
HAL_FLASHEx_OB_SelectPCROP                        build/debug/stm32f4xx_hal_flash_ex.o
HAL_FLASH_EndOfOperationCallback                  build/debug/stm32f4xx_hal_flash.o
HAL_FLASH_GetError                                build/debug/stm32f4xx_hal_flash.o
HAL_FLASH_IRQHandler                              build/debug/stm32f4xx_hal_flash.o
HAL_FLASH_Lock                                    build/debug/stm32f4xx_hal_flash.o
HAL_FLASH_OB_Launch                               build/debug/stm32f4xx_hal_flash.o
HAL_FLASH_OB_Lock                                 build/debug/stm32f4xx_hal_flash.o
HAL_FLASH_OB_Unlock                               build/debug/stm32f4xx_hal_flash.o
HAL_FLASH_OperationErrorCallback                  build/debug/stm32f4xx_hal_flash.o
HAL_FLASH_Program                                 build/debug/stm32f4xx_hal_flash.o
HAL_FLASH_Program_IT                              build/debug/stm32f4xx_hal_flash.o
HAL_FLASH_Unlock                                  build/debug/stm32f4xx_hal_flash.o
HAL_GPIO_DeInit                                   build/debug/stm32f4xx_hal_gpio.o
                                                  build/debug/stm32f4xx_hal_msp.o
HAL_GPIO_EXTI_Callback                            build/debug/stm32f4xx_hal_gpio.o
HAL_GPIO_EXTI_IRQHandler                          build/debug/stm32f4xx_hal_gpio.o
HAL_GPIO_Init                                     build/debug/stm32f4xx_hal_gpio.o
                                                  build/debug/stm32f4xx_hal_rcc.o
                                                  build/debug/stm32f4xx_hal_msp.o
                                                  build/debug/main.o
HAL_GPIO_LockPin                                  build/debug/stm32f4xx_hal_gpio.o
HAL_GPIO_ReadPin                                  build/debug/stm32f4xx_hal_gpio.o
HAL_GPIO_TogglePin                                build/debug/stm32f4xx_hal_gpio.o
                                                  build/debug/main.o
HAL_GPIO_WritePin                                 build/debug/stm32f4xx_hal_gpio.o
                                                  build/debug/user_diskio_spi.o
                                                  build/debug/main.o
HAL_GetDEVID                                      build/debug/stm32f4xx_hal.o
HAL_GetHalVersion                                 build/debug/stm32f4xx_hal.o
HAL_GetREVID                                      build/debug/stm32f4xx_hal.o
HAL_GetTick                                       build/debug/stm32f4xx_hal.o
                                                  build/debug/user_diskio_spi.o
                                                  build/debug/stm32f4xx_hal_spi.o
                                                  build/debug/stm32f4xx_hal_rcc_ex.o
                                                  build/debug/stm32f4xx_hal_rcc.o
                                                  build/debug/stm32f4xx_hal_pwr_ex.o
                                                  build/debug/stm32f4xx_hal_i2c.o
                                                  build/debug/stm32f4xx_hal_flash.o
                                                  build/debug/stm32f4xx_hal_dma.o
HAL_GetTickFreq                                   build/debug/stm32f4xx_hal.o
HAL_GetTickPrio                                   build/debug/stm32f4xx_hal.o
HAL_GetUIDw0                                      build/debug/stm32f4xx_hal.o
HAL_GetUIDw1                                      build/debug/stm32f4xx_hal.o
HAL_GetUIDw2                                      build/debug/stm32f4xx_hal.o
HAL_I2CEx_ConfigAnalogFilter                      build/debug/stm32f4xx_hal_i2c_ex.o
HAL_I2CEx_ConfigDigitalFilter                     build/debug/stm32f4xx_hal_i2c_ex.o
HAL_I2C_AbortCpltCallback                         build/debug/stm32f4xx_hal_i2c.o
HAL_I2C_AddrCallback                              build/debug/stm32f4xx_hal_i2c.o
HAL_I2C_DeInit                                    build/debug/stm32f4xx_hal_i2c.o
HAL_I2C_DisableListen_IT                          build/debug/stm32f4xx_hal_i2c.o
HAL_I2C_ER_IRQHandler                             build/debug/stm32f4xx_hal_i2c.o
HAL_I2C_EV_IRQHandler                             build/debug/stm32f4xx_hal_i2c.o
HAL_I2C_EnableListen_IT                           build/debug/stm32f4xx_hal_i2c.o
HAL_I2C_ErrorCallback                             build/debug/stm32f4xx_hal_i2c.o
HAL_I2C_GetError                                  build/debug/stm32f4xx_hal_i2c.o
HAL_I2C_GetMode                                   build/debug/stm32f4xx_hal_i2c.o
HAL_I2C_GetState                                  build/debug/stm32f4xx_hal_i2c.o
HAL_I2C_Init                                      build/debug/stm32f4xx_hal_i2c.o
                                                  build/debug/main.o
HAL_I2C_IsDeviceReady                             build/debug/stm32f4xx_hal_i2c.o
HAL_I2C_ListenCpltCallback                        build/debug/stm32f4xx_hal_i2c.o
HAL_I2C_MasterRxCpltCallback                      build/debug/stm32f4xx_hal_i2c.o
HAL_I2C_MasterTxCpltCallback                      build/debug/stm32f4xx_hal_i2c.o
HAL_I2C_Master_Abort_IT                           build/debug/stm32f4xx_hal_i2c.o
HAL_I2C_Master_Receive                            build/debug/stm32f4xx_hal_i2c.o
HAL_I2C_Master_Receive_DMA                        build/debug/stm32f4xx_hal_i2c.o
HAL_I2C_Master_Receive_IT                         build/debug/stm32f4xx_hal_i2c.o
HAL_I2C_Master_Seq_Receive_DMA                    build/debug/stm32f4xx_hal_i2c.o
HAL_I2C_Master_Seq_Receive_IT                     build/debug/stm32f4xx_hal_i2c.o
HAL_I2C_Master_Seq_Transmit_DMA                   build/debug/stm32f4xx_hal_i2c.o
HAL_I2C_Master_Seq_Transmit_IT                    build/debug/stm32f4xx_hal_i2c.o
HAL_I2C_Master_Transmit                           build/debug/stm32f4xx_hal_i2c.o
HAL_I2C_Master_Transmit_DMA                       build/debug/stm32f4xx_hal_i2c.o
HAL_I2C_Master_Transmit_IT                        build/debug/stm32f4xx_hal_i2c.o
HAL_I2C_MemRxCpltCallback                         build/debug/stm32f4xx_hal_i2c.o
HAL_I2C_MemTxCpltCallback                         build/debug/stm32f4xx_hal_i2c.o
HAL_I2C_Mem_Read                                  build/debug/stm32f4xx_hal_i2c.o
HAL_I2C_Mem_Read_DMA                              build/debug/stm32f4xx_hal_i2c.o
HAL_I2C_Mem_Read_IT                               build/debug/stm32f4xx_hal_i2c.o
HAL_I2C_Mem_Write                                 build/debug/stm32f4xx_hal_i2c.o
                                                  build/debug/ssd1306.o
HAL_I2C_Mem_Write_DMA                             build/debug/stm32f4xx_hal_i2c.o
HAL_I2C_Mem_Write_IT                              build/debug/stm32f4xx_hal_i2c.o
HAL_I2C_MspDeInit                                 build/debug/stm32f4xx_hal_msp.o
                                                  build/debug/stm32f4xx_hal_i2c.o
HAL_I2C_MspInit                                   build/debug/stm32f4xx_hal_msp.o
                                                  build/debug/stm32f4xx_hal_i2c.o
HAL_I2C_SlaveRxCpltCallback                       build/debug/stm32f4xx_hal_i2c.o
HAL_I2C_SlaveTxCpltCallback                       build/debug/stm32f4xx_hal_i2c.o
HAL_I2C_Slave_Receive                             build/debug/stm32f4xx_hal_i2c.o
HAL_I2C_Slave_Receive_DMA                         build/debug/stm32f4xx_hal_i2c.o
HAL_I2C_Slave_Receive_IT                          build/debug/stm32f4xx_hal_i2c.o
HAL_I2C_Slave_Seq_Receive_DMA                     build/debug/stm32f4xx_hal_i2c.o
HAL_I2C_Slave_Seq_Receive_IT                      build/debug/stm32f4xx_hal_i2c.o
HAL_I2C_Slave_Seq_Transmit_DMA                    build/debug/stm32f4xx_hal_i2c.o
HAL_I2C_Slave_Seq_Transmit_IT                     build/debug/stm32f4xx_hal_i2c.o
HAL_I2C_Slave_Transmit                            build/debug/stm32f4xx_hal_i2c.o
HAL_I2C_Slave_Transmit_DMA                        build/debug/stm32f4xx_hal_i2c.o
HAL_I2C_Slave_Transmit_IT                         build/debug/stm32f4xx_hal_i2c.o
HAL_IncTick                                       build/debug/stm32f4xx_hal.o
                                                  build/debug/stm32f4xx_it.o
HAL_Init                                          build/debug/stm32f4xx_hal.o
                                                  build/debug/main.o
HAL_InitTick                                      build/debug/stm32f4xx_hal.o
                                                  build/debug/stm32f4xx_hal_rcc_ex.o
                                                  build/debug/stm32f4xx_hal_rcc.o
HAL_MPU_ConfigRegion                              build/debug/stm32f4xx_hal_cortex.o
HAL_MPU_Disable                                   build/debug/stm32f4xx_hal_cortex.o
HAL_MPU_DisableRegion                             build/debug/stm32f4xx_hal_cortex.o
HAL_MPU_Enable                                    build/debug/stm32f4xx_hal_cortex.o
HAL_MPU_EnableRegion                              build/debug/stm32f4xx_hal_cortex.o
HAL_MspDeInit                                     build/debug/stm32f4xx_hal.o
HAL_MspInit                                       build/debug/stm32f4xx_hal_msp.o
                                                  build/debug/stm32f4xx_hal.o
HAL_NVIC_ClearPendingIRQ                          build/debug/stm32f4xx_hal_cortex.o
HAL_NVIC_DisableIRQ                               build/debug/stm32f4xx_hal_cortex.o
                                                  build/debug/stm32f4xx_hal_msp.o
HAL_NVIC_EnableIRQ                                build/debug/stm32f4xx_hal_cortex.o
                                                  build/debug/stm32f4xx_hal_msp.o
                                                  build/debug/main.o
HAL_NVIC_GetActive                                build/debug/stm32f4xx_hal_cortex.o
HAL_NVIC_GetPendingIRQ                            build/debug/stm32f4xx_hal_cortex.o
HAL_NVIC_GetPriority                              build/debug/stm32f4xx_hal_cortex.o
HAL_NVIC_GetPriorityGrouping                      build/debug/stm32f4xx_hal_cortex.o
HAL_NVIC_SetPendingIRQ                            build/debug/stm32f4xx_hal_cortex.o
HAL_NVIC_SetPriority                              build/debug/stm32f4xx_hal_cortex.o
                                                  build/debug/stm32f4xx_hal_msp.o
                                                  build/debug/stm32f4xx_hal.o
                                                  build/debug/main.o
HAL_NVIC_SetPriorityGrouping                      build/debug/stm32f4xx_hal_cortex.o
                                                  build/debug/stm32f4xx_hal.o
HAL_NVIC_SystemReset                              build/debug/stm32f4xx_hal_cortex.o
HAL_PWREx_ControlVoltageScaling                   build/debug/stm32f4xx_hal_pwr_ex.o
HAL_PWREx_DisableBkUpReg                          build/debug/stm32f4xx_hal_pwr_ex.o
HAL_PWREx_DisableFlashPowerDown                   build/debug/stm32f4xx_hal_pwr_ex.o
HAL_PWREx_DisableLowRegulatorLowVoltage           build/debug/stm32f4xx_hal_pwr_ex.o
HAL_PWREx_DisableMainRegulatorLowVoltage          build/debug/stm32f4xx_hal_pwr_ex.o
HAL_PWREx_EnableBkUpReg                           build/debug/stm32f4xx_hal_pwr_ex.o
HAL_PWREx_EnableFlashPowerDown                    build/debug/stm32f4xx_hal_pwr_ex.o
HAL_PWREx_EnableLowRegulatorLowVoltage            build/debug/stm32f4xx_hal_pwr_ex.o
HAL_PWREx_EnableMainRegulatorLowVoltage           build/debug/stm32f4xx_hal_pwr_ex.o
HAL_PWREx_GetVoltageRange                         build/debug/stm32f4xx_hal_pwr_ex.o
HAL_PWR_ConfigPVD                                 build/debug/stm32f4xx_hal_pwr.o
HAL_PWR_DeInit                                    build/debug/stm32f4xx_hal_pwr.o
HAL_PWR_DisableBkUpAccess                         build/debug/stm32f4xx_hal_pwr.o
HAL_PWR_DisablePVD                                build/debug/stm32f4xx_hal_pwr.o
HAL_PWR_DisableSEVOnPend                          build/debug/stm32f4xx_hal_pwr.o
HAL_PWR_DisableSleepOnExit                        build/debug/stm32f4xx_hal_pwr.o
HAL_PWR_DisableWakeUpPin                          build/debug/stm32f4xx_hal_pwr.o
HAL_PWR_EnableBkUpAccess                          build/debug/stm32f4xx_hal_pwr.o
HAL_PWR_EnablePVD                                 build/debug/stm32f4xx_hal_pwr.o
HAL_PWR_EnableSEVOnPend                           build/debug/stm32f4xx_hal_pwr.o
HAL_PWR_EnableSleepOnExit                         build/debug/stm32f4xx_hal_pwr.o
HAL_PWR_EnableWakeUpPin                           build/debug/stm32f4xx_hal_pwr.o
HAL_PWR_EnterSLEEPMode                            build/debug/stm32f4xx_hal_pwr.o
HAL_PWR_EnterSTANDBYMode                          build/debug/stm32f4xx_hal_pwr.o
HAL_PWR_EnterSTOPMode                             build/debug/stm32f4xx_hal_pwr.o
HAL_PWR_PVDCallback                               build/debug/stm32f4xx_hal_pwr.o
HAL_PWR_PVD_IRQHandler                            build/debug/stm32f4xx_hal_pwr.o
HAL_RCCEx_DisablePLLI2S                           build/debug/stm32f4xx_hal_rcc_ex.o
HAL_RCCEx_EnablePLLI2S                            build/debug/stm32f4xx_hal_rcc_ex.o
HAL_RCCEx_GetPeriphCLKConfig                      build/debug/stm32f4xx_hal_rcc_ex.o
HAL_RCCEx_GetPeriphCLKFreq                        build/debug/stm32f4xx_hal_rcc_ex.o
HAL_RCCEx_PeriphCLKConfig                         build/debug/stm32f4xx_hal_rcc_ex.o
HAL_RCC_CSSCallback                               build/debug/stm32f4xx_hal_rcc.o
HAL_RCC_ClockConfig                               build/debug/stm32f4xx_hal_rcc.o
                                                  build/debug/main.o
HAL_RCC_DeInit                                    build/debug/stm32f4xx_hal_rcc_ex.o
                                                  build/debug/stm32f4xx_hal_rcc.o
HAL_RCC_DisableCSS                                build/debug/stm32f4xx_hal_rcc.o
HAL_RCC_EnableCSS                                 build/debug/stm32f4xx_hal_rcc.o
                                                  build/debug/main.o
HAL_RCC_GetClockConfig                            build/debug/stm32f4xx_hal_rcc.o
HAL_RCC_GetHCLKFreq                               build/debug/stm32f4xx_hal_rcc.o
HAL_RCC_GetOscConfig                              build/debug/stm32f4xx_hal_rcc.o
HAL_RCC_GetPCLK1Freq                              build/debug/stm32f4xx_hal_rcc.o
                                                  build/debug/stm32f4xx_hal_i2c.o
HAL_RCC_GetPCLK2Freq                              build/debug/stm32f4xx_hal_rcc.o
HAL_RCC_GetSysClockFreq                           build/debug/stm32f4xx_hal_rcc.o
HAL_RCC_MCOConfig                                 build/debug/stm32f4xx_hal_rcc.o
HAL_RCC_NMI_IRQHandler                            build/debug/stm32f4xx_hal_rcc.o
                                                  build/debug/stm32f4xx_it.o
HAL_RCC_OscConfig                                 build/debug/stm32f4xx_hal_rcc.o
                                                  build/debug/main.o
HAL_ResumeTick                                    build/debug/stm32f4xx_hal.o
HAL_SPI_Abort                                     build/debug/stm32f4xx_hal_spi.o
HAL_SPI_AbortCpltCallback                         build/debug/stm32f4xx_hal_spi.o
HAL_SPI_Abort_IT                                  build/debug/stm32f4xx_hal_spi.o
HAL_SPI_DMAPause                                  build/debug/stm32f4xx_hal_spi.o
HAL_SPI_DMAResume                                 build/debug/stm32f4xx_hal_spi.o
HAL_SPI_DMAStop                                   build/debug/stm32f4xx_hal_spi.o
HAL_SPI_DeInit                                    build/debug/stm32f4xx_hal_spi.o
HAL_SPI_ErrorCallback                             build/debug/stm32f4xx_hal_spi.o
HAL_SPI_GetError                                  build/debug/stm32f4xx_hal_spi.o
HAL_SPI_GetState                                  build/debug/stm32f4xx_hal_spi.o
HAL_SPI_IRQHandler                                build/debug/stm32f4xx_hal_spi.o
HAL_SPI_Init                                      build/debug/stm32f4xx_hal_spi.o
                                                  build/debug/main.o
HAL_SPI_MspDeInit                                 build/debug/stm32f4xx_hal_msp.o
HAL_SPI_MspInit                                   build/debug/stm32f4xx_hal_msp.o
HAL_SPI_Receive                                   build/debug/stm32f4xx_hal_spi.o
HAL_SPI_Receive_DMA                               build/debug/stm32f4xx_hal_spi.o
HAL_SPI_Receive_IT                                build/debug/stm32f4xx_hal_spi.o
HAL_SPI_RxCpltCallback                            build/debug/stm32f4xx_hal_spi.o
HAL_SPI_RxHalfCpltCallback                        build/debug/stm32f4xx_hal_spi.o
HAL_SPI_Transmit                                  build/debug/stm32f4xx_hal_spi.o
                                                  build/debug/user_diskio_spi.o
HAL_SPI_TransmitReceive                           build/debug/stm32f4xx_hal_spi.o
                                                  build/debug/user_diskio_spi.o
HAL_SPI_TransmitReceive_DMA                       build/debug/stm32f4xx_hal_spi.o
HAL_SPI_TransmitReceive_IT                        build/debug/stm32f4xx_hal_spi.o
HAL_SPI_Transmit_DMA                              build/debug/stm32f4xx_hal_spi.o
HAL_SPI_Transmit_IT                               build/debug/stm32f4xx_hal_spi.o
HAL_SPI_TxCpltCallback                            build/debug/stm32f4xx_hal_spi.o
HAL_SPI_TxHalfCpltCallback                        build/debug/stm32f4xx_hal_spi.o
HAL_SPI_TxRxCpltCallback                          build/debug/stm32f4xx_hal_spi.o
HAL_SPI_TxRxHalfCpltCallback                      build/debug/stm32f4xx_hal_spi.o
HAL_SYSTICK_CLKSourceConfig                       build/debug/stm32f4xx_hal_cortex.o
HAL_SYSTICK_Callback                              build/debug/stm32f4xx_hal_cortex.o
HAL_SYSTICK_Config                                build/debug/stm32f4xx_hal_cortex.o
                                                  build/debug/stm32f4xx_hal.o
HAL_SYSTICK_IRQHandler                            build/debug/stm32f4xx_hal_cortex.o
HAL_SetTickFreq                                   build/debug/stm32f4xx_hal.o
HAL_SuspendTick                                   build/debug/stm32f4xx_hal.o
HAL_TIMEx_BreakCallback                           build/debug/stm32f4xx_hal_tim_ex.o
                                                  build/debug/stm32f4xx_hal_tim.o
HAL_TIMEx_CommutCallback                          build/debug/stm32f4xx_hal_tim_ex.o
                                                  build/debug/stm32f4xx_hal_tim.o
HAL_TIMEx_CommutHalfCpltCallback                  build/debug/stm32f4xx_hal_tim_ex.o
HAL_TIMEx_ConfigBreakDeadTime                     build/debug/stm32f4xx_hal_tim_ex.o
HAL_TIMEx_ConfigCommutEvent                       build/debug/stm32f4xx_hal_tim_ex.o
HAL_TIMEx_ConfigCommutEvent_DMA                   build/debug/stm32f4xx_hal_tim_ex.o
HAL_TIMEx_ConfigCommutEvent_IT                    build/debug/stm32f4xx_hal_tim_ex.o
HAL_TIMEx_GetChannelNState                        build/debug/stm32f4xx_hal_tim_ex.o
HAL_TIMEx_HallSensor_DeInit                       build/debug/stm32f4xx_hal_tim_ex.o
HAL_TIMEx_HallSensor_GetState                     build/debug/stm32f4xx_hal_tim_ex.o
HAL_TIMEx_HallSensor_Init                         build/debug/stm32f4xx_hal_tim_ex.o
HAL_TIMEx_HallSensor_MspDeInit                    build/debug/stm32f4xx_hal_tim_ex.o
HAL_TIMEx_HallSensor_MspInit                      build/debug/stm32f4xx_hal_tim_ex.o
HAL_TIMEx_HallSensor_Start                        build/debug/stm32f4xx_hal_tim_ex.o
HAL_TIMEx_HallSensor_Start_DMA                    build/debug/stm32f4xx_hal_tim_ex.o
HAL_TIMEx_HallSensor_Start_IT                     build/debug/stm32f4xx_hal_tim_ex.o
HAL_TIMEx_HallSensor_Stop                         build/debug/stm32f4xx_hal_tim_ex.o
HAL_TIMEx_HallSensor_Stop_DMA                     build/debug/stm32f4xx_hal_tim_ex.o
HAL_TIMEx_HallSensor_Stop_IT                      build/debug/stm32f4xx_hal_tim_ex.o
HAL_TIMEx_MasterConfigSynchronization             build/debug/stm32f4xx_hal_tim_ex.o
HAL_TIMEx_OCN_Start                               build/debug/stm32f4xx_hal_tim_ex.o
HAL_TIMEx_OCN_Start_DMA                           build/debug/stm32f4xx_hal_tim_ex.o
HAL_TIMEx_OCN_Start_IT                            build/debug/stm32f4xx_hal_tim_ex.o
HAL_TIMEx_OCN_Stop                                build/debug/stm32f4xx_hal_tim_ex.o
HAL_TIMEx_OCN_Stop_DMA                            build/debug/stm32f4xx_hal_tim_ex.o
HAL_TIMEx_OCN_Stop_IT                             build/debug/stm32f4xx_hal_tim_ex.o
HAL_TIMEx_OnePulseN_Start                         build/debug/stm32f4xx_hal_tim_ex.o
HAL_TIMEx_OnePulseN_Start_IT                      build/debug/stm32f4xx_hal_tim_ex.o
HAL_TIMEx_OnePulseN_Stop                          build/debug/stm32f4xx_hal_tim_ex.o
HAL_TIMEx_OnePulseN_Stop_IT                       build/debug/stm32f4xx_hal_tim_ex.o
HAL_TIMEx_PWMN_Start                              build/debug/stm32f4xx_hal_tim_ex.o
HAL_TIMEx_PWMN_Start_DMA                          build/debug/stm32f4xx_hal_tim_ex.o
HAL_TIMEx_PWMN_Start_IT                           build/debug/stm32f4xx_hal_tim_ex.o
HAL_TIMEx_PWMN_Stop                               build/debug/stm32f4xx_hal_tim_ex.o
HAL_TIMEx_PWMN_Stop_DMA                           build/debug/stm32f4xx_hal_tim_ex.o
HAL_TIMEx_PWMN_Stop_IT                            build/debug/stm32f4xx_hal_tim_ex.o
HAL_TIMEx_RemapConfig                             build/debug/stm32f4xx_hal_tim_ex.o
HAL_TIM_Base_DeInit                               build/debug/stm32f4xx_hal_tim.o
HAL_TIM_Base_GetState                             build/debug/stm32f4xx_hal_tim.o
HAL_TIM_Base_Init                                 build/debug/stm32f4xx_hal_tim.o
                                                  build/debug/main.o
HAL_TIM_Base_MspDeInit                            build/debug/stm32f4xx_hal_msp.o
HAL_TIM_Base_MspInit                              build/debug/stm32f4xx_hal_msp.o
HAL_TIM_Base_Start                                build/debug/stm32f4xx_hal_tim.o
HAL_TIM_Base_Start_DMA                            build/debug/stm32f4xx_hal_tim.o
HAL_TIM_Base_Start_IT                             build/debug/stm32f4xx_hal_tim.o
                                                  build/debug/main.o
HAL_TIM_Base_Stop                                 build/debug/stm32f4xx_hal_tim.o
HAL_TIM_Base_Stop_DMA                             build/debug/stm32f4xx_hal_tim.o
HAL_TIM_Base_Stop_IT                              build/debug/stm32f4xx_hal_tim.o
HAL_TIM_ConfigClockSource                         build/debug/stm32f4xx_hal_tim.o
HAL_TIM_ConfigOCrefClear                          build/debug/stm32f4xx_hal_tim.o
HAL_TIM_ConfigTI1Input                            build/debug/stm32f4xx_hal_tim.o
HAL_TIM_DMABurstState                             build/debug/stm32f4xx_hal_tim.o
HAL_TIM_DMABurst_MultiReadStart                   build/debug/stm32f4xx_hal_tim.o
HAL_TIM_DMABurst_MultiWriteStart                  build/debug/stm32f4xx_hal_tim.o
HAL_TIM_DMABurst_ReadStart                        build/debug/stm32f4xx_hal_tim.o
HAL_TIM_DMABurst_ReadStop                         build/debug/stm32f4xx_hal_tim.o
HAL_TIM_DMABurst_WriteStart                       build/debug/stm32f4xx_hal_tim.o
HAL_TIM_DMABurst_WriteStop                        build/debug/stm32f4xx_hal_tim.o
HAL_TIM_Encoder_DeInit                            build/debug/stm32f4xx_hal_tim.o